Archive member included to satisfy reference by file (symbol)

C:/Users/janeg/.pico-sdk/toolchain/14_2_Rel1/bin/../lib/gcc/arm-none-eabi/14.2.1/thumb/v8-m.main+fp/softfp\libm.a(libm_a-wf_sqrt.o)
                              control-system/CMakeFiles/control_system.dir/C_/Users/janeg/.pico-sdk/sdk/2.2.0/src/rp2_common/pico_float/float_math.c.obj (sqrtf)
C:/Users/janeg/.pico-sdk/toolchain/14_2_Rel1/bin/../lib/gcc/arm-none-eabi/14.2.1/thumb/v8-m.main+fp/softfp\libm.a(libm_a-ef_sqrt.o)
                              C:/Users/janeg/.pico-sdk/toolchain/14_2_Rel1/bin/../lib/gcc/arm-none-eabi/14.2.1/thumb/v8-m.main+fp/softfp\libm.a(libm_a-wf_sqrt.o) (__ieee754_sqrtf)
C:/Users/janeg/.pico-sdk/toolchain/14_2_Rel1/bin/../lib/gcc/arm-none-eabi/14.2.1/thumb/v8-m.main+fp/softfp\libgcc.a(_arm_addsubdf3.o)
                              control-system/CMakeFiles/control_system.dir/C_/Users/janeg/.pico-sdk/sdk/2.2.0/src/rp2_common/pico_float/float_math.c.obj (__aeabi_f2d)
C:/Users/janeg/.pico-sdk/toolchain/14_2_Rel1/bin/../lib/gcc/arm-none-eabi/14.2.1/thumb/v8-m.main+fp/softfp\libgcc.a(_aeabi_ldivmod.o)
                              control-system/CMakeFiles/control_system.dir/control-system.c.obj (__aeabi_ldivmod)
C:/Users/janeg/.pico-sdk/toolchain/14_2_Rel1/bin/../lib/gcc/arm-none-eabi/14.2.1/thumb/v8-m.main+fp/softfp\libgcc.a(_aeabi_uldivmod.o)
                              control-system/CMakeFiles/control_system.dir/C_/Users/janeg/.pico-sdk/sdk/2.2.0/src/rp2_common/hardware_clocks/clocks.c.obj (__aeabi_uldivmod)
C:/Users/janeg/.pico-sdk/toolchain/14_2_Rel1/bin/../lib/gcc/arm-none-eabi/14.2.1/thumb/v8-m.main+fp/softfp\libgcc.a(_udivmoddi4.o)
                              C:/Users/janeg/.pico-sdk/toolchain/14_2_Rel1/bin/../lib/gcc/arm-none-eabi/14.2.1/thumb/v8-m.main+fp/softfp\libgcc.a(_aeabi_ldivmod.o) (__udivmoddi4)
C:/Users/janeg/.pico-sdk/toolchain/14_2_Rel1/bin/../lib/gcc/arm-none-eabi/14.2.1/thumb/v8-m.main+fp/softfp\libgcc.a(_dvmd_tls.o)
                              C:/Users/janeg/.pico-sdk/toolchain/14_2_Rel1/bin/../lib/gcc/arm-none-eabi/14.2.1/thumb/v8-m.main+fp/softfp\libgcc.a(_aeabi_ldivmod.o) (__aeabi_ldiv0)
C:/Users/janeg/.pico-sdk/toolchain/14_2_Rel1/bin/../lib/gcc/arm-none-eabi/14.2.1/thumb/v8-m.main+fp/softfp\libg.a(libc_a-calloc.o)
                              control-system/CMakeFiles/control_system.dir/C_/Users/janeg/.pico-sdk/sdk/2.2.0/src/rp2_common/pico_malloc/malloc.c.obj (calloc)
C:/Users/janeg/.pico-sdk/toolchain/14_2_Rel1/bin/../lib/gcc/arm-none-eabi/14.2.1/thumb/v8-m.main+fp/softfp\libg.a(libc_a-callocr.o)
                              C:/Users/janeg/.pico-sdk/toolchain/14_2_Rel1/bin/../lib/gcc/arm-none-eabi/14.2.1/thumb/v8-m.main+fp/softfp\libg.a(libc_a-calloc.o) (_calloc_r)
C:/Users/janeg/.pico-sdk/toolchain/14_2_Rel1/bin/../lib/gcc/arm-none-eabi/14.2.1/thumb/v8-m.main+fp/softfp\libg.a(libc_a-malloc.o)
                              control-system/CMakeFiles/control_system.dir/C_/Users/janeg/.pico-sdk/sdk/2.2.0/src/rp2_common/pico_malloc/malloc.c.obj (malloc)
C:/Users/janeg/.pico-sdk/toolchain/14_2_Rel1/bin/../lib/gcc/arm-none-eabi/14.2.1/thumb/v8-m.main+fp/softfp\libg.a(libc_a-mallocr.o)
                              C:/Users/janeg/.pico-sdk/toolchain/14_2_Rel1/bin/../lib/gcc/arm-none-eabi/14.2.1/thumb/v8-m.main+fp/softfp\libg.a(libc_a-callocr.o) (_malloc_r)
C:/Users/janeg/.pico-sdk/toolchain/14_2_Rel1/bin/../lib/gcc/arm-none-eabi/14.2.1/thumb/v8-m.main+fp/softfp\libg.a(libc_a-mlock.o)
                              C:/Users/janeg/.pico-sdk/toolchain/14_2_Rel1/bin/../lib/gcc/arm-none-eabi/14.2.1/thumb/v8-m.main+fp/softfp\libg.a(libc_a-mallocr.o) (__malloc_lock)
C:/Users/janeg/.pico-sdk/toolchain/14_2_Rel1/bin/../lib/gcc/arm-none-eabi/14.2.1/thumb/v8-m.main+fp/softfp\libg.a(libc_a-realloc.o)
                              control-system/CMakeFiles/control_system.dir/C_/Users/janeg/.pico-sdk/sdk/2.2.0/src/rp2_common/pico_malloc/malloc.c.obj (realloc)
C:/Users/janeg/.pico-sdk/toolchain/14_2_Rel1/bin/../lib/gcc/arm-none-eabi/14.2.1/thumb/v8-m.main+fp/softfp\libg.a(libc_a-reallocr.o)
                              C:/Users/janeg/.pico-sdk/toolchain/14_2_Rel1/bin/../lib/gcc/arm-none-eabi/14.2.1/thumb/v8-m.main+fp/softfp\libg.a(libc_a-realloc.o) (_realloc_r)
C:/Users/janeg/.pico-sdk/toolchain/14_2_Rel1/bin/../lib/gcc/arm-none-eabi/14.2.1/thumb/v8-m.main+fp/softfp\libg.a(libc_a-ctype_.o)
                              control-system/CMakeFiles/control_system.dir/C_/Users/janeg/.pico-sdk/sdk/2.2.0/lib/tinyusb/src/tusb.c.obj (_ctype_)
C:/Users/janeg/.pico-sdk/toolchain/14_2_Rel1/bin/../lib/gcc/arm-none-eabi/14.2.1/thumb/v8-m.main+fp/softfp\libg.a(libc_a-memcmp.o)
                              control-system/CMakeFiles/control_system.dir/control-system.c.obj (memcmp)
C:/Users/janeg/.pico-sdk/toolchain/14_2_Rel1/bin/../lib/gcc/arm-none-eabi/14.2.1/thumb/v8-m.main+fp/softfp\libg.a(libc_a-memmove.o)
[...]
Memory Configuration

Name             Origin             Length             Attributes
FLASH            0x10000000         0x00400000         xr
RAM              0x20000000         0x00080000         xrw
SCRATCH_X        0x20080000         0x00001000         xrw
SCRATCH_Y        0x20081000         0x00001000         xrw
*default*        0x00000000         0xffffffff

Linker script and memory map

LOAD C:/Users/janeg/.pico-sdk/toolchain/14_2_Rel1/bin/../lib/gcc/arm-none-eabi/14.2.1/thumb/v8-m.main+fp/softfp/crti.o
LOAD C:/Users/janeg/.pico-sdk/toolchain/14_2_Rel1/bin/../lib/gcc/arm-none-eabi/14.2.1/thumb/v8-m.main+fp/softfp/crtbegin.o
LOAD C:/Users/janeg/.pico-sdk/toolchain/14_2_Rel1/bin/../lib/gcc/arm-none-eabi/14.2.1/thumb/v8-m.main+fp/softfp/crt0.o

.flash_begin    0x10000000        0x0
                0x10000000                        __flash_binary_start = .

.text           0x10000000     0xc908
                0x10000000                        __logical_binary_start = .
 *(.vectors)
 .vectors       0x10000000      0x124 control-system/CMakeFiles/control_system.dir/C_/Users/janeg/.pico-sdk/sdk/2.2.0/src/rp2_common/pico_crt0/crt0.S.obj
                0x10000000                __VECTOR_TABLE
                0x10000000                __vectors
                0x10000110                __unhandled_user_irq
                0x10000110                isr_irq49
                0x10000110                isr_irq13
                0x10000110                isr_irq43
                0x10000110                isr_irq45
                0x10000110                isr_irq27
                0x10000110                isr_irq32
                0x10000110                isr_irq31
                0x10000110                isr_irq12
                0x10000110                isr_irq5
                0x10000110                isr_irq11
                0x10000110                isr_irq3
                0x10000110                isr_irq23
                0x10000110                isr_usagefault
                0x10000110                isr_irq48
                0x10000110                isr_irq30
                0x10000110                isr_irq18
                0x10000110                isr_irq50
                0x10000110                isr_irq33
                0x10000110                isr_irq40
                0x10000110                isr_irq28
                0x10000110                isr_irq19
                0x10000110                isr_irq36
                0x10000110                isr_irq41
                0x10000110                isr_irq0
                0x10000110                isr_irq6
                0x10000110                isr_irq26
                0x10000110                isr_irq29
                0x10000110                isr_memmanage
                0x10000110                isr_irq37
                0x10000110                isr_irq42
                0x10000110                isr_irq22
                0x10000110                isr_irq35
                0x10000110                isr_irq17
                0x10000110                isr_irq38
                0x10000110                isr_irq14
                0x10000110                __vectors_end
                0x10000110                __default_isrs_start
                0x10000110                isr_irq2
                0x10000110                isr_irq10
                0x10000110                isr_irq8
                0x10000110                isr_debugmonitor
                0x10000110                isr_irq24
                0x10000110                isr_irq46
                0x10000110                isr_irq1
                0x10000110                isr_irq47
                0x10000110                isr_irq51
                0x10000110                isr_irq7
                0x10000110                isr_irq21
                0x10000110                isr_irq39
                0x10000110                isr_irq20
                0x10000110                isr_irq15
                0x10000110                isr_irq25
                0x10000110                isr_irq34
                0x10000110                isr_irq44
                0x10000110                isr_securefault
                0x10000110                isr_irq4
                0x10000110                isr_busfault
                0x10000110                isr_irq16
                0x10000110                isr_irq9
                0x10000116                unhandled_user_irq_num_in_r0
                0x10000118                isr_invalid
                0x1000011a                isr_nmi
                0x1000011c                isr_hardfault
                0x1000011e                isr_svcall
                0x10000120                isr_pendsv
                0x10000122                isr_systick
                0x10000124                __default_isrs_end
 *(.binary_info_header)
 .binary_info_header
                0x10000124       0x14 control-system/CMakeFiles/control_system.dir/C_/Users/janeg/.pico-sdk/sdk/2.2.0/src/rp2_common/pico_crt0/crt0.S.obj
                0x10000138                        __binary_info_header_end = .
 *(.embedded_block)
 .embedded_block
                0x10000138       0x14 control-system/CMakeFiles/control_system.dir/C_/Users/janeg/.pico-sdk/sdk/2.2.0/src/rp2_common/pico_crt0/crt0.S.obj
                0x1000014c                        __embedded_block_end = .
 *(.reset)
 .reset         0x1000014c       0x98 control-system/CMakeFiles/control_system.dir/C_/Users/janeg/.pico-sdk/sdk/2.2.0/src/rp2_common/pico_crt0/crt0.S.obj
                0x1000014c                _entry_point
 *(.init)
 .init          0x100001e4        0x4 C:/Users/janeg/.pico-sdk/toolchain/14_2_Rel1/bin/../lib/gcc/arm-none-eabi/14.2.1/thumb/v8-m.main+fp/softfp/crti.o
                0x100001e4                _init
 SORT_BY_NAME(REVERSE(*libgcc.a:cmse_nonsecure_call.o))()
 *(EXCLUDE_FILE(*libm.a: *libc.a:*lib_a-mem*.o *libgcc.a:) .text*)
 .text.register_tm_clones
                0x100001e8       0x28 C:/Users/janeg/.pico-sdk/toolchain/14_2_Rel1/bin/../lib/gcc/arm-none-eabi/14.2.1/thumb/v8-m.main+fp/softfp/crtbegin.o
 .text.frame_dummy
                0x10000210       0x24 C:/Users/janeg/.pico-sdk/toolchain/14_2_Rel1/bin/../lib/gcc/arm-none-eabi/14.2.1/thumb/v8-m.main+fp/softfp/crtbegin.o
 .text.ext_led_update_relay_indicator
                0x10000234       0x14 control-system/CMakeFiles/control_system.dir/control-system.c.obj
 .text.ext_led_sync_relays
                0x10000248       0x1c control-system/CMakeFiles/control_system.dir/control-system.c.obj
 .text.reset_button_is_pressed
                0x10000264       0x12 control-system/CMakeFiles/control_system.dir/control-system.c.obj
 .text.relay_state_calculate_checksum
                0x10000276       0x14 control-system/CMakeFiles/control_system.dir/control-system.c.obj
 *fill*         0x1000028a        0x2 
 .text.relay_state_load_from_flash
                0x1000028c       0x88 control-system/CMakeFiles/control_system.dir/control-system.c.obj
 .text.relay_state_save_to_flash
                0x10000314       0xbc control-system/CMakeFiles/control_system.dir/control-system.c.obj
 .text.relay_apply
                0x100003d0       0x30 control-system/CMakeFiles/control_system.dir/control-system.c.obj
 .text.relay_toggle
                0x10000400       0x1c control-system/CMakeFiles/control_system.dir/control-system.c.obj
 .text.relay_all_toggle
                0x1000041c       0x14 control-system/CMakeFiles/control_system.dir/control-system.c.obj
 .text.relay_all_apply
                0x10000430       0x18 control-system/CMakeFiles/control_system.dir/control-system.c.obj
 .text.status_led1_set_mode
                0x10000448       0x54 control-system/CMakeFiles/control_system.dir/control-system.c.obj
 .text.status_led1_update
                0x1000049c       0x94 control-system/CMakeFiles/control_system.dir/control-system.c.obj
 .text.ext_led_boot_sequence
                0x10000530       0x40 control-system/CMakeFiles/control_system.dir/control-system.c.obj
 .text.relay_hw_init
                0x10000570       0x3c control-system/CMakeFiles/control_system.dir/control-system.c.obj
 .text.ext_leds_init
                0x100005ac       0x34 control-system/CMakeFiles/control_system.dir/control-system.c.obj
 .text.repeating_timer_callback
                0x100005e0       0x30 control-system/CMakeFiles/control_system.dir/control-system.c.obj
 .text.set_unique_mac
                0x10000610       0x32 control-system/CMakeFiles/control_system.dir/control-system.c.obj
 .text.switch_init
                0x10000642       0x18 control-system/CMakeFiles/control_system.dir/control-system.c.obj
 .text.reset_button_init
                0x1000065a       0x18 control-system/CMakeFiles/control_system.dir/control-system.c.obj
 *fill*         0x10000672        0x2 
 .text.wizchip_dhcp_conflict
                0x10000674       0x10 control-system/CMakeFiles/control_system.dir/control-system.c.obj
 .text.reset_button_tick
                0x10000684       0xc0 control-system/CMakeFiles/control_system.dir/control-system.c.obj
 .text.wizchip_dhcp_init
                0x10000744       0x2c control-system/CMakeFiles/control_system.dir/control-system.c.obj
 .text.wizchip_dhcp_assign
                0x10000770       0x74 control-system/CMakeFiles/control_system.dir/control-system.c.obj
 .text.ping_monitor_reset
                0x100007e4       0x28 control-system/CMakeFiles/control_system.dir/control-system.c.obj
 .text.ping_socket_ensure_open
                0x1000080c       0x30 control-system/CMakeFiles/control_system.dir/control-system.c.obj
 .text.ping_consume_reply_from
                0x1000083c       0xdc control-system/CMakeFiles/control_system.dir/control-system.c.obj
 .text.connectivity_monitors_tick
                0x10000918      0x430 control-system/CMakeFiles/control_system.dir/control-system.c.obj
 .text.start_http_once
                0x10000d48       0x60 control-system/CMakeFiles/control_system.dir/control-system.c.obj
 .text.control_system_http_handle
                0x10000da8      0x528 control-system/CMakeFiles/control_system.dir/control-system.c.obj
                0x10000da8                control_system_http_handle
 .text.main     0x100012d0      0x15c control-system/CMakeFiles/control_system.dir/control-system.c.obj
                0x100012d0                main
 .text.gpio_set_function
                0x1000142c       0x38 control-system/CMakeFiles/control_system.dir/C_/Users/janeg/.pico-sdk/sdk/2.2.0/src/rp2_common/hardware_gpio/gpio.c.obj
                0x1000142c                gpio_set_function
 .text.gpio_set_pulls
                0x10001464       0x38 control-system/CMakeFiles/control_system.dir/C_/Users/janeg/.pico-sdk/sdk/2.2.0/src/rp2_common/hardware_gpio/gpio.c.obj
                0x10001464                gpio_set_pulls
 .text.gpio_init
                0x1000149c       0x16 control-system/CMakeFiles/control_system.dir/C_/Users/janeg/.pico-sdk/sdk/2.2.0/src/rp2_common/hardware_gpio/gpio.c.obj
                0x1000149c                gpio_init
 *fill*         0x100014b2        0x2 
 .text.panic    0x100014b4       0x30 control-system/CMakeFiles/control_system.dir/C_/Users/janeg/.pico-sdk/sdk/2.2.0/src/rp2_common/pico_platform_panic/panic.c.obj
                0x100014b4                panic
 .text.hw_claim_lock
                0x100014e4       0x24 control-system/CMakeFiles/control_system.dir/C_/Users/janeg/.pico-sdk/sdk/2.2.0/src/common/hardware_claim/claim.c.obj
                0x100014e4                hw_claim_lock
 .text.hw_claim_unlock
                0x10001508       0x14 control-system/CMakeFiles/control_system.dir/C_/Users/janeg/.pico-sdk/sdk/2.2.0/src/common/hardware_claim/claim.c.obj
                0x10001508                hw_claim_unlock
 .text.hw_claim_or_assert
                0x1000151c       0x32 control-system/CMakeFiles/control_system.dir/C_/Users/janeg/.pico-sdk/sdk/2.2.0/src/common/hardware_claim/claim.c.obj
                0x1000151c                hw_claim_or_assert
 .text.hw_claim_unused_from_range
                0x1000154e       0x4e control-system/CMakeFiles/control_system.dir/C_/Users/janeg/.pico-sdk/sdk/2.2.0/src/common/hardware_claim/claim.c.obj
                0x1000154e                hw_claim_unused_from_range
 .text.next_striped_spin_lock_num
                0x1000159c       0x1c control-system/CMakeFiles/control_system.dir/C_/Users/janeg/.pico-sdk/sdk/2.2.0/src/rp2_common/hardware_sync/sync.c.obj
                0x1000159c                next_striped_spin_lock_num
 .text.spin_lock_claim_unused
                0x100015b8       0x24 control-system/CMakeFiles/control_system.dir/C_/Users/janeg/.pico-sdk/sdk/2.2.0/src/rp2_common/hardware_sync/sync.c.obj
                0x100015b8                spin_lock_claim_unused
 .text.spinlock_set_extexclall
                0x100015dc        0xe control-system/CMakeFiles/control_system.dir/C_/Users/janeg/.pico-sdk/sdk/2.2.0/src/rp2_common/hardware_sync_spin_lock/sync_spin_lock.c.obj
 *fill*         0x100015ea        0x2 
 .text.spin_locks_reset
                0x100015ec       0x1c control-system/CMakeFiles/control_system.dir/C_/Users/janeg/.pico-sdk/sdk/2.2.0/src/rp2_common/hardware_sync_spin_lock/sync_spin_lock.c.obj
                0x100015ec                spin_locks_reset
 .text.set_raw_irq_handler_and_unlock
                0x10001608       0x24 control-system/CMakeFiles/control_system.dir/C_/Users/janeg/.pico-sdk/sdk/2.2.0/src/rp2_common/hardware_irq/irq.c.obj
 .text.nvic_ipr0
                0x1000162c        0x8 control-system/CMakeFiles/control_system.dir/C_/Users/janeg/.pico-sdk/sdk/2.2.0/src/rp2_common/hardware_irq/irq.c.obj
 .text.runtime_init_per_core_irq_priorities
                0x10001634       0x1c control-system/CMakeFiles/control_system.dir/C_/Users/janeg/.pico-sdk/sdk/2.2.0/src/rp2_common/hardware_irq/irq.c.obj
                0x10001634                runtime_init_per_core_irq_priorities
 .text.resolve_j_16
                0x10001650       0x40 control-system/CMakeFiles/control_system.dir/C_/Users/janeg/.pico-sdk/sdk/2.2.0/src/rp2_common/hardware_irq/irq.c.obj
 .text.make_j_16
                0x10001690       0x3c control-system/CMakeFiles/control_system.dir/C_/Users/janeg/.pico-sdk/sdk/2.2.0/src/rp2_common/hardware_irq/irq.c.obj
 .text.insert_bl_32
                0x100016cc       0x3c control-system/CMakeFiles/control_system.dir/C_/Users/janeg/.pico-sdk/sdk/2.2.0/src/rp2_common/hardware_irq/irq.c.obj
 .text.irq_is_enabled
                0x10001708       0x20 control-system/CMakeFiles/control_system.dir/C_/Users/janeg/.pico-sdk/sdk/2.2.0/src/rp2_common/hardware_irq/irq.c.obj
                0x10001708                irq_is_enabled
 .text.irq_set_mask_n_enabled
                0x10001728       0x20 control-system/CMakeFiles/control_system.dir/C_/Users/janeg/.pico-sdk/sdk/2.2.0/src/rp2_common/hardware_irq/irq.c.obj
                0x10001728                irq_set_mask_n_enabled
 .text.irq_set_enabled
                0x10001748       0x14 control-system/CMakeFiles/control_system.dir/C_/Users/janeg/.pico-sdk/sdk/2.2.0/src/rp2_common/hardware_irq/irq.c.obj
                0x10001748                irq_set_enabled
 .text.irq_set_pending
                0x1000175c       0x18 control-system/CMakeFiles/control_system.dir/C_/Users/janeg/.pico-sdk/sdk/2.2.0/src/rp2_common/hardware_irq/irq.c.obj
                0x1000175c                irq_set_pending
 .text.irq_get_vtable_handler
                0x10001774       0x10 control-system/CMakeFiles/control_system.dir/C_/Users/janeg/.pico-sdk/sdk/2.2.0/src/rp2_common/hardware_irq/irq.c.obj
                0x10001774                irq_get_vtable_handler
 .text.irq_has_shared_handler
                0x10001784       0x18 control-system/CMakeFiles/control_system.dir/C_/Users/janeg/.pico-sdk/sdk/2.2.0/src/rp2_common/hardware_irq/irq.c.obj
                0x10001784                irq_has_shared_handler
 .text.irq_set_exclusive_handler
                0x1000179c       0x60 control-system/CMakeFiles/control_system.dir/C_/Users/janeg/.pico-sdk/sdk/2.2.0/src/rp2_common/hardware_irq/irq.c.obj
                0x1000179c                irq_set_exclusive_handler
 .text.irq_add_shared_handler
                0x100017fc      0x234 control-system/CMakeFiles/control_system.dir/C_/Users/janeg/.pico-sdk/sdk/2.2.0/src/rp2_common/hardware_irq/irq.c.obj
                0x100017fc                irq_add_shared_handler
 .text.irq_remove_handler
                0x10001a30      0x178 control-system/CMakeFiles/control_system.dir/C_/Users/janeg/.pico-sdk/sdk/2.2.0/src/rp2_common/hardware_irq/irq.c.obj
                0x10001a30                irq_remove_handler
 .text.irq_add_tail_to_free_list
                0x10001ba8       0xf8 control-system/CMakeFiles/control_system.dir/C_/Users/janeg/.pico-sdk/sdk/2.2.0/src/rp2_common/hardware_irq/irq.c.obj
                0x10001ba8                irq_add_tail_to_free_list
 .text.user_irq_claim_unused
                0x10001ca0       0x2c control-system/CMakeFiles/control_system.dir/C_/Users/janeg/.pico-sdk/sdk/2.2.0/src/rp2_common/hardware_irq/irq.c.obj
                0x10001ca0                user_irq_claim_unused
 .text.lock_init
                0x10001ccc        0xc control-system/CMakeFiles/control_system.dir/C_/Users/janeg/.pico-sdk/sdk/2.2.0/src/common/pico_sync/lock_core.c.obj
                0x10001ccc                lock_init
 .text.mutex_init
                0x10001cd8       0x1a control-system/CMakeFiles/control_system.dir/C_/Users/janeg/.pico-sdk/sdk/2.2.0/src/common/pico_sync/mutex.c.obj
                0x10001cd8                mutex_init
 .text.recursive_mutex_init
                0x10001cf2       0x1e control-system/CMakeFiles/control_system.dir/C_/Users/janeg/.pico-sdk/sdk/2.2.0/src/common/pico_sync/mutex.c.obj
                0x10001cf2                recursive_mutex_init
 .text.runtime_init_mutex
                0x10001d10       0x4c control-system/CMakeFiles/control_system.dir/C_/Users/janeg/.pico-sdk/sdk/2.2.0/src/common/pico_sync/mutex.c.obj
                0x10001d10                runtime_init_mutex
 .text.critical_section_init_with_lock_num
                0x10001d5c       0x10 control-system/CMakeFiles/control_system.dir/C_/Users/janeg/.pico-sdk/sdk/2.2.0/src/common/pico_sync/critical_section.c.obj
                0x10001d5c                critical_section_init_with_lock_num
 .text.critical_section_init
                0x10001d6c       0x14 control-system/CMakeFiles/control_system.dir/C_/Users/janeg/.pico-sdk/sdk/2.2.0/src/common/pico_sync/critical_section.c.obj
                0x10001d6c                critical_section_init
 .text.ta_from_current_irq
                0x10001d80       0x24 control-system/CMakeFiles/control_system.dir/C_/Users/janeg/.pico-sdk/sdk/2.2.0/src/common/pico_time/time.c.obj
 .text.ta_set_timeout
                0x10001da4       0x2a control-system/CMakeFiles/control_system.dir/C_/Users/janeg/.pico-sdk/sdk/2.2.0/src/common/pico_time/time.c.obj
 .text.make_alarm_id
                0x10001dce        0x6 control-system/CMakeFiles/control_system.dir/C_/Users/janeg/.pico-sdk/sdk/2.2.0/src/common/pico_time/time.c.obj
 .text.sleep_until_callback
                0x10001dd4       0x3c control-system/CMakeFiles/control_system.dir/C_/Users/janeg/.pico-sdk/sdk/2.2.0/src/common/pico_time/time.c.obj
 .text.alarm_pool_irq_handler
                0x10001e10      0x2ec control-system/CMakeFiles/control_system.dir/C_/Users/janeg/.pico-sdk/sdk/2.2.0/src/common/pico_time/time.c.obj
 .text.ta_enable_irq_handler
                0x100020fc       0x38 control-system/CMakeFiles/control_system.dir/C_/Users/janeg/.pico-sdk/sdk/2.2.0/src/common/pico_time/time.c.obj
 .text.alarm_pool_post_alloc_init
                0x10002134       0x7c control-system/CMakeFiles/control_system.dir/C_/Users/janeg/.pico-sdk/sdk/2.2.0/src/common/pico_time/time.c.obj
 .text.alarm_pool_get_default
                0x100021b0       0x28 control-system/CMakeFiles/control_system.dir/C_/Users/janeg/.pico-sdk/sdk/2.2.0/src/common/pico_time/time.c.obj
                0x100021b0                alarm_pool_get_default
 .text.alarm_pool_add_alarm_at_force_in_context
                0x100021d8       0xc0 control-system/CMakeFiles/control_system.dir/C_/Users/janeg/.pico-sdk/sdk/2.2.0/src/common/pico_time/time.c.obj
                0x100021d8                alarm_pool_add_alarm_at_force_in_context
 .text.alarm_pool_add_alarm_at
                0x10002298       0x38 control-system/CMakeFiles/control_system.dir/C_/Users/janeg/.pico-sdk/sdk/2.2.0/src/common/pico_time/time.c.obj
                0x10002298                alarm_pool_add_alarm_at
 .text.add_alarm_at
                0x100022d0       0x26 control-system/CMakeFiles/control_system.dir/C_/Users/janeg/.pico-sdk/sdk/2.2.0/src/common/pico_time/time.c.obj
 .text.alarm_pool_cancel_alarm
                0x100022f6       0x72 control-system/CMakeFiles/control_system.dir/C_/Users/janeg/.pico-sdk/sdk/2.2.0/src/common/pico_time/time.c.obj
                0x100022f6                alarm_pool_cancel_alarm
 .text.cancel_alarm
                0x10002368       0x10 control-system/CMakeFiles/control_system.dir/C_/Users/janeg/.pico-sdk/sdk/2.2.0/src/common/pico_time/time.c.obj
 .text.alarm_pool_core_num
                0x10002378        0x4 control-system/CMakeFiles/control_system.dir/C_/Users/janeg/.pico-sdk/sdk/2.2.0/src/common/pico_time/time.c.obj
                0x10002378                alarm_pool_core_num
 .text.sleep_until
                0x1000237c       0xb4 control-system/CMakeFiles/control_system.dir/C_/Users/janeg/.pico-sdk/sdk/2.2.0/src/common/pico_time/time.c.obj
                0x1000237c                sleep_until
 .text.sleep_us
                0x10002430       0x24 control-system/CMakeFiles/control_system.dir/C_/Users/janeg/.pico-sdk/sdk/2.2.0/src/common/pico_time/time.c.obj
                0x10002430                sleep_us
 .text.sleep_ms
                0x10002454       0x28 control-system/CMakeFiles/control_system.dir/C_/Users/janeg/.pico-sdk/sdk/2.2.0/src/common/pico_time/time.c.obj
                0x10002454                sleep_ms
 .text.best_effort_wfe_or_timeout
                0x1000247c       0xfc control-system/CMakeFiles/control_system.dir/C_/Users/janeg/.pico-sdk/sdk/2.2.0/src/common/pico_time/time.c.obj
                0x1000247c                best_effort_wfe_or_timeout
 .text.alarm_pool_add_repeating_timer_us
                0x10002578       0x6c control-system/CMakeFiles/control_system.dir/C_/Users/janeg/.pico-sdk/sdk/2.2.0/src/common/pico_time/time.c.obj
                0x10002578                alarm_pool_add_repeating_timer_us
 .text.alarm_pool_get_default_timer
                0x100025e4        0x8 control-system/CMakeFiles/control_system.dir/C_/Users/janeg/.pico-sdk/sdk/2.2.0/src/common/pico_time/time.c.obj
                0x100025e4                alarm_pool_get_default_timer
 .text.runtime_init_default_alarm_pool
                0x100025ec       0x34 control-system/CMakeFiles/control_system.dir/C_/Users/janeg/.pico-sdk/sdk/2.2.0/src/common/pico_time/time.c.obj
                0x100025ec                runtime_init_default_alarm_pool
 .text.timer_hardware_alarm_claim
                0x10002620       0x24 control-system/CMakeFiles/control_system.dir/C_/Users/janeg/.pico-sdk/sdk/2.2.0/src/rp2_common/hardware_timer/timer.c.obj
                0x10002620                timer_hardware_alarm_claim
 .text.timer_time_us_64
                0x10002644       0x10 control-system/CMakeFiles/control_system.dir/C_/Users/janeg/.pico-sdk/sdk/2.2.0/src/rp2_common/hardware_timer/timer.c.obj
                0x10002644                timer_time_us_64
 .text.timer_busy_wait_until
                0x10002654       0x1a control-system/CMakeFiles/control_system.dir/C_/Users/janeg/.pico-sdk/sdk/2.2.0/src/rp2_common/hardware_timer/timer.c.obj
                0x10002654                timer_busy_wait_until
 .text.timer_busy_wait_us
                0x1000266e       0x28 control-system/CMakeFiles/control_system.dir/C_/Users/janeg/.pico-sdk/sdk/2.2.0/src/rp2_common/hardware_timer/timer.c.obj
                0x1000266e                timer_busy_wait_us
 *fill*         0x10002696        0x2 
 .text.time_us_64
                0x10002698       0x10 control-system/CMakeFiles/control_system.dir/C_/Users/janeg/.pico-sdk/sdk/2.2.0/src/rp2_common/hardware_timer/timer.c.obj
                0x10002698                time_us_64
 .text.busy_wait_us
                0x100026a8       0x14 control-system/CMakeFiles/control_system.dir/C_/Users/janeg/.pico-sdk/sdk/2.2.0/src/rp2_common/hardware_timer/timer.c.obj
                0x100026a8                busy_wait_us
 .text.busy_wait_until
                0x100026bc       0x14 control-system/CMakeFiles/control_system.dir/C_/Users/janeg/.pico-sdk/sdk/2.2.0/src/rp2_common/hardware_timer/timer.c.obj
                0x100026bc                busy_wait_until
 .text.uart_unreset
                0x100026d0       0x2c control-system/CMakeFiles/control_system.dir/C_/Users/janeg/.pico-sdk/sdk/2.2.0/src/rp2_common/hardware_uart/uart.c.obj
 .text.uart_disable_before_lcr_write
                0x100026fc       0x40 control-system/CMakeFiles/control_system.dir/C_/Users/janeg/.pico-sdk/sdk/2.2.0/src/rp2_common/hardware_uart/uart.c.obj
 .text.uart_write_lcr_bits_masked
                0x1000273c       0x1c control-system/CMakeFiles/control_system.dir/C_/Users/janeg/.pico-sdk/sdk/2.2.0/src/rp2_common/hardware_uart/uart.c.obj
 .text.uart_set_baudrate
                0x10002758       0x52 control-system/CMakeFiles/control_system.dir/C_/Users/janeg/.pico-sdk/sdk/2.2.0/src/rp2_common/hardware_uart/uart.c.obj
                0x10002758                uart_set_baudrate
 *fill*         0x100027aa        0x2 
 .text.uart_set_translate_crlf
                0x100027ac       0x24 control-system/CMakeFiles/control_system.dir/C_/Users/janeg/.pico-sdk/sdk/2.2.0/src/rp2_common/hardware_uart/uart.c.obj
                0x100027ac                uart_set_translate_crlf
 .text.uart_init
                0x100027d0       0x5c control-system/CMakeFiles/control_system.dir/C_/Users/janeg/.pico-sdk/sdk/2.2.0/src/rp2_common/hardware_uart/uart.c.obj
                0x100027d0                uart_init
 .text.clock_configure_internal
                0x1000282c       0xb8 control-system/CMakeFiles/control_system.dir/C_/Users/janeg/.pico-sdk/sdk/2.2.0/src/rp2_common/hardware_clocks/clocks.c.obj
 .text.clock_configure_undivided
                0x100028e4       0x12 control-system/CMakeFiles/control_system.dir/C_/Users/janeg/.pico-sdk/sdk/2.2.0/src/rp2_common/hardware_clocks/clocks.c.obj
                0x100028e4                clock_configure_undivided
 *fill*         0x100028f6        0x2 
 .text.clock_get_hz
                0x100028f8        0xc control-system/CMakeFiles/control_system.dir/C_/Users/janeg/.pico-sdk/sdk/2.2.0/src/rp2_common/hardware_clocks/clocks.c.obj
                0x100028f8                clock_get_hz
 .text.pll_init
                0x10002904      0x108 control-system/CMakeFiles/control_system.dir/C_/Users/janeg/.pico-sdk/sdk/2.2.0/src/rp2_common/hardware_pll/pll.c.obj
                0x10002904                pll_init
 .text.watchdog_update
                0x10002a0c       0x14 control-system/CMakeFiles/control_system.dir/C_/Users/janeg/.pico-sdk/sdk/2.2.0/src/rp2_common/hardware_watchdog/watchdog.c.obj
                0x10002a0c                watchdog_update
 .text._watchdog_enable
                0x10002a20       0x6c control-system/CMakeFiles/control_system.dir/C_/Users/janeg/.pico-sdk/sdk/2.2.0/src/rp2_common/hardware_watchdog/watchdog.c.obj
                0x10002a20                _watchdog_enable
 .text.watchdog_reboot
                0x10002a8c       0x44 control-system/CMakeFiles/control_system.dir/C_/Users/janeg/.pico-sdk/sdk/2.2.0/src/rp2_common/hardware_watchdog/watchdog.c.obj
                0x10002a8c                watchdog_reboot
 .text.tick_start
                0x10002ad0       0x1c control-system/CMakeFiles/control_system.dir/C_/Users/janeg/.pico-sdk/sdk/2.2.0/src/rp2_common/hardware_ticks/ticks.c.obj
                0x10002ad0                tick_start
 .text.rom_reboot
                0x10002aec       0x40 control-system/CMakeFiles/control_system.dir/C_/Users/janeg/.pico-sdk/sdk/2.2.0/src/rp2_common/pico_bootrom/bootrom.c.obj
 .text.rom_func_lookup
                0x10002b2c       0x1e control-system/CMakeFiles/control_system.dir/C_/Users/janeg/.pico-sdk/sdk/2.2.0/src/rp2_common/pico_bootrom/bootrom.c.obj
                0x10002b2c                rom_func_lookup
 .text.rom_reset_usb_boot_extra
                0x10002b4a       0x20 control-system/CMakeFiles/control_system.dir/C_/Users/janeg/.pico-sdk/sdk/2.2.0/src/rp2_common/pico_bootrom/bootrom.c.obj
                0x10002b4a                rom_reset_usb_boot_extra
 *fill*         0x10002b6a        0x2 
 .text.runtime_init_bootrom_locking_enable
                0x10002b6c       0x14 control-system/CMakeFiles/control_system.dir/C_/Users/janeg/.pico-sdk/sdk/2.2.0/src/rp2_common/pico_bootrom/bootrom_lock.c.obj
                0x10002b6c                runtime_init_bootrom_locking_enable
 .text.boot_locks_reset
                0x10002b80       0x20 control-system/CMakeFiles/control_system.dir/C_/Users/janeg/.pico-sdk/sdk/2.2.0/src/rp2_common/hardware_boot_lock/boot_lock.c.obj
                0x10002b80                boot_locks_reset
 .text.runtime_init_boot_locks_reset
                0x10002ba0        0x8 control-system/CMakeFiles/control_system.dir/C_/Users/janeg/.pico-sdk/sdk/2.2.0/src/rp2_common/hardware_boot_lock/boot_lock.c.obj
                0x10002ba0                runtime_init_boot_locks_reset
 .text.xosc_init
                0x10002ba8       0x28 control-system/CMakeFiles/control_system.dir/C_/Users/janeg/.pico-sdk/sdk/2.2.0/src/rp2_common/hardware_xosc/xosc.c.obj
                0x10002ba8                xosc_init
 .text.runtime_run_initializers_from
                0x10002bd0       0x18 control-system/CMakeFiles/control_system.dir/C_/Users/janeg/.pico-sdk/sdk/2.2.0/src/rp2_common/pico_runtime/runtime.c.obj
 .text.first_per_core_initializer
                0x10002be8        0x2 control-system/CMakeFiles/control_system.dir/C_/Users/janeg/.pico-sdk/sdk/2.2.0/src/rp2_common/pico_runtime/runtime.c.obj
 *fill*         0x10002bea        0x2 
 .text.runtime_run_initializers
                0x10002bec       0x10 control-system/CMakeFiles/control_system.dir/C_/Users/janeg/.pico-sdk/sdk/2.2.0/src/rp2_common/pico_runtime/runtime.c.obj
                0x10002bec                runtime_run_initializers
 .text.runtime_init_early_resets
                0x10002bfc       0x2c control-system/CMakeFiles/control_system.dir/C_/Users/janeg/.pico-sdk/sdk/2.2.0/src/rp2_common/pico_runtime_init/runtime_init.c.obj
                0x10002bfc                runtime_init_early_resets
 .text.runtime_init_usb_power_down
                0x10002c28       0x20 control-system/CMakeFiles/control_system.dir/C_/Users/janeg/.pico-sdk/sdk/2.2.0/src/rp2_common/pico_runtime_init/runtime_init.c.obj
                0x10002c28                runtime_init_usb_power_down
 .text.runtime_init_per_core_enable_coprocessors
                0x10002c48       0x1c control-system/CMakeFiles/control_system.dir/C_/Users/janeg/.pico-sdk/sdk/2.2.0/src/rp2_common/pico_runtime_init/runtime_init.c.obj
                0x10002c48                runtime_init_per_core_enable_coprocessors
 .text.runtime_init_post_clock_resets
                0x10002c64       0x20 control-system/CMakeFiles/control_system.dir/C_/Users/janeg/.pico-sdk/sdk/2.2.0/src/rp2_common/pico_runtime_init/runtime_init.c.obj
                0x10002c64                runtime_init_post_clock_resets
 .text.runtime_init_bootrom_reset
                0x10002c84       0x12 control-system/CMakeFiles/control_system.dir/C_/Users/janeg/.pico-sdk/sdk/2.2.0/src/rp2_common/pico_runtime_init/runtime_init.c.obj
                0x10002c84                runtime_init_bootrom_reset
 .text.runtime_init_per_core_bootrom_reset
                0x10002c96       0x12 control-system/CMakeFiles/control_system.dir/C_/Users/janeg/.pico-sdk/sdk/2.2.0/src/rp2_common/pico_runtime_init/runtime_init.c.obj
                0x10002c96                runtime_init_per_core_bootrom_reset
 .text.runtime_init_spin_locks_reset
                0x10002ca8        0x8 control-system/CMakeFiles/control_system.dir/C_/Users/janeg/.pico-sdk/sdk/2.2.0/src/rp2_common/pico_runtime_init/runtime_init.c.obj
                0x10002ca8                runtime_init_spin_locks_reset
 .text.runtime_init_install_ram_vector_table
                0x10002cb0       0x48 control-system/CMakeFiles/control_system.dir/C_/Users/janeg/.pico-sdk/sdk/2.2.0/src/rp2_common/pico_runtime_init/runtime_init.c.obj
                0x10002cb0                runtime_init_install_ram_vector_table
 .text.start_all_ticks
                0x10002cf8       0x28 control-system/CMakeFiles/control_system.dir/C_/Users/janeg/.pico-sdk/sdk/2.2.0/src/rp2_common/pico_runtime_init/runtime_init_clocks.c.obj
 .text.runtime_init_clocks
                0x10002d20       0xc4 control-system/CMakeFiles/control_system.dir/C_/Users/janeg/.pico-sdk/sdk/2.2.0/src/rp2_common/pico_runtime_init/runtime_init_clocks.c.obj
                0x10002d20                runtime_init_clocks
 .text.__rp2350_dcp_engaged_state_save_restore
                0x10002de4       0x3a control-system/CMakeFiles/control_system.dir/C_/Users/janeg/.pico-sdk/sdk/2.2.0/src/rp2_common/pico_double/double_aeabi_dcp.S.obj
 *fill*         0x10002e1e        0x2 
 .text.__wrap___aeabi_dadd
                0x10002e20       0x28 control-system/CMakeFiles/control_system.dir/C_/Users/janeg/.pico-sdk/sdk/2.2.0/src/rp2_common/pico_double/double_aeabi_dcp.S.obj
                0x10002e28                __wrap___aeabi_dadd
 .text.__wrap___aeabi_dsub
                0x10002e48       0x28 control-system/CMakeFiles/control_system.dir/C_/Users/janeg/.pico-sdk/sdk/2.2.0/src/rp2_common/pico_double/double_aeabi_dcp.S.obj
                0x10002e50                __wrap___aeabi_dsub
 .text.__wrap___aeabi_dmul
                0x10002e70       0x4c control-system/CMakeFiles/control_system.dir/C_/Users/janeg/.pico-sdk/sdk/2.2.0/src/rp2_common/pico_double/double_aeabi_dcp.S.obj
                0x10002e78                __wrap___aeabi_dmul
 .text.__wrap___aeabi_ddiv
                0x10002ebc       0x9c control-system/CMakeFiles/control_system.dir/C_/Users/janeg/.pico-sdk/sdk/2.2.0/src/rp2_common/pico_double/double_aeabi_dcp.S.obj
                0x10002ec4                __wrap___aeabi_ddiv
 .text.__wrap___aeabi_i2d
                0x10002f58       0x24 control-system/CMakeFiles/control_system.dir/C_/Users/janeg/.pico-sdk/sdk/2.2.0/src/rp2_common/pico_double/double_aeabi_dcp.S.obj
                0x10002f60                int2double
                0x10002f60                __wrap___aeabi_i2d
 .text.__wrap___aeabi_ui2d
                0x10002f7c       0x24 control-system/CMakeFiles/control_system.dir/C_/Users/janeg/.pico-sdk/sdk/2.2.0/src/rp2_common/pico_double/double_aeabi_dcp.S.obj
                0x10002f84                uint2double
                0x10002f84                __wrap___aeabi_ui2d
 .text.__wrap___aeabi_d2iz
                0x10002fa0       0x24 control-system/CMakeFiles/control_system.dir/C_/Users/janeg/.pico-sdk/sdk/2.2.0/src/rp2_common/pico_double/double_aeabi_dcp.S.obj
                0x10002fa8                double2int_z
                0x10002fa8                __wrap___aeabi_d2iz
 .text.__wrap___aeabi_d2uiz
                0x10002fc4       0x24 control-system/CMakeFiles/control_system.dir/C_/Users/janeg/.pico-sdk/sdk/2.2.0/src/rp2_common/pico_double/double_aeabi_dcp.S.obj
                0x10002fcc                double2uint
                0x10002fcc                __wrap___aeabi_d2uiz
                0x10002fcc                double2uint_z
 .text.__wrap___aeabi_dcmpun
                0x10002fe8       0x24 control-system/CMakeFiles/control_system.dir/C_/Users/janeg/.pico-sdk/sdk/2.2.0/src/rp2_common/pico_double/double_aeabi_dcp.S.obj
                0x10002ff0                __wrap___aeabi_dcmpun
 .text.__wrap___aeabi_dcmplt
                0x1000300c       0x28 control-system/CMakeFiles/control_system.dir/C_/Users/janeg/.pico-sdk/sdk/2.2.0/src/rp2_common/pico_double/double_aeabi_dcp.S.obj
                0x10003014                __wrap___aeabi_dcmplt
 .text.__wrap___aeabi_dcmple
                0x10003034       0x28 control-system/CMakeFiles/control_system.dir/C_/Users/janeg/.pico-sdk/sdk/2.2.0/src/rp2_common/pico_double/double_aeabi_dcp.S.obj
                0x1000303c                __wrap___aeabi_dcmple
 .text.__wrap___aeabi_dcmpge
                0x1000305c       0x28 control-system/CMakeFiles/control_system.dir/C_/Users/janeg/.pico-sdk/sdk/2.2.0/src/rp2_common/pico_double/double_aeabi_dcp.S.obj
                0x10003064                __wrap___aeabi_dcmpge
 .text.__wrap___aeabi_dcmpgt
                0x10003084       0x28 control-system/CMakeFiles/control_system.dir/C_/Users/janeg/.pico-sdk/sdk/2.2.0/src/rp2_common/pico_double/double_aeabi_dcp.S.obj
                0x1000308c                __wrap___aeabi_dcmpgt
 .text.check_alloc
                0x100030ac       0x20 control-system/CMakeFiles/control_system.dir/C_/Users/janeg/.pico-sdk/sdk/2.2.0/src/rp2_common/pico_malloc/malloc.c.obj
 .text.__wrap_malloc
                0x100030cc       0x14 control-system/CMakeFiles/control_system.dir/C_/Users/janeg/.pico-sdk/sdk/2.2.0/src/rp2_common/pico_malloc/malloc.c.obj
                0x100030cc                __wrap_malloc
 .text._out_buffer
                0x100030e0        0x8 control-system/CMakeFiles/control_system.dir/C_/Users/janeg/.pico-sdk/sdk/2.2.0/src/rp2_common/pico_printf/printf.c.obj
 .text._out_null
                0x100030e8        0x2 control-system/CMakeFiles/control_system.dir/C_/Users/janeg/.pico-sdk/sdk/2.2.0/src/rp2_common/pico_printf/printf.c.obj
 .text._out_fct
                0x100030ea        0xe control-system/CMakeFiles/control_system.dir/C_/Users/janeg/.pico-sdk/sdk/2.2.0/src/rp2_common/pico_printf/printf.c.obj
 .text._atoi    0x100030f8       0x26 control-system/CMakeFiles/control_system.dir/C_/Users/janeg/.pico-sdk/sdk/2.2.0/src/rp2_common/pico_printf/printf.c.obj
 .text._out_rev
                0x1000311e       0x7e control-system/CMakeFiles/control_system.dir/C_/Users/janeg/.pico-sdk/sdk/2.2.0/src/rp2_common/pico_printf/printf.c.obj
 .text._ntoa_format
                0x1000319c      0x134 control-system/CMakeFiles/control_system.dir/C_/Users/janeg/.pico-sdk/sdk/2.2.0/src/rp2_common/pico_printf/printf.c.obj
 .text._ntoa_long
                0x100032d0       0x94 control-system/CMakeFiles/control_system.dir/C_/Users/janeg/.pico-sdk/sdk/2.2.0/src/rp2_common/pico_printf/printf.c.obj
 .text._ntoa_long_long
                0x10003364       0xc2 control-system/CMakeFiles/control_system.dir/C_/Users/janeg/.pico-sdk/sdk/2.2.0/src/rp2_common/pico_printf/printf.c.obj
 *fill*         0x10003426        0x2 
 .text._etoa    0x10003428      0x420 control-system/CMakeFiles/control_system.dir/C_/Users/janeg/.pico-sdk/sdk/2.2.0/src/rp2_common/pico_printf/printf.c.obj
 .text._ftoa    0x10003848      0x398 control-system/CMakeFiles/control_system.dir/C_/Users/janeg/.pico-sdk/sdk/2.2.0/src/rp2_common/pico_printf/printf.c.obj
 .text._vsnprintf
                0x10003be0      0x6d8 control-system/CMakeFiles/control_system.dir/C_/Users/janeg/.pico-sdk/sdk/2.2.0/src/rp2_common/pico_printf/printf.c.obj
 .text.__wrap_sprintf
                0x100042b8       0x2c control-system/CMakeFiles/control_system.dir/C_/Users/janeg/.pico-sdk/sdk/2.2.0/src/rp2_common/pico_printf/printf.c.obj
                0x100042b8                __wrap_sprintf
 .text.vfctprintf
                0x100042e4       0x24 control-system/CMakeFiles/control_system.dir/C_/Users/janeg/.pico-sdk/sdk/2.2.0/src/rp2_common/pico_printf/printf.c.obj
                0x100042e4                vfctprintf
 .text._exit    0x10004308        0x4 control-system/CMakeFiles/control_system.dir/C_/Users/janeg/.pico-sdk/sdk/2.2.0/src/rp2_common/pico_clib_interface/newlib_interface.c.obj
                0x10004308                _exit
 .text._sbrk    0x1000430c       0x34 control-system/CMakeFiles/control_system.dir/C_/Users/janeg/.pico-sdk/sdk/2.2.0/src/rp2_common/pico_clib_interface/newlib_interface.c.obj
                0x1000430c                _sbrk
 .text.exit     0x10004340        0x6 control-system/CMakeFiles/control_system.dir/C_/Users/janeg/.pico-sdk/sdk/2.2.0/src/rp2_common/pico_clib_interface/newlib_interface.c.obj
                0x10004340                exit
 *fill*         0x10004346        0x2 
 .text.__assert_func
                0x10004348       0x34 control-system/CMakeFiles/control_system.dir/C_/Users/janeg/.pico-sdk/sdk/2.2.0/src/rp2_common/pico_clib_interface/newlib_interface.c.obj
                0x10004348                __assert_func
 .text.runtime_init
                0x1000437c       0x2c control-system/CMakeFiles/control_system.dir/C_/Users/janeg/.pico-sdk/sdk/2.2.0/src/rp2_common/pico_clib_interface/newlib_interface.c.obj
                0x1000437c                runtime_init
 .text.stdio_out_chars_no_crlf
                0x100043a8        0xe control-system/CMakeFiles/control_system.dir/C_/Users/janeg/.pico-sdk/sdk/2.2.0/src/rp2_common/pico_stdio/stdio.c.obj
 *fill*         0x100043b6        0x2 
 .text.stdio_out_chars_crlf
                0x100043b8       0x80 control-system/CMakeFiles/control_system.dir/C_/Users/janeg/.pico-sdk/sdk/2.2.0/src/rp2_common/pico_stdio/stdio.c.obj
 .text.stdio_stack_buffer_flush
                0x10004438       0x40 control-system/CMakeFiles/control_system.dir/C_/Users/janeg/.pico-sdk/sdk/2.2.0/src/rp2_common/pico_stdio/stdio.c.obj
 .text.stdio_buffered_printer
                0x10004478       0x20 control-system/CMakeFiles/control_system.dir/C_/Users/janeg/.pico-sdk/sdk/2.2.0/src/rp2_common/pico_stdio/stdio.c.obj
 .text.stdout_serialize_begin
                0x10004498       0x2c control-system/CMakeFiles/control_system.dir/C_/Users/janeg/.pico-sdk/sdk/2.2.0/src/rp2_common/pico_stdio/stdio.c.obj
                0x10004498                stdout_serialize_begin
 .text.stdout_serialize_end
                0x100044c4       0x10 control-system/CMakeFiles/control_system.dir/C_/Users/janeg/.pico-sdk/sdk/2.2.0/src/rp2_common/pico_stdio/stdio.c.obj
                0x100044c4                stdout_serialize_end
 .text.stdio_put_string
                0x100044d4       0x8c control-system/CMakeFiles/control_system.dir/C_/Users/janeg/.pico-sdk/sdk/2.2.0/src/rp2_common/pico_stdio/stdio.c.obj
                0x100044d4                stdio_put_string
 .text.stdio_set_driver_enabled
                0x10004560       0x2c control-system/CMakeFiles/control_system.dir/C_/Users/janeg/.pico-sdk/sdk/2.2.0/src/rp2_common/pico_stdio/stdio.c.obj
                0x10004560                stdio_set_driver_enabled
 .text.stdio_flush
                0x1000458c       0x1c control-system/CMakeFiles/control_system.dir/C_/Users/janeg/.pico-sdk/sdk/2.2.0/src/rp2_common/pico_stdio/stdio.c.obj
                0x1000458c                stdio_flush
 .text.stdio_init_all
                0x100045a8        0xe control-system/CMakeFiles/control_system.dir/C_/Users/janeg/.pico-sdk/sdk/2.2.0/src/rp2_common/pico_stdio/stdio.c.obj
                0x100045a8                stdio_init_all
 .text.__wrap_puts
                0x100045b6       0x1e control-system/CMakeFiles/control_system.dir/C_/Users/janeg/.pico-sdk/sdk/2.2.0/src/rp2_common/pico_stdio/stdio.c.obj
                0x100045b6                stdio_puts
                0x100045b6                __wrap_puts
 .text.__wrap_vprintf
                0x100045d4       0x40 control-system/CMakeFiles/control_system.dir/C_/Users/janeg/.pico-sdk/sdk/2.2.0/src/rp2_common/pico_stdio/stdio.c.obj
                0x100045d4                stdio_vprintf
                0x100045d4                __wrap_vprintf
 .text.__wrap_printf
                0x10004614       0x1c control-system/CMakeFiles/control_system.dir/C_/Users/janeg/.pico-sdk/sdk/2.2.0/src/rp2_common/pico_stdio/stdio.c.obj
                0x10004614                __wrap_printf
                0x10004614                stdio_printf
 .text.uart_putc
                0x10004630       0x70 control-system/CMakeFiles/control_system.dir/C_/Users/janeg/.pico-sdk/sdk/2.2.0/src/rp2_common/pico_stdio_uart/stdio_uart.c.obj
 .text.uart_getc
                0x100046a0       0x30 control-system/CMakeFiles/control_system.dir/C_/Users/janeg/.pico-sdk/sdk/2.2.0/src/rp2_common/pico_stdio_uart/stdio_uart.c.obj
 .text.stdio_uart_out_chars
                0x100046d0       0x20 control-system/CMakeFiles/control_system.dir/C_/Users/janeg/.pico-sdk/sdk/2.2.0/src/rp2_common/pico_stdio_uart/stdio_uart.c.obj
 .text.stdio_uart_in_chars
                0x100046f0       0x54 control-system/CMakeFiles/control_system.dir/C_/Users/janeg/.pico-sdk/sdk/2.2.0/src/rp2_common/pico_stdio_uart/stdio_uart.c.obj
                0x100046f0                stdio_uart_in_chars
 .text.on_uart_rx
                0x10004744       0x24 control-system/CMakeFiles/control_system.dir/C_/Users/janeg/.pico-sdk/sdk/2.2.0/src/rp2_common/pico_stdio_uart/stdio_uart.c.obj
 .text.stdio_uart_out_flush
                0x10004768       0x14 control-system/CMakeFiles/control_system.dir/C_/Users/janeg/.pico-sdk/sdk/2.2.0/src/rp2_common/pico_stdio_uart/stdio_uart.c.obj
 .text.stdio_uart_set_chars_available_callback
                0x1000477c       0x84 control-system/CMakeFiles/control_system.dir/C_/Users/janeg/.pico-sdk/sdk/2.2.0/src/rp2_common/pico_stdio_uart/stdio_uart.c.obj
 .text.stdio_uart_init_full
                0x10004800       0x50 control-system/CMakeFiles/control_system.dir/C_/Users/janeg/.pico-sdk/sdk/2.2.0/src/rp2_common/pico_stdio_uart/stdio_uart.c.obj
                0x10004800                stdio_uart_init_full
 .text.stdio_uart_init
                0x10004850       0x30 control-system/CMakeFiles/control_system.dir/C_/Users/janeg/.pico-sdk/sdk/2.2.0/src/rp2_common/pico_stdio_uart/stdio_uart.c.obj
                0x10004850                stdio_uart_init
 .text.resetd_init
                0x10004880        0x2 control-system/CMakeFiles/control_system.dir/C_/Users/janeg/.pico-sdk/sdk/2.2.0/src/rp2_common/pico_stdio_usb/reset_interface.c.obj
 *fill*         0x10004882        0x2 
 .text.resetd_reset
                0x10004884        0xc control-system/CMakeFiles/control_system.dir/C_/Users/janeg/.pico-sdk/sdk/2.2.0/src/rp2_common/pico_stdio_usb/reset_interface.c.obj
 .text.resetd_open
                0x10004890       0x34 control-system/CMakeFiles/control_system.dir/C_/Users/janeg/.pico-sdk/sdk/2.2.0/src/rp2_common/pico_stdio_usb/reset_interface.c.obj
 .text.resetd_xfer_cb
                0x100048c4        0x4 control-system/CMakeFiles/control_system.dir/C_/Users/janeg/.pico-sdk/sdk/2.2.0/src/rp2_common/pico_stdio_usb/reset_interface.c.obj
 .text.resetd_control_xfer_cb
                0x100048c8       0x54 control-system/CMakeFiles/control_system.dir/C_/Users/janeg/.pico-sdk/sdk/2.2.0/src/rp2_common/pico_stdio_usb/reset_interface.c.obj
 .text.tud_descriptor_bos_cb
                0x1000491c        0x8 control-system/CMakeFiles/control_system.dir/C_/Users/janeg/.pico-sdk/sdk/2.2.0/src/rp2_common/pico_stdio_usb/reset_interface.c.obj
                0x1000491c                tud_descriptor_bos_cb
 .text.tud_vendor_control_xfer_cb
                0x10004924       0x30 control-system/CMakeFiles/control_system.dir/C_/Users/janeg/.pico-sdk/sdk/2.2.0/src/rp2_common/pico_stdio_usb/reset_interface.c.obj
                0x10004924                tud_vendor_control_xfer_cb
 .text.usbd_app_driver_get_cb
                0x10004954        0xc control-system/CMakeFiles/control_system.dir/C_/Users/janeg/.pico-sdk/sdk/2.2.0/src/rp2_common/pico_stdio_usb/reset_interface.c.obj
                0x10004954                usbd_app_driver_get_cb
 .text.tud_cdc_line_coding_cb
                0x10004960       0x18 control-system/CMakeFiles/control_system.dir/C_/Users/janeg/.pico-sdk/sdk/2.2.0/src/rp2_common/pico_stdio_usb/reset_interface.c.obj
                0x10004960                tud_cdc_line_coding_cb
 .text.stdio_usb_set_chars_available_callback
                0x10004978       0x14 control-system/CMakeFiles/control_system.dir/C_/Users/janeg/.pico-sdk/sdk/2.2.0/src/rp2_common/pico_stdio_usb/stdio_usb.c.obj
                0x10004978                stdio_usb_set_chars_available_callback
 .text.stdio_usb_out_flush
                0x1000498c       0x48 control-system/CMakeFiles/control_system.dir/C_/Users/janeg/.pico-sdk/sdk/2.2.0/src/rp2_common/pico_stdio_usb/stdio_usb.c.obj
 .text.timer_task
                0x100049d4       0x70 control-system/CMakeFiles/control_system.dir/C_/Users/janeg/.pico-sdk/sdk/2.2.0/src/rp2_common/pico_stdio_usb/stdio_usb.c.obj
 .text.usb_irq  0x10004a44       0x10 control-system/CMakeFiles/control_system.dir/C_/Users/janeg/.pico-sdk/sdk/2.2.0/src/rp2_common/pico_stdio_usb/stdio_usb.c.obj
 .text.alarm_pool_add_alarm_in_us
                0x10004a54       0x3a control-system/CMakeFiles/control_system.dir/C_/Users/janeg/.pico-sdk/sdk/2.2.0/src/rp2_common/pico_stdio_usb/stdio_usb.c.obj
 .text.add_alarm_in_us
                0x10004a8e       0x26 control-system/CMakeFiles/control_system.dir/C_/Users/janeg/.pico-sdk/sdk/2.2.0/src/rp2_common/pico_stdio_usb/stdio_usb.c.obj
 .text.low_priority_worker_irq
                0x10004ab4       0xa8 control-system/CMakeFiles/control_system.dir/C_/Users/janeg/.pico-sdk/sdk/2.2.0/src/rp2_common/pico_stdio_usb/stdio_usb.c.obj
 .text.stdio_usb_init
                0x10004b5c       0xd4 control-system/CMakeFiles/control_system.dir/C_/Users/janeg/.pico-sdk/sdk/2.2.0/src/rp2_common/pico_stdio_usb/stdio_usb.c.obj
                0x10004b5c                stdio_usb_init
 .text.stdio_usb_connected
                0x10004c30        0xa control-system/CMakeFiles/control_system.dir/C_/Users/janeg/.pico-sdk/sdk/2.2.0/src/rp2_common/pico_stdio_usb/stdio_usb.c.obj
                0x10004c30                stdio_usb_connected
 *fill*         0x10004c3a        0x2 
 .text.stdio_usb_in_chars
                0x10004c3c       0x8c control-system/CMakeFiles/control_system.dir/C_/Users/janeg/.pico-sdk/sdk/2.2.0/src/rp2_common/pico_stdio_usb/stdio_usb.c.obj
                0x10004c3c                stdio_usb_in_chars
 .text.stdio_usb_out_chars
                0x10004cc8       0xd4 control-system/CMakeFiles/control_system.dir/C_/Users/janeg/.pico-sdk/sdk/2.2.0/src/rp2_common/pico_stdio_usb/stdio_usb.c.obj
 .text.tud_descriptor_device_cb
                0x10004d9c        0x8 control-system/CMakeFiles/control_system.dir/C_/Users/janeg/.pico-sdk/sdk/2.2.0/src/rp2_common/pico_stdio_usb/stdio_usb_descriptors.c.obj
                0x10004d9c                tud_descriptor_device_cb
 .text.tud_descriptor_configuration_cb
                0x10004da4        0x8 control-system/CMakeFiles/control_system.dir/C_/Users/janeg/.pico-sdk/sdk/2.2.0/src/rp2_common/pico_stdio_usb/stdio_usb_descriptors.c.obj
                0x10004da4                tud_descriptor_configuration_cb
 .text.tud_descriptor_string_cb
                0x10004dac       0x64 control-system/CMakeFiles/control_system.dir/C_/Users/janeg/.pico-sdk/sdk/2.2.0/src/rp2_common/pico_stdio_usb/stdio_usb_descriptors.c.obj
                0x10004dac                tud_descriptor_string_cb
 .text._retrieve_unique_id_on_boot
                0x10004e10       0x58 control-system/CMakeFiles/control_system.dir/C_/Users/janeg/.pico-sdk/sdk/2.2.0/src/rp2_common/pico_unique_id/unique_id.c.obj
 .text.pico_get_unique_board_id
                0x10004e68       0x10 control-system/CMakeFiles/control_system.dir/C_/Users/janeg/.pico-sdk/sdk/2.2.0/src/rp2_common/pico_unique_id/unique_id.c.obj
                0x10004e68                pico_get_unique_board_id
 .text.pico_get_unique_board_id_string
                0x10004e78       0x5c control-system/CMakeFiles/control_system.dir/C_/Users/janeg/.pico-sdk/sdk/2.2.0/src/rp2_common/pico_unique_id/unique_id.c.obj
                0x10004e78                pico_get_unique_board_id_string
 .text.hw_endpoint_init
                0x10004ed4       0xbc control-system/CMakeFiles/control_system.dir/C_/Users/janeg/.pico-sdk/sdk/2.2.0/lib/tinyusb/src/portable/raspberrypi/rp2040/dcd_rp2040.c.obj
 .text.hw_endpoint_alloc
                0x10004f90       0x48 control-system/CMakeFiles/control_system.dir/C_/Users/janeg/.pico-sdk/sdk/2.2.0/lib/tinyusb/src/portable/raspberrypi/rp2040/dcd_rp2040.c.obj
 .text.hw_endpoint_open
                0x10004fd8       0x44 control-system/CMakeFiles/control_system.dir/C_/Users/janeg/.pico-sdk/sdk/2.2.0/lib/tinyusb/src/portable/raspberrypi/rp2040/dcd_rp2040.c.obj
 .text.hw_endpoint_xfer
                0x1000501c       0x1c control-system/CMakeFiles/control_system.dir/C_/Users/janeg/.pico-sdk/sdk/2.2.0/lib/tinyusb/src/portable/raspberrypi/rp2040/dcd_rp2040.c.obj
 .text.dcd_int_enable
                0x10005038       0x28 control-system/CMakeFiles/control_system.dir/C_/Users/janeg/.pico-sdk/sdk/2.2.0/lib/tinyusb/src/portable/raspberrypi/rp2040/dcd_rp2040.c.obj
                0x10005038                dcd_int_enable
 .text.dcd_set_address
                0x10005060       0x2c control-system/CMakeFiles/control_system.dir/C_/Users/janeg/.pico-sdk/sdk/2.2.0/lib/tinyusb/src/portable/raspberrypi/rp2040/dcd_rp2040.c.obj
                0x10005060                dcd_set_address
 .text.dcd_connect
                0x1000508c       0x10 control-system/CMakeFiles/control_system.dir/C_/Users/janeg/.pico-sdk/sdk/2.2.0/lib/tinyusb/src/portable/raspberrypi/rp2040/dcd_rp2040.c.obj
                0x1000508c                dcd_connect
 .text.dcd_init
                0x1000509c       0x84 control-system/CMakeFiles/control_system.dir/C_/Users/janeg/.pico-sdk/sdk/2.2.0/lib/tinyusb/src/portable/raspberrypi/rp2040/dcd_rp2040.c.obj
                0x1000509c                dcd_init
 .text.dcd_sof_enable
                0x10005120       0x1c control-system/CMakeFiles/control_system.dir/C_/Users/janeg/.pico-sdk/sdk/2.2.0/lib/tinyusb/src/portable/raspberrypi/rp2040/dcd_rp2040.c.obj
                0x10005120                dcd_sof_enable
 .text.dcd_edpt0_status_complete
                0x1000513c       0x20 control-system/CMakeFiles/control_system.dir/C_/Users/janeg/.pico-sdk/sdk/2.2.0/lib/tinyusb/src/portable/raspberrypi/rp2040/dcd_rp2040.c.obj
                0x1000513c                dcd_edpt0_status_complete
 .text.dcd_edpt_open
                0x1000515c       0x22 control-system/CMakeFiles/control_system.dir/C_/Users/janeg/.pico-sdk/sdk/2.2.0/lib/tinyusb/src/portable/raspberrypi/rp2040/dcd_rp2040.c.obj
                0x1000515c                dcd_edpt_open
 .text.dcd_edpt_close_all
                0x1000517e        0x8 control-system/CMakeFiles/control_system.dir/C_/Users/janeg/.pico-sdk/sdk/2.2.0/lib/tinyusb/src/portable/raspberrypi/rp2040/dcd_rp2040.c.obj
                0x1000517e                dcd_edpt_close_all
 *fill*         0x10005186        0x2 
 .text.dcd_edpt_xfer
                0x10005188       0x2c control-system/CMakeFiles/control_system.dir/C_/Users/janeg/.pico-sdk/sdk/2.2.0/lib/tinyusb/src/portable/raspberrypi/rp2040/dcd_rp2040.c.obj
                0x10005188                dcd_edpt_xfer
 .text.dcd_edpt_stall
                0x100051b4       0x38 control-system/CMakeFiles/control_system.dir/C_/Users/janeg/.pico-sdk/sdk/2.2.0/lib/tinyusb/src/portable/raspberrypi/rp2040/dcd_rp2040.c.obj
                0x100051b4                dcd_edpt_stall
 .text.dcd_edpt_clear_stall
                0x100051ec       0x28 control-system/CMakeFiles/control_system.dir/C_/Users/janeg/.pico-sdk/sdk/2.2.0/lib/tinyusb/src/portable/raspberrypi/rp2040/dcd_rp2040.c.obj
                0x100051ec                dcd_edpt_clear_stall
 .text.unaligned_memcpy
                0x10005214       0x14 control-system/CMakeFiles/control_system.dir/C_/Users/janeg/.pico-sdk/sdk/2.2.0/lib/tinyusb/src/portable/raspberrypi/rp2040/rp2040_usb.c.obj
 .text.rp2040_usb_init
                0x10005228       0x40 control-system/CMakeFiles/control_system.dir/C_/Users/janeg/.pico-sdk/sdk/2.2.0/lib/tinyusb/src/portable/raspberrypi/rp2040/rp2040_usb.c.obj
                0x10005228                rp2040_usb_init
 .text.hw_endpoint_xfer_start
                0x10005268       0x58 control-system/CMakeFiles/control_system.dir/C_/Users/janeg/.pico-sdk/sdk/2.2.0/lib/tinyusb/src/portable/raspberrypi/rp2040/rp2040_usb.c.obj
                0x10005268                hw_endpoint_xfer_start
 .text.configuration_reset
                0x100052c0       0x90 control-system/CMakeFiles/control_system.dir/C_/Users/janeg/.pico-sdk/sdk/2.2.0/lib/tinyusb/src/device/usbd.c.obj
 .text.usbd_reset
                0x10005350        0xc control-system/CMakeFiles/control_system.dir/C_/Users/janeg/.pico-sdk/sdk/2.2.0/lib/tinyusb/src/device/usbd.c.obj
 .text.invoke_class_control
                0x1000535c       0x1a control-system/CMakeFiles/control_system.dir/C_/Users/janeg/.pico-sdk/sdk/2.2.0/lib/tinyusb/src/device/usbd.c.obj
 *fill*         0x10005376        0x2 
 .text.process_set_config
                0x10005378      0x1cc control-system/CMakeFiles/control_system.dir/C_/Users/janeg/.pico-sdk/sdk/2.2.0/lib/tinyusb/src/device/usbd.c.obj
 .text.tud_event_hook_cb
                0x10005544        0x2 control-system/CMakeFiles/control_system.dir/C_/Users/janeg/.pico-sdk/sdk/2.2.0/lib/tinyusb/src/device/usbd.c.obj
                0x10005544                tud_event_hook_cb
 .text.tud_sof_cb
                0x10005546        0x2 control-system/CMakeFiles/control_system.dir/C_/Users/janeg/.pico-sdk/sdk/2.2.0/lib/tinyusb/src/device/usbd.c.obj
                0x10005546                tud_sof_cb
 .text.tud_descriptor_device_qualifier_cb
                0x10005548        0x4 control-system/CMakeFiles/control_system.dir/C_/Users/janeg/.pico-sdk/sdk/2.2.0/lib/tinyusb/src/device/usbd.c.obj
                0x10005548                tud_descriptor_device_qualifier_cb
 .text.tud_descriptor_other_speed_configuration_cb
                0x1000554c        0x4 control-system/CMakeFiles/control_system.dir/C_/Users/janeg/.pico-sdk/sdk/2.2.0/lib/tinyusb/src/device/usbd.c.obj
                0x1000554c                tud_descriptor_other_speed_configuration_cb
 .text.process_get_descriptor
                0x10005550       0xf8 control-system/CMakeFiles/control_system.dir/C_/Users/janeg/.pico-sdk/sdk/2.2.0/lib/tinyusb/src/device/usbd.c.obj
 .text.tud_mount_cb
                0x10005648        0x2 control-system/CMakeFiles/control_system.dir/C_/Users/janeg/.pico-sdk/sdk/2.2.0/lib/tinyusb/src/device/usbd.c.obj
                0x10005648                tud_mount_cb
 .text.tud_umount_cb
                0x1000564a        0x2 control-system/CMakeFiles/control_system.dir/C_/Users/janeg/.pico-sdk/sdk/2.2.0/lib/tinyusb/src/device/usbd.c.obj
                0x1000564a                tud_umount_cb
 .text.tud_suspend_cb
                0x1000564c        0x2 control-system/CMakeFiles/control_system.dir/C_/Users/janeg/.pico-sdk/sdk/2.2.0/lib/tinyusb/src/device/usbd.c.obj
                0x1000564c                tud_suspend_cb
 .text.tud_resume_cb
                0x1000564e        0x2 control-system/CMakeFiles/control_system.dir/C_/Users/janeg/.pico-sdk/sdk/2.2.0/lib/tinyusb/src/device/usbd.c.obj
                0x1000564e                tud_resume_cb
 .text.tud_mounted
                0x10005650       0x14 control-system/CMakeFiles/control_system.dir/C_/Users/janeg/.pico-sdk/sdk/2.2.0/lib/tinyusb/src/device/usbd.c.obj
                0x10005650                tud_mounted
 .text.tud_suspended
                0x10005664       0x10 control-system/CMakeFiles/control_system.dir/C_/Users/janeg/.pico-sdk/sdk/2.2.0/lib/tinyusb/src/device/usbd.c.obj
                0x10005664                tud_suspended
 .text.tud_inited
                0x10005674       0x10 control-system/CMakeFiles/control_system.dir/C_/Users/janeg/.pico-sdk/sdk/2.2.0/lib/tinyusb/src/device/usbd.c.obj
                0x10005674                tud_inited
 .text.tud_rhport_init
                0x10005684      0x128 control-system/CMakeFiles/control_system.dir/C_/Users/janeg/.pico-sdk/sdk/2.2.0/lib/tinyusb/src/device/usbd.c.obj
                0x10005684                tud_rhport_init
 .text.usbd_edpt_open
                0x100057ac       0x7c control-system/CMakeFiles/control_system.dir/C_/Users/janeg/.pico-sdk/sdk/2.2.0/lib/tinyusb/src/device/usbd.c.obj
                0x100057ac                usbd_edpt_open
 .text.usbd_open_edpt_pair
                0x10005828       0xa4 control-system/CMakeFiles/control_system.dir/C_/Users/janeg/.pico-sdk/sdk/2.2.0/lib/tinyusb/src/device/usbd.c.obj
                0x10005828                usbd_open_edpt_pair
 .text.usbd_edpt_claim
                0x100058cc       0x28 control-system/CMakeFiles/control_system.dir/C_/Users/janeg/.pico-sdk/sdk/2.2.0/lib/tinyusb/src/device/usbd.c.obj
                0x100058cc                usbd_edpt_claim
 .text.usbd_edpt_release
                0x100058f4       0x28 control-system/CMakeFiles/control_system.dir/C_/Users/janeg/.pico-sdk/sdk/2.2.0/lib/tinyusb/src/device/usbd.c.obj
                0x100058f4                usbd_edpt_release
 .text.usbd_edpt_xfer
                0x1000591c       0x90 control-system/CMakeFiles/control_system.dir/C_/Users/janeg/.pico-sdk/sdk/2.2.0/lib/tinyusb/src/device/usbd.c.obj
                0x1000591c                usbd_edpt_xfer
 .text.usbd_edpt_stall
                0x100059ac       0x3c control-system/CMakeFiles/control_system.dir/C_/Users/janeg/.pico-sdk/sdk/2.2.0/lib/tinyusb/src/device/usbd.c.obj
                0x100059ac                usbd_edpt_stall
 .text.usbd_edpt_clear_stall
                0x100059e8       0x3c control-system/CMakeFiles/control_system.dir/C_/Users/janeg/.pico-sdk/sdk/2.2.0/lib/tinyusb/src/device/usbd.c.obj
                0x100059e8                usbd_edpt_clear_stall
 .text.usbd_edpt_stalled
                0x10005a24       0x1c control-system/CMakeFiles/control_system.dir/C_/Users/janeg/.pico-sdk/sdk/2.2.0/lib/tinyusb/src/device/usbd.c.obj
                0x10005a24                usbd_edpt_stalled
 .text.process_control_request
                0x10005a40      0x404 control-system/CMakeFiles/control_system.dir/C_/Users/janeg/.pico-sdk/sdk/2.2.0/lib/tinyusb/src/device/usbd.c.obj
 .text.tud_task_ext
                0x10005e44      0x250 control-system/CMakeFiles/control_system.dir/C_/Users/janeg/.pico-sdk/sdk/2.2.0/lib/tinyusb/src/device/usbd.c.obj
                0x10005e44                tud_task_ext
 .text.status_stage_xact
                0x10006094       0x1a control-system/CMakeFiles/control_system.dir/C_/Users/janeg/.pico-sdk/sdk/2.2.0/lib/tinyusb/src/device/usbd_control.c.obj
 *fill*         0x100060ae        0x2 
 .text.data_stage_xact
                0x100060b0       0x5c control-system/CMakeFiles/control_system.dir/C_/Users/janeg/.pico-sdk/sdk/2.2.0/lib/tinyusb/src/device/usbd_control.c.obj
 .text.tud_control_status
                0x1000610c       0x28 control-system/CMakeFiles/control_system.dir/C_/Users/janeg/.pico-sdk/sdk/2.2.0/lib/tinyusb/src/device/usbd_control.c.obj
                0x1000610c                tud_control_status
 .text.tud_control_xfer
                0x10006134       0xac control-system/CMakeFiles/control_system.dir/C_/Users/janeg/.pico-sdk/sdk/2.2.0/lib/tinyusb/src/device/usbd_control.c.obj
                0x10006134                tud_control_xfer
 .text.usbd_control_reset
                0x100061e0       0x14 control-system/CMakeFiles/control_system.dir/C_/Users/janeg/.pico-sdk/sdk/2.2.0/lib/tinyusb/src/device/usbd_control.c.obj
                0x100061e0                usbd_control_reset
 .text.usbd_control_set_complete_callback
                0x100061f4        0xc control-system/CMakeFiles/control_system.dir/C_/Users/janeg/.pico-sdk/sdk/2.2.0/lib/tinyusb/src/device/usbd_control.c.obj
                0x100061f4                usbd_control_set_complete_callback
 .text.usbd_control_set_request
                0x10006200       0x1c control-system/CMakeFiles/control_system.dir/C_/Users/janeg/.pico-sdk/sdk/2.2.0/lib/tinyusb/src/device/usbd_control.c.obj
                0x10006200                usbd_control_set_request
 .text.usbd_control_xfer_cb
                0x1000621c      0x10c control-system/CMakeFiles/control_system.dir/C_/Users/janeg/.pico-sdk/sdk/2.2.0/lib/tinyusb/src/device/usbd_control.c.obj
                0x1000621c                usbd_control_xfer_cb
 .text._prep_out_transaction
                0x10006328       0x94 control-system/CMakeFiles/control_system.dir/C_/Users/janeg/.pico-sdk/sdk/2.2.0/lib/tinyusb/src/class/cdc/cdc_device.c.obj
 .text.tud_cdc_n_connected
                0x100063bc       0x34 control-system/CMakeFiles/control_system.dir/C_/Users/janeg/.pico-sdk/sdk/2.2.0/lib/tinyusb/src/class/cdc/cdc_device.c.obj
                0x100063bc                tud_cdc_n_connected
 .text.tud_cdc_n_available
                0x100063f0       0x18 control-system/CMakeFiles/control_system.dir/C_/Users/janeg/.pico-sdk/sdk/2.2.0/lib/tinyusb/src/class/cdc/cdc_device.c.obj
                0x100063f0                tud_cdc_n_available
 .text.tud_cdc_n_read
                0x10006408       0x34 control-system/CMakeFiles/control_system.dir/C_/Users/janeg/.pico-sdk/sdk/2.2.0/lib/tinyusb/src/class/cdc/cdc_device.c.obj
                0x10006408                tud_cdc_n_read
 .text.tud_cdc_n_write_flush
                0x1000643c       0xb8 control-system/CMakeFiles/control_system.dir/C_/Users/janeg/.pico-sdk/sdk/2.2.0/lib/tinyusb/src/class/cdc/cdc_device.c.obj
                0x1000643c                tud_cdc_n_write_flush
 .text.tud_cdc_n_write
                0x100064f4       0x44 control-system/CMakeFiles/control_system.dir/C_/Users/janeg/.pico-sdk/sdk/2.2.0/lib/tinyusb/src/class/cdc/cdc_device.c.obj
                0x100064f4                tud_cdc_n_write
 .text.tud_cdc_n_write_available
                0x10006538       0x1c control-system/CMakeFiles/control_system.dir/C_/Users/janeg/.pico-sdk/sdk/2.2.0/lib/tinyusb/src/class/cdc/cdc_device.c.obj
                0x10006538                tud_cdc_n_write_available
 .text.cdcd_init
                0x10006554       0xa4 control-system/CMakeFiles/control_system.dir/C_/Users/janeg/.pico-sdk/sdk/2.2.0/lib/tinyusb/src/class/cdc/cdc_device.c.obj
                0x10006554                cdcd_init
 .text.cdcd_deinit
                0x100065f8       0x40 control-system/CMakeFiles/control_system.dir/C_/Users/janeg/.pico-sdk/sdk/2.2.0/lib/tinyusb/src/class/cdc/cdc_device.c.obj
                0x100065f8                cdcd_deinit
 .text.cdcd_reset
                0x10006638       0x78 control-system/CMakeFiles/control_system.dir/C_/Users/janeg/.pico-sdk/sdk/2.2.0/lib/tinyusb/src/class/cdc/cdc_device.c.obj
                0x10006638                cdcd_reset
 .text.cdcd_open
                0x100066b0      0x124 control-system/CMakeFiles/control_system.dir/C_/Users/janeg/.pico-sdk/sdk/2.2.0/lib/tinyusb/src/class/cdc/cdc_device.c.obj
                0x100066b0                cdcd_open
 .text.cdcd_control_xfer_cb
                0x100067d4      0x120 control-system/CMakeFiles/control_system.dir/C_/Users/janeg/.pico-sdk/sdk/2.2.0/lib/tinyusb/src/class/cdc/cdc_device.c.obj
                0x100067d4                cdcd_control_xfer_cb
 .text.cdcd_xfer_cb
                0x100068f4      0x138 control-system/CMakeFiles/control_system.dir/C_/Users/janeg/.pico-sdk/sdk/2.2.0/lib/tinyusb/src/class/cdc/cdc_device.c.obj
                0x100068f4                cdcd_xfer_cb
 .text.tud_vendor_n_mounted
                0x10006a2c       0x30 control-system/CMakeFiles/control_system.dir/C_/Users/janeg/.pico-sdk/sdk/2.2.0/lib/tinyusb/src/class/vendor/vendor_device.c.obj
                0x10006a2c                tud_vendor_n_mounted
 .text.tud_vendor_n_write_flush
                0x10006a5c       0x20 control-system/CMakeFiles/control_system.dir/C_/Users/janeg/.pico-sdk/sdk/2.2.0/lib/tinyusb/src/class/vendor/vendor_device.c.obj
                0x10006a5c                tud_vendor_n_write_flush
 .text.vendord_init
                0x10006a7c       0x90 control-system/CMakeFiles/control_system.dir/C_/Users/janeg/.pico-sdk/sdk/2.2.0/lib/tinyusb/src/class/vendor/vendor_device.c.obj
                0x10006a7c                vendord_init
 .text.vendord_deinit
                0x10006b0c       0x30 control-system/CMakeFiles/control_system.dir/C_/Users/janeg/.pico-sdk/sdk/2.2.0/lib/tinyusb/src/class/vendor/vendor_device.c.obj
                0x10006b0c                vendord_deinit
 .text.vendord_reset
                0x10006b3c       0x48 control-system/CMakeFiles/control_system.dir/C_/Users/janeg/.pico-sdk/sdk/2.2.0/lib/tinyusb/src/class/vendor/vendor_device.c.obj
                0x10006b3c                vendord_reset
 .text.vendord_open
                0x10006b84      0x144 control-system/CMakeFiles/control_system.dir/C_/Users/janeg/.pico-sdk/sdk/2.2.0/lib/tinyusb/src/class/vendor/vendor_device.c.obj
                0x10006b84                vendord_open
 .text.vendord_xfer_cb
                0x10006cc8       0xb8 control-system/CMakeFiles/control_system.dir/C_/Users/janeg/.pico-sdk/sdk/2.2.0/lib/tinyusb/src/class/vendor/vendor_device.c.obj
                0x10006cc8                vendord_xfer_cb
 .text.tusb_rhport_init
                0x10006d80       0xac control-system/CMakeFiles/control_system.dir/C_/Users/janeg/.pico-sdk/sdk/2.2.0/lib/tinyusb/src/tusb.c.obj
                0x10006d80                tusb_rhport_init
 .text.tu_edpt_claim
                0x10006e2c       0x50 control-system/CMakeFiles/control_system.dir/C_/Users/janeg/.pico-sdk/sdk/2.2.0/lib/tinyusb/src/tusb.c.obj
                0x10006e2c                tu_edpt_claim
 .text.tu_edpt_release
                0x10006e7c       0x3c control-system/CMakeFiles/control_system.dir/C_/Users/janeg/.pico-sdk/sdk/2.2.0/lib/tinyusb/src/tusb.c.obj
                0x10006e7c                tu_edpt_release
 .text.tu_edpt_validate
                0x10006eb8       0xe0 control-system/CMakeFiles/control_system.dir/C_/Users/janeg/.pico-sdk/sdk/2.2.0/lib/tinyusb/src/tusb.c.obj
                0x10006eb8                tu_edpt_validate
 .text.tu_edpt_bind_driver
                0x10006f98       0x4a control-system/CMakeFiles/control_system.dir/C_/Users/janeg/.pico-sdk/sdk/2.2.0/lib/tinyusb/src/tusb.c.obj
                0x10006f98                tu_edpt_bind_driver
 .text.tu_edpt_stream_init
                0x10006fe2       0x54 control-system/CMakeFiles/control_system.dir/C_/Users/janeg/.pico-sdk/sdk/2.2.0/lib/tinyusb/src/tusb.c.obj
                0x10006fe2                tu_edpt_stream_init
 .text.tu_edpt_stream_deinit
                0x10007036        0x4 control-system/CMakeFiles/control_system.dir/C_/Users/janeg/.pico-sdk/sdk/2.2.0/lib/tinyusb/src/tusb.c.obj
                0x10007036                tu_edpt_stream_deinit
 *fill*         0x1000703a        0x2 
 .text.tu_edpt_stream_write_zlp_if_needed
                0x1000703c       0x90 control-system/CMakeFiles/control_system.dir/C_/Users/janeg/.pico-sdk/sdk/2.2.0/lib/tinyusb/src/tusb.c.obj
                0x1000703c                tu_edpt_stream_write_zlp_if_needed
 .text.tu_edpt_stream_write_xfer
                0x100070cc       0x98 control-system/CMakeFiles/control_system.dir/C_/Users/janeg/.pico-sdk/sdk/2.2.0/lib/tinyusb/src/tusb.c.obj
                0x100070cc                tu_edpt_stream_write_xfer
 .text.tu_edpt_stream_read_xfer
                0x10007164      0x118 control-system/CMakeFiles/control_system.dir/C_/Users/janeg/.pico-sdk/sdk/2.2.0/lib/tinyusb/src/tusb.c.obj
                0x10007164                tu_edpt_stream_read_xfer
 .text.advance_index
                0x1000727c       0x1a control-system/CMakeFiles/control_system.dir/C_/Users/janeg/.pico-sdk/sdk/2.2.0/lib/tinyusb/src/common/tusb_fifo.c.obj
 .text._tu_fifo_peek
                0x10007296       0x62 control-system/CMakeFiles/control_system.dir/C_/Users/janeg/.pico-sdk/sdk/2.2.0/lib/tinyusb/src/common/tusb_fifo.c.obj
 .text._ff_pull_n
                0x100072f8       0x68 control-system/CMakeFiles/control_system.dir/C_/Users/janeg/.pico-sdk/sdk/2.2.0/lib/tinyusb/src/common/tusb_fifo.c.obj
 .text._tu_fifo_peek_n
                0x10007360       0x6a control-system/CMakeFiles/control_system.dir/C_/Users/janeg/.pico-sdk/sdk/2.2.0/lib/tinyusb/src/common/tusb_fifo.c.obj
 .text._tu_fifo_read_n
                0x100073ca       0x4c control-system/CMakeFiles/control_system.dir/C_/Users/janeg/.pico-sdk/sdk/2.2.0/lib/tinyusb/src/common/tusb_fifo.c.obj
 .text._ff_push_n
                0x10007416       0x66 control-system/CMakeFiles/control_system.dir/C_/Users/janeg/.pico-sdk/sdk/2.2.0/lib/tinyusb/src/common/tusb_fifo.c.obj
 .text._tu_fifo_write_n
                0x1000747c       0xf0 control-system/CMakeFiles/control_system.dir/C_/Users/janeg/.pico-sdk/sdk/2.2.0/lib/tinyusb/src/common/tusb_fifo.c.obj
 .text.tu_fifo_config
                0x1000756c       0x62 control-system/CMakeFiles/control_system.dir/C_/Users/janeg/.pico-sdk/sdk/2.2.0/lib/tinyusb/src/common/tusb_fifo.c.obj
                0x1000756c                tu_fifo_config
 .text.tu_fifo_count
                0x100075ce       0x28 control-system/CMakeFiles/control_system.dir/C_/Users/janeg/.pico-sdk/sdk/2.2.0/lib/tinyusb/src/common/tusb_fifo.c.obj
                0x100075ce                tu_fifo_count
 .text.tu_fifo_empty
                0x100075f6       0x12 control-system/CMakeFiles/control_system.dir/C_/Users/janeg/.pico-sdk/sdk/2.2.0/lib/tinyusb/src/common/tusb_fifo.c.obj
                0x100075f6                tu_fifo_empty
 .text.tu_fifo_full
                0x10007608       0x28 control-system/CMakeFiles/control_system.dir/C_/Users/janeg/.pico-sdk/sdk/2.2.0/lib/tinyusb/src/common/tusb_fifo.c.obj
                0x10007608                tu_fifo_full
 .text.tu_fifo_remaining
                0x10007630       0x2c control-system/CMakeFiles/control_system.dir/C_/Users/janeg/.pico-sdk/sdk/2.2.0/lib/tinyusb/src/common/tusb_fifo.c.obj
                0x10007630                tu_fifo_remaining
 .text.tu_fifo_read
                0x1000765c       0x3e control-system/CMakeFiles/control_system.dir/C_/Users/janeg/.pico-sdk/sdk/2.2.0/lib/tinyusb/src/common/tusb_fifo.c.obj
                0x1000765c                tu_fifo_read
 .text.tu_fifo_read_n
                0x1000769a        0xa control-system/CMakeFiles/control_system.dir/C_/Users/janeg/.pico-sdk/sdk/2.2.0/lib/tinyusb/src/common/tusb_fifo.c.obj
                0x1000769a                tu_fifo_read_n
 .text.tu_fifo_write
                0x100076a4       0x5e control-system/CMakeFiles/control_system.dir/C_/Users/janeg/.pico-sdk/sdk/2.2.0/lib/tinyusb/src/common/tusb_fifo.c.obj
                0x100076a4                tu_fifo_write
 .text.tu_fifo_write_n
                0x10007702        0xa control-system/CMakeFiles/control_system.dir/C_/Users/janeg/.pico-sdk/sdk/2.2.0/lib/tinyusb/src/common/tusb_fifo.c.obj
                0x10007702                tu_fifo_write_n
 .text.tu_fifo_clear
                0x1000770c       0x36 control-system/CMakeFiles/control_system.dir/C_/Users/janeg/.pico-sdk/sdk/2.2.0/lib/tinyusb/src/common/tusb_fifo.c.obj
                0x1000770c                tu_fifo_clear
 .text.tu_fifo_set_overwritable
                0x10007742       0x3a control-system/CMakeFiles/control_system.dir/C_/Users/janeg/.pico-sdk/sdk/2.2.0/lib/tinyusb/src/common/tusb_fifo.c.obj
                0x10007742                tu_fifo_set_overwritable
 .text.spi_unreset
                0x1000777c       0x2c control-system/CMakeFiles/control_system.dir/C_/Users/janeg/.pico-sdk/sdk/2.2.0/src/rp2_common/hardware_spi/spi.c.obj
 .text.spi_set_baudrate
                0x100077a8       0x7e control-system/CMakeFiles/control_system.dir/C_/Users/janeg/.pico-sdk/sdk/2.2.0/src/rp2_common/hardware_spi/spi.c.obj
                0x100077a8                spi_set_baudrate
 *fill*         0x10007826        0x2 
 .text.spi_init
                0x10007828       0x68 control-system/CMakeFiles/control_system.dir/C_/Users/janeg/.pico-sdk/sdk/2.2.0/src/rp2_common/hardware_spi/spi.c.obj
                0x10007828                spi_init
 .text.sendto_IO_6
                0x10007890      0x194 control-system/CMakeFiles/control_system.dir/__/libraries/ioLibrary_Driver/Ethernet/socket.c.obj
 .text.close    0x10007a24       0x78 control-system/CMakeFiles/control_system.dir/__/libraries/ioLibrary_Driver/Ethernet/socket.c.obj
                0x10007a24                close
 .text.socket   0x10007a9c      0x268 control-system/CMakeFiles/control_system.dir/__/libraries/ioLibrary_Driver/Ethernet/socket.c.obj
                0x10007a9c                socket
 .text.recvfrom_IO_6
                0x10007d04      0x2a4 control-system/CMakeFiles/control_system.dir/__/libraries/ioLibrary_Driver/Ethernet/socket.c.obj
 .text.listen   0x10007fa8       0x6c control-system/CMakeFiles/control_system.dir/__/libraries/ioLibrary_Driver/Ethernet/socket.c.obj
                0x10007fa8                listen
 .text.disconnect
                0x10008014       0x9c control-system/CMakeFiles/control_system.dir/__/libraries/ioLibrary_Driver/Ethernet/socket.c.obj
                0x10008014                disconnect
 .text.send     0x100080b0      0x108 control-system/CMakeFiles/control_system.dir/__/libraries/ioLibrary_Driver/Ethernet/socket.c.obj
                0x100080b0                send
 .text.recv     0x100081b8       0xd8 control-system/CMakeFiles/control_system.dir/__/libraries/ioLibrary_Driver/Ethernet/socket.c.obj
                0x100081b8                recv
 .text.sendto_W5x00
                0x10008290       0x16 control-system/CMakeFiles/control_system.dir/__/libraries/ioLibrary_Driver/Ethernet/socket.c.obj
                0x10008290                sendto_W5x00
 .text.sendto_W6x00
                0x100082a6       0x18 control-system/CMakeFiles/control_system.dir/__/libraries/ioLibrary_Driver/Ethernet/socket.c.obj
                0x100082a6                sendto_W6x00
 .text.recvfrom_W6x00
                0x100082be       0x14 control-system/CMakeFiles/control_system.dir/__/libraries/ioLibrary_Driver/Ethernet/socket.c.obj
                0x100082be                recvfrom_W6x00
 .text.wizchip_cris_enter
                0x100082d2        0x2 control-system/CMakeFiles/control_system.dir/__/libraries/ioLibrary_Driver/Ethernet/wizchip_conf.c.obj
                0x100082d2                wizchip_cris_enter
 .text.wizchip_cris_exit
                0x100082d4        0x2 control-system/CMakeFiles/control_system.dir/__/libraries/ioLibrary_Driver/Ethernet/wizchip_conf.c.obj
                0x100082d4                wizchip_cris_exit
 .text.wizchip_cs_select
                0x100082d6        0x2 control-system/CMakeFiles/control_system.dir/__/libraries/ioLibrary_Driver/Ethernet/wizchip_conf.c.obj
                0x100082d6                wizchip_cs_select
 .text.wizchip_cs_deselect
                0x100082d8        0x2 control-system/CMakeFiles/control_system.dir/__/libraries/ioLibrary_Driver/Ethernet/wizchip_conf.c.obj
                0x100082d8                wizchip_cs_deselect
 .text.wizchip_bus_readdata
                0x100082da        0x4 control-system/CMakeFiles/control_system.dir/__/libraries/ioLibrary_Driver/Ethernet/wizchip_conf.c.obj
                0x100082da                wizchip_bus_readdata
 .text.wizchip_bus_writedata
                0x100082de        0x4 control-system/CMakeFiles/control_system.dir/__/libraries/ioLibrary_Driver/Ethernet/wizchip_conf.c.obj
                0x100082de                wizchip_bus_writedata
 .text.wizchip_spi_readbyte
                0x100082e2        0x4 control-system/CMakeFiles/control_system.dir/__/libraries/ioLibrary_Driver/Ethernet/wizchip_conf.c.obj
                0x100082e2                wizchip_spi_readbyte
 .text.wizchip_spi_writebyte
                0x100082e6        0x2 control-system/CMakeFiles/control_system.dir/__/libraries/ioLibrary_Driver/Ethernet/wizchip_conf.c.obj
                0x100082e6                wizchip_spi_writebyte
 .text.wizchip_spi_readburst
                0x100082e8       0x24 control-system/CMakeFiles/control_system.dir/__/libraries/ioLibrary_Driver/Ethernet/wizchip_conf.c.obj
                0x100082e8                wizchip_spi_readburst
 .text.wizchip_spi_writeburst
                0x1000830c       0x24 control-system/CMakeFiles/control_system.dir/__/libraries/ioLibrary_Driver/Ethernet/wizchip_conf.c.obj
                0x1000830c                wizchip_spi_writeburst
 .text._spi_rbuf_u16
                0x10008330       0x14 control-system/CMakeFiles/control_system.dir/__/libraries/ioLibrary_Driver/Ethernet/wizchip_conf.c.obj
 .text._spi_wbuf_u16
                0x10008344       0x14 control-system/CMakeFiles/control_system.dir/__/libraries/ioLibrary_Driver/Ethernet/wizchip_conf.c.obj
 .text.reg_wizchip_cris_cbfunc
                0x10008358       0x24 control-system/CMakeFiles/control_system.dir/__/libraries/ioLibrary_Driver/Ethernet/wizchip_conf.c.obj
                0x10008358                reg_wizchip_cris_cbfunc
 .text.reg_wizchip_cs_cbfunc
                0x1000837c       0x24 control-system/CMakeFiles/control_system.dir/__/libraries/ioLibrary_Driver/Ethernet/wizchip_conf.c.obj
                0x1000837c                reg_wizchip_cs_cbfunc
 .text.reg_wizchip_spi_cbfunc
                0x100083a0       0x7c control-system/CMakeFiles/control_system.dir/__/libraries/ioLibrary_Driver/Ethernet/wizchip_conf.c.obj
                0x100083a0                reg_wizchip_spi_cbfunc
 .text.wizchip_sw_reset
                0x1000841c      0x13c control-system/CMakeFiles/control_system.dir/__/libraries/ioLibrary_Driver/Ethernet/wizchip_conf.c.obj
                0x1000841c                wizchip_sw_reset
 .text.wizchip_init
                0x10008558       0x8a control-system/CMakeFiles/control_system.dir/__/libraries/ioLibrary_Driver/Ethernet/wizchip_conf.c.obj
                0x10008558                wizchip_init
 *fill*         0x100085e2        0x2 
 .text.wizchip_clrinterrupt
                0x100085e4       0x4c control-system/CMakeFiles/control_system.dir/__/libraries/ioLibrary_Driver/Ethernet/wizchip_conf.c.obj
                0x100085e4                wizchip_clrinterrupt
 .text.wizchip_getinterrupt
                0x10008630       0x2c control-system/CMakeFiles/control_system.dir/__/libraries/ioLibrary_Driver/Ethernet/wizchip_conf.c.obj
                0x10008630                wizchip_getinterrupt
 .text.wizchip_setinterruptmask
                0x1000865c       0x30 control-system/CMakeFiles/control_system.dir/__/libraries/ioLibrary_Driver/Ethernet/wizchip_conf.c.obj
                0x1000865c                wizchip_setinterruptmask
 .text.wizchip_getinterruptmask
                0x1000868c       0x2c control-system/CMakeFiles/control_system.dir/__/libraries/ioLibrary_Driver/Ethernet/wizchip_conf.c.obj
                0x1000868c                wizchip_getinterruptmask
 .text.wizphy_getphylink
                0x100086b8       0x16 control-system/CMakeFiles/control_system.dir/__/libraries/ioLibrary_Driver/Ethernet/wizchip_conf.c.obj
                0x100086b8                wizphy_getphylink
 .text.wizphy_getphypmode
                0x100086ce       0x16 control-system/CMakeFiles/control_system.dir/__/libraries/ioLibrary_Driver/Ethernet/wizchip_conf.c.obj
                0x100086ce                wizphy_getphypmode
 .text.wizphy_reset
                0x100086e4       0x26 control-system/CMakeFiles/control_system.dir/__/libraries/ioLibrary_Driver/Ethernet/wizchip_conf.c.obj
                0x100086e4                wizphy_reset
 *fill*         0x1000870a        0x2 
 .text.wizphy_setphyconf
                0x1000870c       0x80 control-system/CMakeFiles/control_system.dir/__/libraries/ioLibrary_Driver/Ethernet/wizchip_conf.c.obj
                0x1000870c                wizphy_setphyconf
 .text.wizphy_getphyconf
                0x1000878c       0x38 control-system/CMakeFiles/control_system.dir/__/libraries/ioLibrary_Driver/Ethernet/wizchip_conf.c.obj
                0x1000878c                wizphy_getphyconf
 .text.wizphy_setphypmode
                0x100087c4       0x24 control-system/CMakeFiles/control_system.dir/__/libraries/ioLibrary_Driver/Ethernet/wizchip_conf.c.obj
                0x100087c4                wizphy_setphypmode
 .text.ctlwizchip
                0x100087e8      0x1c8 control-system/CMakeFiles/control_system.dir/__/libraries/ioLibrary_Driver/Ethernet/wizchip_conf.c.obj
                0x100087e8                ctlwizchip
 .text.wizchip_setnetinfo
                0x100089b0       0xc4 control-system/CMakeFiles/control_system.dir/__/libraries/ioLibrary_Driver/Ethernet/wizchip_conf.c.obj
                0x100089b0                wizchip_setnetinfo
 .text.wizchip_getnetinfo
                0x10008a74       0xc4 control-system/CMakeFiles/control_system.dir/__/libraries/ioLibrary_Driver/Ethernet/wizchip_conf.c.obj
                0x10008a74                wizchip_getnetinfo
 .text.wizchip_setnetmode
                0x10008b38       0x38 control-system/CMakeFiles/control_system.dir/__/libraries/ioLibrary_Driver/Ethernet/wizchip_conf.c.obj
                0x10008b38                wizchip_setnetmode
 .text.wizchip_getnetmode
                0x10008b70       0x30 control-system/CMakeFiles/control_system.dir/__/libraries/ioLibrary_Driver/Ethernet/wizchip_conf.c.obj
                0x10008b70                wizchip_getnetmode
 .text.wizchip_settimeout
                0x10008ba0       0x50 control-system/CMakeFiles/control_system.dir/__/libraries/ioLibrary_Driver/Ethernet/wizchip_conf.c.obj
                0x10008ba0                wizchip_settimeout
 .text.wizchip_gettimeout
                0x10008bf0       0x54 control-system/CMakeFiles/control_system.dir/__/libraries/ioLibrary_Driver/Ethernet/wizchip_conf.c.obj
                0x10008bf0                wizchip_gettimeout
 .text.ctlnetwork
                0x10008c44       0x70 control-system/CMakeFiles/control_system.dir/__/libraries/ioLibrary_Driver/Ethernet/wizchip_conf.c.obj
                0x10008c44                ctlnetwork
 .text.WIZCHIP_WRITE
                0x10008cb4       0x74 control-system/CMakeFiles/control_system.dir/__/libraries/ioLibrary_Driver/Ethernet/W6100/w6100.c.obj
                0x10008cb4                WIZCHIP_WRITE
 .text.WIZCHIP_READ
                0x10008d28       0x68 control-system/CMakeFiles/control_system.dir/__/libraries/ioLibrary_Driver/Ethernet/W6100/w6100.c.obj
                0x10008d28                WIZCHIP_READ
 .text.WIZCHIP_WRITE_BUF
                0x10008d90       0x88 control-system/CMakeFiles/control_system.dir/__/libraries/ioLibrary_Driver/Ethernet/W6100/w6100.c.obj
                0x10008d90                WIZCHIP_WRITE_BUF
 .text.WIZCHIP_READ_BUF
                0x10008e18       0x7c control-system/CMakeFiles/control_system.dir/__/libraries/ioLibrary_Driver/Ethernet/W6100/w6100.c.obj
                0x10008e18                WIZCHIP_READ_BUF
 .text.getSn_TX_FSR
                0x10008e94       0x30 control-system/CMakeFiles/control_system.dir/__/libraries/ioLibrary_Driver/Ethernet/W6100/w6100.c.obj
                0x10008e94                getSn_TX_FSR
 .text.getSn_RX_RSR
                0x10008ec4       0x30 control-system/CMakeFiles/control_system.dir/__/libraries/ioLibrary_Driver/Ethernet/W6100/w6100.c.obj
                0x10008ec4                getSn_RX_RSR
 .text.wiz_send_data
                0x10008ef4       0x54 control-system/CMakeFiles/control_system.dir/__/libraries/ioLibrary_Driver/Ethernet/W6100/w6100.c.obj
                0x10008ef4                wiz_send_data
 .text.wiz_recv_data
                0x10008f48       0x5a control-system/CMakeFiles/control_system.dir/__/libraries/ioLibrary_Driver/Ethernet/W6100/w6100.c.obj
                0x10008f48                wiz_recv_data
 .text.wiz_recv_ignore
                0x10008fa2       0x48 control-system/CMakeFiles/control_system.dir/__/libraries/ioLibrary_Driver/Ethernet/W6100/w6100.c.obj
                0x10008fa2                wiz_recv_ignore
 *fill*         0x10008fea        0x2 
 .text.wiz_mdio_write
                0x10008fec       0x40 control-system/CMakeFiles/control_system.dir/__/libraries/ioLibrary_Driver/Ethernet/W6100/w6100.c.obj
                0x10008fec                wiz_mdio_write
 .text.wiz_mdio_read
                0x1000902c       0x44 control-system/CMakeFiles/control_system.dir/__/libraries/ioLibrary_Driver/Ethernet/W6100/w6100.c.obj
                0x1000902c                wiz_mdio_read
 .text.wizchip_select
                0x10009070        0xc control-system/CMakeFiles/control_system.dir/__/port/ioLibrary_Driver/src/wizchip_spi.c.obj
 .text.wizchip_deselect
                0x1000907c        0xc control-system/CMakeFiles/control_system.dir/__/port/ioLibrary_Driver/src/wizchip_spi.c.obj
 .text.wizchip_critical_section_lock
                0x10009088       0x2c control-system/CMakeFiles/control_system.dir/__/port/ioLibrary_Driver/src/wizchip_spi.c.obj
 .text.wizchip_critical_section_unlock
                0x100090b4       0x18 control-system/CMakeFiles/control_system.dir/__/port/ioLibrary_Driver/src/wizchip_spi.c.obj
 .text.wizchip_write_buf
                0x100090cc       0x14 control-system/CMakeFiles/control_system.dir/__/port/ioLibrary_Driver/src/wizchip_spi.c.obj
 .text.wizchip_write
                0x100090e0       0x20 control-system/CMakeFiles/control_system.dir/__/port/ioLibrary_Driver/src/wizchip_spi.c.obj
 .text.wizchip_read_buf
                0x10009100       0x14 control-system/CMakeFiles/control_system.dir/__/port/ioLibrary_Driver/src/wizchip_spi.c.obj
 .text.wizchip_read
                0x10009114       0x28 control-system/CMakeFiles/control_system.dir/__/port/ioLibrary_Driver/src/wizchip_spi.c.obj
 .text.wizchip_reset
                0x1000913c       0x2c control-system/CMakeFiles/control_system.dir/__/port/ioLibrary_Driver/src/wizchip_spi.c.obj
                0x1000913c                wizchip_reset
 .text.wizchip_spi_initialize
                0x10009168       0x40 control-system/CMakeFiles/control_system.dir/__/port/ioLibrary_Driver/src/wizchip_spi.c.obj
                0x10009168                wizchip_spi_initialize
 .text.wizchip_cris_initialize
                0x100091a8       0x20 control-system/CMakeFiles/control_system.dir/__/port/ioLibrary_Driver/src/wizchip_spi.c.obj
                0x100091a8                wizchip_cris_initialize
 .text.wizchip_initialize
                0x100091c8       0x90 control-system/CMakeFiles/control_system.dir/__/port/ioLibrary_Driver/src/wizchip_spi.c.obj
                0x100091c8                wizchip_initialize
 .text.wizchip_check
                0x10009258       0x3c control-system/CMakeFiles/control_system.dir/__/port/ioLibrary_Driver/src/wizchip_spi.c.obj
                0x10009258                wizchip_check
 .text.network_initialize
                0x10009294       0x30 control-system/CMakeFiles/control_system.dir/__/port/ioLibrary_Driver/src/wizchip_spi.c.obj
                0x10009294                network_initialize
 .text.print_ipv6_addr
                0x100092c4       0x78 control-system/CMakeFiles/control_system.dir/__/port/ioLibrary_Driver/src/wizchip_spi.c.obj
                0x100092c4                print_ipv6_addr
 .text.print_network_information
                0x1000933c      0x12c control-system/CMakeFiles/control_system.dir/__/port/ioLibrary_Driver/src/wizchip_spi.c.obj
                0x1000933c                print_network_information
 .text.default_ip_assign
                0x10009468       0x3c control-system/CMakeFiles/control_system.dir/__/libraries/ioLibrary_Driver/Internet/DHCP/dhcp.c.obj
                0x10009468                default_ip_assign
 .text.default_ip_update
                0x100094a4       0x58 control-system/CMakeFiles/control_system.dir/__/libraries/ioLibrary_Driver/Internet/DHCP/dhcp.c.obj
                0x100094a4                default_ip_update
 .text.default_ip_conflict
                0x100094fc       0x54 control-system/CMakeFiles/control_system.dir/__/libraries/ioLibrary_Driver/Internet/DHCP/dhcp.c.obj
                0x100094fc                default_ip_conflict
 .text.reg_dhcp_cbfunc
                0x10009550       0x48 control-system/CMakeFiles/control_system.dir/__/libraries/ioLibrary_Driver/Internet/DHCP/dhcp.c.obj
                0x10009550                reg_dhcp_cbfunc
 .text.makeDHCPMSG
                0x10009598       0xf4 control-system/CMakeFiles/control_system.dir/__/libraries/ioLibrary_Driver/Internet/DHCP/dhcp.c.obj
                0x10009598                makeDHCPMSG
 .text.send_DHCP_DECLINE
                0x1000968c      0x100 control-system/CMakeFiles/control_system.dir/__/libraries/ioLibrary_Driver/Internet/DHCP/dhcp.c.obj
                0x1000968c                send_DHCP_DECLINE
 .text.parseDHCPMSG
                0x1000978c      0x36c control-system/CMakeFiles/control_system.dir/__/libraries/ioLibrary_Driver/Internet/DHCP/dhcp.c.obj
                0x1000978c                parseDHCPMSG
 .text.check_DHCP_leasedIP