Archive member included to satisfy reference by file (symbol)

C:/Users/janeg/.pico-sdk/toolchain/14_2_Rel1/bin/../lib/gcc/arm-none-eabi/14.2.1/thumb/v8-m.main+fp/softfp\libm.a(libm_a-wf_sqrt.o)
                              examples/http/server/CMakeFiles/wizchip_http_server.dir/C_/Users/janeg/.pico-sdk/sdk/2.2.0/src/rp2_common/pico_float/float_math.c.obj (sqrtf)
C:/Users/janeg/.pico-sdk/toolchain/14_2_Rel1/bin/../lib/gcc/arm-none-eabi/14.2.1/thumb/v8-m.main+fp/softfp\libm.a(libm_a-ef_sqrt.o)
                              C:/Users/janeg/.pico-sdk/toolchain/14_2_Rel1/bin/../lib/gcc/arm-none-eabi/14.2.1/thumb/v8-m.main+fp/softfp\libm.a(libm_a-wf_sqrt.o) (__ieee754_sqrtf)
C:/Users/janeg/.pico-sdk/toolchain/14_2_Rel1/bin/../lib/gcc/arm-none-eabi/14.2.1/thumb/v8-m.main+fp/softfp\libgcc.a(_arm_addsubdf3.o)
                              examples/http/server/CMakeFiles/wizchip_http_server.dir/C_/Users/janeg/.pico-sdk/sdk/2.2.0/src/rp2_common/pico_float/float_math.c.obj (__aeabi_f2d)
C:/Users/janeg/.pico-sdk/toolchain/14_2_Rel1/bin/../lib/gcc/arm-none-eabi/14.2.1/thumb/v8-m.main+fp/softfp\libgcc.a(_aeabi_ldivmod.o)
                              examples/http/server/CMakeFiles/wizchip_http_server.dir/C_/Users/janeg/.pico-sdk/sdk/2.2.0/src/common/pico_time/time.c.obj (__aeabi_ldivmod)
C:/Users/janeg/.pico-sdk/toolchain/14_2_Rel1/bin/../lib/gcc/arm-none-eabi/14.2.1/thumb/v8-m.main+fp/softfp\libgcc.a(_aeabi_uldivmod.o)
                              examples/http/server/CMakeFiles/wizchip_http_server.dir/C_/Users/janeg/.pico-sdk/sdk/2.2.0/src/rp2_common/hardware_clocks/clocks.c.obj (__aeabi_uldivmod)
C:/Users/janeg/.pico-sdk/toolchain/14_2_Rel1/bin/../lib/gcc/arm-none-eabi/14.2.1/thumb/v8-m.main+fp/softfp\libgcc.a(_udivmoddi4.o)
                              C:/Users/janeg/.pico-sdk/toolchain/14_2_Rel1/bin/../lib/gcc/arm-none-eabi/14.2.1/thumb/v8-m.main+fp/softfp\libgcc.a(_aeabi_ldivmod.o) (__udivmoddi4)
C:/Users/janeg/.pico-sdk/toolchain/14_2_Rel1/bin/../lib/gcc/arm-none-eabi/14.2.1/thumb/v8-m.main+fp/softfp\libgcc.a(_dvmd_tls.o)
                              C:/Users/janeg/.pico-sdk/toolchain/14_2_Rel1/bin/../lib/gcc/arm-none-eabi/14.2.1/thumb/v8-m.main+fp/softfp\libgcc.a(_aeabi_ldivmod.o) (__aeabi_ldiv0)
C:/Users/janeg/.pico-sdk/toolchain/14_2_Rel1/bin/../lib/gcc/arm-none-eabi/14.2.1/thumb/v8-m.main+fp/softfp\libg.a(libc_a-calloc.o)
                              examples/http/server/CMakeFiles/wizchip_http_server.dir/C_/Users/janeg/.pico-sdk/sdk/2.2.0/src/rp2_common/pico_malloc/malloc.c.obj (calloc)
C:/Users/janeg/.pico-sdk/toolchain/14_2_Rel1/bin/../lib/gcc/arm-none-eabi/14.2.1/thumb/v8-m.main+fp/softfp\libg.a(libc_a-callocr.o)
                              C:/Users/janeg/.pico-sdk/toolchain/14_2_Rel1/bin/../lib/gcc/arm-none-eabi/14.2.1/thumb/v8-m.main+fp/softfp\libg.a(libc_a-calloc.o) (_calloc_r)
C:/Users/janeg/.pico-sdk/toolchain/14_2_Rel1/bin/../lib/gcc/arm-none-eabi/14.2.1/thumb/v8-m.main+fp/softfp\libg.a(libc_a-malloc.o)
                              examples/http/server/CMakeFiles/wizchip_http_server.dir/C_/Users/janeg/.pico-sdk/sdk/2.2.0/src/rp2_common/pico_malloc/malloc.c.obj (malloc)
C:/Users/janeg/.pico-sdk/toolchain/14_2_Rel1/bin/../lib/gcc/arm-none-eabi/14.2.1/thumb/v8-m.main+fp/softfp\libg.a(libc_a-mallocr.o)
                              C:/Users/janeg/.pico-sdk/toolchain/14_2_Rel1/bin/../lib/gcc/arm-none-eabi/14.2.1/thumb/v8-m.main+fp/softfp\libg.a(libc_a-callocr.o) (_malloc_r)
C:/Users/janeg/.pico-sdk/toolchain/14_2_Rel1/bin/../lib/gcc/arm-none-eabi/14.2.1/thumb/v8-m.main+fp/softfp\libg.a(libc_a-mlock.o)
                              C:/Users/janeg/.pico-sdk/toolchain/14_2_Rel1/bin/../lib/gcc/arm-none-eabi/14.2.1/thumb/v8-m.main+fp/softfp\libg.a(libc_a-mallocr.o) (__malloc_lock)
C:/Users/janeg/.pico-sdk/toolchain/14_2_Rel1/bin/../lib/gcc/arm-none-eabi/14.2.1/thumb/v8-m.main+fp/softfp\libg.a(libc_a-realloc.o)
                              examples/http/server/CMakeFiles/wizchip_http_server.dir/C_/Users/janeg/.pico-sdk/sdk/2.2.0/src/rp2_common/pico_malloc/malloc.c.obj (realloc)
C:/Users/janeg/.pico-sdk/toolchain/14_2_Rel1/bin/../lib/gcc/arm-none-eabi/14.2.1/thumb/v8-m.main+fp/softfp\libg.a(libc_a-reallocr.o)
                              C:/Users/janeg/.pico-sdk/toolchain/14_2_Rel1/bin/../lib/gcc/arm-none-eabi/14.2.1/thumb/v8-m.main+fp/softfp\libg.a(libc_a-realloc.o) (_realloc_r)
C:/Users/janeg/.pico-sdk/toolchain/14_2_Rel1/bin/../lib/gcc/arm-none-eabi/14.2.1/thumb/v8-m.main+fp/softfp\libg.a(libc_a-ctype_.o)
                              examples/http/server/CMakeFiles/wizchip_http_server.dir/C_/Users/janeg/.pico-sdk/sdk/2.2.0/lib/tinyusb/src/tusb.c.obj (_ctype_)
C:/Users/janeg/.pico-sdk/toolchain/14_2_Rel1/bin/../lib/gcc/arm-none-eabi/14.2.1/thumb/v8-m.main+fp/softfp\libg.a(libc_a-memcmp.o)
                              examples/http/server/CMakeFiles/wizchip_http_server.dir/C_/Users/janeg/.pico-sdk/sdk/2.2.0/src/rp2_common/pico_atomic/atomic.c.obj (memcmp)
[...]
Memory Configuration

Name             Origin             Length             Attributes
FLASH            0x10000000         0x00400000         xr
RAM              0x20000000         0x00080000         xrw
SCRATCH_X        0x20080000         0x00001000         xrw
SCRATCH_Y        0x20081000         0x00001000         xrw
*default*        0x00000000         0xffffffff

Linker script and memory map

LOAD C:/Users/janeg/.pico-sdk/toolchain/14_2_Rel1/bin/../lib/gcc/arm-none-eabi/14.2.1/thumb/v8-m.main+fp/softfp/crti.o
LOAD C:/Users/janeg/.pico-sdk/toolchain/14_2_Rel1/bin/../lib/gcc/arm-none-eabi/14.2.1/thumb/v8-m.main+fp/softfp/crtbegin.o
LOAD C:/Users/janeg/.pico-sdk/toolchain/14_2_Rel1/bin/../lib/gcc/arm-none-eabi/14.2.1/thumb/v8-m.main+fp/softfp/crt0.o

.flash_begin    0x10000000        0x0
                0x10000000                        __flash_binary_start = .

.text           0x10000000     0x9a28
                0x10000000                        __logical_binary_start = .
 *(.vectors)
 .vectors       0x10000000      0x124 examples/http/server/CMakeFiles/wizchip_http_server.dir/C_/Users/janeg/.pico-sdk/sdk/2.2.0/src/rp2_common/pico_crt0/crt0.S.obj
                0x10000000                __VECTOR_TABLE
                0x10000000                __vectors
                0x10000110                __unhandled_user_irq
                0x10000110                isr_irq49
                0x10000110                isr_irq13
                0x10000110                isr_irq43
                0x10000110                isr_irq45
                0x10000110                isr_irq27
                0x10000110                isr_irq32
                0x10000110                isr_irq31
                0x10000110                isr_irq12
                0x10000110                isr_irq5
                0x10000110                isr_irq11
                0x10000110                isr_irq3
                0x10000110                isr_irq23
                0x10000110                isr_usagefault
                0x10000110                isr_irq48
                0x10000110                isr_irq30
                0x10000110                isr_irq18
                0x10000110                isr_irq50
                0x10000110                isr_irq33
                0x10000110                isr_irq40
                0x10000110                isr_irq28
                0x10000110                isr_irq19
                0x10000110                isr_irq36
                0x10000110                isr_irq41
                0x10000110                isr_irq0
                0x10000110                isr_irq6
                0x10000110                isr_irq26
                0x10000110                isr_irq29
                0x10000110                isr_memmanage
                0x10000110                isr_irq37
                0x10000110                isr_irq42
                0x10000110                isr_irq22
                0x10000110                isr_irq35
                0x10000110                isr_irq17
                0x10000110                isr_irq38
                0x10000110                isr_irq14
                0x10000110                __vectors_end
                0x10000110                __default_isrs_start
                0x10000110                isr_irq2
                0x10000110                isr_irq10
                0x10000110                isr_irq8
                0x10000110                isr_debugmonitor
                0x10000110                isr_irq24
                0x10000110                isr_irq46
                0x10000110                isr_irq1
                0x10000110                isr_irq47
                0x10000110                isr_irq51
                0x10000110                isr_irq7
                0x10000110                isr_irq21
                0x10000110                isr_irq39
                0x10000110                isr_irq20
                0x10000110                isr_irq15
                0x10000110                isr_irq25
                0x10000110                isr_irq34
                0x10000110                isr_irq44
                0x10000110                isr_securefault
                0x10000110                isr_irq4
                0x10000110                isr_busfault
                0x10000110                isr_irq16
                0x10000110                isr_irq9
                0x10000116                unhandled_user_irq_num_in_r0
                0x10000118                isr_invalid
                0x1000011a                isr_nmi
                0x1000011c                isr_hardfault
                0x1000011e                isr_svcall
                0x10000120                isr_pendsv
                0x10000122                isr_systick
                0x10000124                __default_isrs_end
 *(.binary_info_header)
 .binary_info_header
                0x10000124       0x14 examples/http/server/CMakeFiles/wizchip_http_server.dir/C_/Users/janeg/.pico-sdk/sdk/2.2.0/src/rp2_common/pico_crt0/crt0.S.obj
                0x10000138                        __binary_info_header_end = .
 *(.embedded_block)
 .embedded_block
                0x10000138       0x14 examples/http/server/CMakeFiles/wizchip_http_server.dir/C_/Users/janeg/.pico-sdk/sdk/2.2.0/src/rp2_common/pico_crt0/crt0.S.obj
                0x1000014c                        __embedded_block_end = .
 *(.reset)
 .reset         0x1000014c       0x98 examples/http/server/CMakeFiles/wizchip_http_server.dir/C_/Users/janeg/.pico-sdk/sdk/2.2.0/src/rp2_common/pico_crt0/crt0.S.obj
                0x1000014c                _entry_point
 *(.init)
 .init          0x100001e4        0x4 C:/Users/janeg/.pico-sdk/toolchain/14_2_Rel1/bin/../lib/gcc/arm-none-eabi/14.2.1/thumb/v8-m.main+fp/softfp/crti.o
                0x100001e4                _init
 SORT_BY_NAME(REVERSE(*libgcc.a:cmse_nonsecure_call.o))()
 *(EXCLUDE_FILE(*libm.a: *libc.a:*lib_a-mem*.o *libgcc.a:) .text*)
 .text.register_tm_clones
                0x100001e8       0x28 C:/Users/janeg/.pico-sdk/toolchain/14_2_Rel1/bin/../lib/gcc/arm-none-eabi/14.2.1/thumb/v8-m.main+fp/softfp/crtbegin.o
 .text.frame_dummy
                0x10000210       0x24 C:/Users/janeg/.pico-sdk/toolchain/14_2_Rel1/bin/../lib/gcc/arm-none-eabi/14.2.1/thumb/v8-m.main+fp/softfp/crtbegin.o
 .text.main     0x10000234       0x90 examples/http/server/CMakeFiles/wizchip_http_server.dir/wizchip_http_server.c.obj
                0x10000234                main
 .text.gpio_set_function
                0x100002c4       0x38 examples/http/server/CMakeFiles/wizchip_http_server.dir/C_/Users/janeg/.pico-sdk/sdk/2.2.0/src/rp2_common/hardware_gpio/gpio.c.obj
                0x100002c4                gpio_set_function
 .text.gpio_init
                0x100002fc       0x16 examples/http/server/CMakeFiles/wizchip_http_server.dir/C_/Users/janeg/.pico-sdk/sdk/2.2.0/src/rp2_common/hardware_gpio/gpio.c.obj
                0x100002fc                gpio_init
 *fill*         0x10000312        0x2 
 .text.panic    0x10000314       0x30 examples/http/server/CMakeFiles/wizchip_http_server.dir/C_/Users/janeg/.pico-sdk/sdk/2.2.0/src/rp2_common/pico_platform_panic/panic.c.obj
                0x10000314                panic
 .text.hw_claim_lock
                0x10000344       0x24 examples/http/server/CMakeFiles/wizchip_http_server.dir/C_/Users/janeg/.pico-sdk/sdk/2.2.0/src/common/hardware_claim/claim.c.obj
                0x10000344                hw_claim_lock
 .text.hw_claim_unlock
                0x10000368       0x14 examples/http/server/CMakeFiles/wizchip_http_server.dir/C_/Users/janeg/.pico-sdk/sdk/2.2.0/src/common/hardware_claim/claim.c.obj
                0x10000368                hw_claim_unlock
 .text.hw_claim_or_assert
                0x1000037c       0x32 examples/http/server/CMakeFiles/wizchip_http_server.dir/C_/Users/janeg/.pico-sdk/sdk/2.2.0/src/common/hardware_claim/claim.c.obj
                0x1000037c                hw_claim_or_assert
 .text.hw_claim_unused_from_range
                0x100003ae       0x4e examples/http/server/CMakeFiles/wizchip_http_server.dir/C_/Users/janeg/.pico-sdk/sdk/2.2.0/src/common/hardware_claim/claim.c.obj
                0x100003ae                hw_claim_unused_from_range
 .text.next_striped_spin_lock_num
                0x100003fc       0x1c examples/http/server/CMakeFiles/wizchip_http_server.dir/C_/Users/janeg/.pico-sdk/sdk/2.2.0/src/rp2_common/hardware_sync/sync.c.obj
                0x100003fc                next_striped_spin_lock_num
 .text.spin_lock_claim_unused
                0x10000418       0x24 examples/http/server/CMakeFiles/wizchip_http_server.dir/C_/Users/janeg/.pico-sdk/sdk/2.2.0/src/rp2_common/hardware_sync/sync.c.obj
                0x10000418                spin_lock_claim_unused
 .text.spinlock_set_extexclall
                0x1000043c        0xe examples/http/server/CMakeFiles/wizchip_http_server.dir/C_/Users/janeg/.pico-sdk/sdk/2.2.0/src/rp2_common/hardware_sync_spin_lock/sync_spin_lock.c.obj
 *fill*         0x1000044a        0x2 
 .text.spin_locks_reset
                0x1000044c       0x1c examples/http/server/CMakeFiles/wizchip_http_server.dir/C_/Users/janeg/.pico-sdk/sdk/2.2.0/src/rp2_common/hardware_sync_spin_lock/sync_spin_lock.c.obj
                0x1000044c                spin_locks_reset
 .text.set_raw_irq_handler_and_unlock
                0x10000468       0x24 examples/http/server/CMakeFiles/wizchip_http_server.dir/C_/Users/janeg/.pico-sdk/sdk/2.2.0/src/rp2_common/hardware_irq/irq.c.obj
 .text.nvic_ipr0
                0x1000048c        0x8 examples/http/server/CMakeFiles/wizchip_http_server.dir/C_/Users/janeg/.pico-sdk/sdk/2.2.0/src/rp2_common/hardware_irq/irq.c.obj
 .text.runtime_init_per_core_irq_priorities
                0x10000494       0x1c examples/http/server/CMakeFiles/wizchip_http_server.dir/C_/Users/janeg/.pico-sdk/sdk/2.2.0/src/rp2_common/hardware_irq/irq.c.obj
                0x10000494                runtime_init_per_core_irq_priorities
 .text.resolve_j_16
                0x100004b0       0x40 examples/http/server/CMakeFiles/wizchip_http_server.dir/C_/Users/janeg/.pico-sdk/sdk/2.2.0/src/rp2_common/hardware_irq/irq.c.obj
 .text.make_j_16
                0x100004f0       0x3c examples/http/server/CMakeFiles/wizchip_http_server.dir/C_/Users/janeg/.pico-sdk/sdk/2.2.0/src/rp2_common/hardware_irq/irq.c.obj
 .text.irq_is_enabled
                0x1000052c       0x20 examples/http/server/CMakeFiles/wizchip_http_server.dir/C_/Users/janeg/.pico-sdk/sdk/2.2.0/src/rp2_common/hardware_irq/irq.c.obj
                0x1000052c                irq_is_enabled
 .text.irq_set_mask_n_enabled
                0x1000054c       0x20 examples/http/server/CMakeFiles/wizchip_http_server.dir/C_/Users/janeg/.pico-sdk/sdk/2.2.0/src/rp2_common/hardware_irq/irq.c.obj
                0x1000054c                irq_set_mask_n_enabled
 .text.irq_set_enabled
                0x1000056c       0x14 examples/http/server/CMakeFiles/wizchip_http_server.dir/C_/Users/janeg/.pico-sdk/sdk/2.2.0/src/rp2_common/hardware_irq/irq.c.obj
                0x1000056c                irq_set_enabled
 .text.irq_set_pending
                0x10000580       0x18 examples/http/server/CMakeFiles/wizchip_http_server.dir/C_/Users/janeg/.pico-sdk/sdk/2.2.0/src/rp2_common/hardware_irq/irq.c.obj
                0x10000580                irq_set_pending
 .text.irq_get_vtable_handler
                0x10000598       0x10 examples/http/server/CMakeFiles/wizchip_http_server.dir/C_/Users/janeg/.pico-sdk/sdk/2.2.0/src/rp2_common/hardware_irq/irq.c.obj
                0x10000598                irq_get_vtable_handler
 .text.irq_has_shared_handler
                0x100005a8       0x18 examples/http/server/CMakeFiles/wizchip_http_server.dir/C_/Users/janeg/.pico-sdk/sdk/2.2.0/src/rp2_common/hardware_irq/irq.c.obj
                0x100005a8                irq_has_shared_handler
 .text.irq_set_exclusive_handler
                0x100005c0       0x60 examples/http/server/CMakeFiles/wizchip_http_server.dir/C_/Users/janeg/.pico-sdk/sdk/2.2.0/src/rp2_common/hardware_irq/irq.c.obj
                0x100005c0                irq_set_exclusive_handler
 .text.irq_add_shared_handler
                0x10000620      0x234 examples/http/server/CMakeFiles/wizchip_http_server.dir/C_/Users/janeg/.pico-sdk/sdk/2.2.0/src/rp2_common/hardware_irq/irq.c.obj
                0x10000620                irq_add_shared_handler
 .text.irq_add_tail_to_free_list
                0x10000854       0xf8 examples/http/server/CMakeFiles/wizchip_http_server.dir/C_/Users/janeg/.pico-sdk/sdk/2.2.0/src/rp2_common/hardware_irq/irq.c.obj
                0x10000854                irq_add_tail_to_free_list
 .text.user_irq_claim_unused
                0x1000094c       0x2c examples/http/server/CMakeFiles/wizchip_http_server.dir/C_/Users/janeg/.pico-sdk/sdk/2.2.0/src/rp2_common/hardware_irq/irq.c.obj
                0x1000094c                user_irq_claim_unused
 .text.lock_init
                0x10000978        0xc examples/http/server/CMakeFiles/wizchip_http_server.dir/C_/Users/janeg/.pico-sdk/sdk/2.2.0/src/common/pico_sync/lock_core.c.obj
                0x10000978                lock_init
 .text.mutex_init
                0x10000984       0x1a examples/http/server/CMakeFiles/wizchip_http_server.dir/C_/Users/janeg/.pico-sdk/sdk/2.2.0/src/common/pico_sync/mutex.c.obj
                0x10000984                mutex_init
 .text.recursive_mutex_init
                0x1000099e       0x1e examples/http/server/CMakeFiles/wizchip_http_server.dir/C_/Users/janeg/.pico-sdk/sdk/2.2.0/src/common/pico_sync/mutex.c.obj
                0x1000099e                recursive_mutex_init
 .text.runtime_init_mutex
                0x100009bc       0x4c examples/http/server/CMakeFiles/wizchip_http_server.dir/C_/Users/janeg/.pico-sdk/sdk/2.2.0/src/common/pico_sync/mutex.c.obj
                0x100009bc                runtime_init_mutex
 .text.critical_section_init_with_lock_num
                0x10000a08       0x10 examples/http/server/CMakeFiles/wizchip_http_server.dir/C_/Users/janeg/.pico-sdk/sdk/2.2.0/src/common/pico_sync/critical_section.c.obj
                0x10000a08                critical_section_init_with_lock_num
 .text.critical_section_init
                0x10000a18       0x14 examples/http/server/CMakeFiles/wizchip_http_server.dir/C_/Users/janeg/.pico-sdk/sdk/2.2.0/src/common/pico_sync/critical_section.c.obj
                0x10000a18                critical_section_init
 .text.ta_from_current_irq
                0x10000a2c       0x24 examples/http/server/CMakeFiles/wizchip_http_server.dir/C_/Users/janeg/.pico-sdk/sdk/2.2.0/src/common/pico_time/time.c.obj
 .text.ta_set_timeout
                0x10000a50       0x2a examples/http/server/CMakeFiles/wizchip_http_server.dir/C_/Users/janeg/.pico-sdk/sdk/2.2.0/src/common/pico_time/time.c.obj
 .text.make_alarm_id
                0x10000a7a        0x6 examples/http/server/CMakeFiles/wizchip_http_server.dir/C_/Users/janeg/.pico-sdk/sdk/2.2.0/src/common/pico_time/time.c.obj
 .text.sleep_until_callback
                0x10000a80       0x3c examples/http/server/CMakeFiles/wizchip_http_server.dir/C_/Users/janeg/.pico-sdk/sdk/2.2.0/src/common/pico_time/time.c.obj
 .text.alarm_pool_irq_handler
                0x10000abc      0x2ec examples/http/server/CMakeFiles/wizchip_http_server.dir/C_/Users/janeg/.pico-sdk/sdk/2.2.0/src/common/pico_time/time.c.obj
 .text.ta_enable_irq_handler
                0x10000da8       0x38 examples/http/server/CMakeFiles/wizchip_http_server.dir/C_/Users/janeg/.pico-sdk/sdk/2.2.0/src/common/pico_time/time.c.obj
 .text.alarm_pool_post_alloc_init
                0x10000de0       0x7c examples/http/server/CMakeFiles/wizchip_http_server.dir/C_/Users/janeg/.pico-sdk/sdk/2.2.0/src/common/pico_time/time.c.obj
 .text.alarm_pool_get_default
                0x10000e5c       0x28 examples/http/server/CMakeFiles/wizchip_http_server.dir/C_/Users/janeg/.pico-sdk/sdk/2.2.0/src/common/pico_time/time.c.obj
                0x10000e5c                alarm_pool_get_default
 .text.alarm_pool_add_alarm_at_force_in_context
                0x10000e84       0xc0 examples/http/server/CMakeFiles/wizchip_http_server.dir/C_/Users/janeg/.pico-sdk/sdk/2.2.0/src/common/pico_time/time.c.obj
                0x10000e84                alarm_pool_add_alarm_at_force_in_context
 .text.alarm_pool_add_alarm_at
                0x10000f44       0x38 examples/http/server/CMakeFiles/wizchip_http_server.dir/C_/Users/janeg/.pico-sdk/sdk/2.2.0/src/common/pico_time/time.c.obj
                0x10000f44                alarm_pool_add_alarm_at
 .text.add_alarm_at
                0x10000f7c       0x26 examples/http/server/CMakeFiles/wizchip_http_server.dir/C_/Users/janeg/.pico-sdk/sdk/2.2.0/src/common/pico_time/time.c.obj
 .text.alarm_pool_cancel_alarm
                0x10000fa2       0x72 examples/http/server/CMakeFiles/wizchip_http_server.dir/C_/Users/janeg/.pico-sdk/sdk/2.2.0/src/common/pico_time/time.c.obj
                0x10000fa2                alarm_pool_cancel_alarm
 .text.cancel_alarm
                0x10001014       0x10 examples/http/server/CMakeFiles/wizchip_http_server.dir/C_/Users/janeg/.pico-sdk/sdk/2.2.0/src/common/pico_time/time.c.obj
 .text.alarm_pool_core_num
                0x10001024        0x4 examples/http/server/CMakeFiles/wizchip_http_server.dir/C_/Users/janeg/.pico-sdk/sdk/2.2.0/src/common/pico_time/time.c.obj
                0x10001024                alarm_pool_core_num
 .text.sleep_until
                0x10001028       0xb4 examples/http/server/CMakeFiles/wizchip_http_server.dir/C_/Users/janeg/.pico-sdk/sdk/2.2.0/src/common/pico_time/time.c.obj
                0x10001028                sleep_until
 .text.sleep_us
                0x100010dc       0x24 examples/http/server/CMakeFiles/wizchip_http_server.dir/C_/Users/janeg/.pico-sdk/sdk/2.2.0/src/common/pico_time/time.c.obj
                0x100010dc                sleep_us
 .text.sleep_ms
                0x10001100       0x28 examples/http/server/CMakeFiles/wizchip_http_server.dir/C_/Users/janeg/.pico-sdk/sdk/2.2.0/src/common/pico_time/time.c.obj
                0x10001100                sleep_ms
 .text.best_effort_wfe_or_timeout
                0x10001128       0xfc examples/http/server/CMakeFiles/wizchip_http_server.dir/C_/Users/janeg/.pico-sdk/sdk/2.2.0/src/common/pico_time/time.c.obj
                0x10001128                best_effort_wfe_or_timeout
 .text.alarm_pool_get_default_timer
                0x10001224        0x8 examples/http/server/CMakeFiles/wizchip_http_server.dir/C_/Users/janeg/.pico-sdk/sdk/2.2.0/src/common/pico_time/time.c.obj
                0x10001224                alarm_pool_get_default_timer
 .text.runtime_init_default_alarm_pool
                0x1000122c       0x34 examples/http/server/CMakeFiles/wizchip_http_server.dir/C_/Users/janeg/.pico-sdk/sdk/2.2.0/src/common/pico_time/time.c.obj
                0x1000122c                runtime_init_default_alarm_pool
 .text.timer_hardware_alarm_claim
                0x10001260       0x24 examples/http/server/CMakeFiles/wizchip_http_server.dir/C_/Users/janeg/.pico-sdk/sdk/2.2.0/src/rp2_common/hardware_timer/timer.c.obj
                0x10001260                timer_hardware_alarm_claim
 .text.timer_time_us_64
                0x10001284       0x10 examples/http/server/CMakeFiles/wizchip_http_server.dir/C_/Users/janeg/.pico-sdk/sdk/2.2.0/src/rp2_common/hardware_timer/timer.c.obj
                0x10001284                timer_time_us_64
 .text.timer_busy_wait_until
                0x10001294       0x1a examples/http/server/CMakeFiles/wizchip_http_server.dir/C_/Users/janeg/.pico-sdk/sdk/2.2.0/src/rp2_common/hardware_timer/timer.c.obj
                0x10001294                timer_busy_wait_until
 *fill*         0x100012ae        0x2 
 .text.time_us_64
                0x100012b0       0x10 examples/http/server/CMakeFiles/wizchip_http_server.dir/C_/Users/janeg/.pico-sdk/sdk/2.2.0/src/rp2_common/hardware_timer/timer.c.obj
                0x100012b0                time_us_64
 .text.busy_wait_until
                0x100012c0       0x14 examples/http/server/CMakeFiles/wizchip_http_server.dir/C_/Users/janeg/.pico-sdk/sdk/2.2.0/src/rp2_common/hardware_timer/timer.c.obj
                0x100012c0                busy_wait_until
 .text.clock_configure_internal
                0x100012d4       0xb8 examples/http/server/CMakeFiles/wizchip_http_server.dir/C_/Users/janeg/.pico-sdk/sdk/2.2.0/src/rp2_common/hardware_clocks/clocks.c.obj
 .text.clock_configure_undivided
                0x1000138c       0x12 examples/http/server/CMakeFiles/wizchip_http_server.dir/C_/Users/janeg/.pico-sdk/sdk/2.2.0/src/rp2_common/hardware_clocks/clocks.c.obj
                0x1000138c                clock_configure_undivided
 *fill*         0x1000139e        0x2 
 .text.clock_get_hz
                0x100013a0        0xc examples/http/server/CMakeFiles/wizchip_http_server.dir/C_/Users/janeg/.pico-sdk/sdk/2.2.0/src/rp2_common/hardware_clocks/clocks.c.obj
                0x100013a0                clock_get_hz
 .text.pll_init
                0x100013ac      0x108 examples/http/server/CMakeFiles/wizchip_http_server.dir/C_/Users/janeg/.pico-sdk/sdk/2.2.0/src/rp2_common/hardware_pll/pll.c.obj
                0x100013ac                pll_init
 .text.watchdog_update
                0x100014b4       0x14 examples/http/server/CMakeFiles/wizchip_http_server.dir/C_/Users/janeg/.pico-sdk/sdk/2.2.0/src/rp2_common/hardware_watchdog/watchdog.c.obj
                0x100014b4                watchdog_update
 .text._watchdog_enable
                0x100014c8       0x6c examples/http/server/CMakeFiles/wizchip_http_server.dir/C_/Users/janeg/.pico-sdk/sdk/2.2.0/src/rp2_common/hardware_watchdog/watchdog.c.obj
                0x100014c8                _watchdog_enable
 .text.watchdog_reboot
                0x10001534       0x44 examples/http/server/CMakeFiles/wizchip_http_server.dir/C_/Users/janeg/.pico-sdk/sdk/2.2.0/src/rp2_common/hardware_watchdog/watchdog.c.obj
                0x10001534                watchdog_reboot
 .text.tick_start
                0x10001578       0x1c examples/http/server/CMakeFiles/wizchip_http_server.dir/C_/Users/janeg/.pico-sdk/sdk/2.2.0/src/rp2_common/hardware_ticks/ticks.c.obj
                0x10001578                tick_start
 .text.rom_reboot
                0x10001594       0x40 examples/http/server/CMakeFiles/wizchip_http_server.dir/C_/Users/janeg/.pico-sdk/sdk/2.2.0/src/rp2_common/pico_bootrom/bootrom.c.obj
 .text.rom_func_lookup
                0x100015d4       0x1e examples/http/server/CMakeFiles/wizchip_http_server.dir/C_/Users/janeg/.pico-sdk/sdk/2.2.0/src/rp2_common/pico_bootrom/bootrom.c.obj
                0x100015d4                rom_func_lookup
 .text.rom_reset_usb_boot_extra
                0x100015f2       0x20 examples/http/server/CMakeFiles/wizchip_http_server.dir/C_/Users/janeg/.pico-sdk/sdk/2.2.0/src/rp2_common/pico_bootrom/bootrom.c.obj
                0x100015f2                rom_reset_usb_boot_extra
 *fill*         0x10001612        0x2 
 .text.runtime_init_bootrom_locking_enable
                0x10001614       0x14 examples/http/server/CMakeFiles/wizchip_http_server.dir/C_/Users/janeg/.pico-sdk/sdk/2.2.0/src/rp2_common/pico_bootrom/bootrom_lock.c.obj
                0x10001614                runtime_init_bootrom_locking_enable
 .text.boot_locks_reset
                0x10001628       0x20 examples/http/server/CMakeFiles/wizchip_http_server.dir/C_/Users/janeg/.pico-sdk/sdk/2.2.0/src/rp2_common/hardware_boot_lock/boot_lock.c.obj
                0x10001628                boot_locks_reset
 .text.runtime_init_boot_locks_reset
                0x10001648        0x8 examples/http/server/CMakeFiles/wizchip_http_server.dir/C_/Users/janeg/.pico-sdk/sdk/2.2.0/src/rp2_common/hardware_boot_lock/boot_lock.c.obj
                0x10001648                runtime_init_boot_locks_reset
 .text.xosc_init
                0x10001650       0x28 examples/http/server/CMakeFiles/wizchip_http_server.dir/C_/Users/janeg/.pico-sdk/sdk/2.2.0/src/rp2_common/hardware_xosc/xosc.c.obj
                0x10001650                xosc_init
 .text.runtime_run_initializers_from
                0x10001678       0x18 examples/http/server/CMakeFiles/wizchip_http_server.dir/C_/Users/janeg/.pico-sdk/sdk/2.2.0/src/rp2_common/pico_runtime/runtime.c.obj
 .text.first_per_core_initializer
                0x10001690        0x2 examples/http/server/CMakeFiles/wizchip_http_server.dir/C_/Users/janeg/.pico-sdk/sdk/2.2.0/src/rp2_common/pico_runtime/runtime.c.obj
 *fill*         0x10001692        0x2 
 .text.runtime_run_initializers
                0x10001694       0x10 examples/http/server/CMakeFiles/wizchip_http_server.dir/C_/Users/janeg/.pico-sdk/sdk/2.2.0/src/rp2_common/pico_runtime/runtime.c.obj
                0x10001694                runtime_run_initializers
 .text.runtime_init_early_resets
                0x100016a4       0x2c examples/http/server/CMakeFiles/wizchip_http_server.dir/C_/Users/janeg/.pico-sdk/sdk/2.2.0/src/rp2_common/pico_runtime_init/runtime_init.c.obj
                0x100016a4                runtime_init_early_resets
 .text.runtime_init_usb_power_down
                0x100016d0       0x20 examples/http/server/CMakeFiles/wizchip_http_server.dir/C_/Users/janeg/.pico-sdk/sdk/2.2.0/src/rp2_common/pico_runtime_init/runtime_init.c.obj
                0x100016d0                runtime_init_usb_power_down
 .text.runtime_init_per_core_enable_coprocessors
                0x100016f0       0x1c examples/http/server/CMakeFiles/wizchip_http_server.dir/C_/Users/janeg/.pico-sdk/sdk/2.2.0/src/rp2_common/pico_runtime_init/runtime_init.c.obj
                0x100016f0                runtime_init_per_core_enable_coprocessors
 .text.runtime_init_post_clock_resets
                0x1000170c       0x20 examples/http/server/CMakeFiles/wizchip_http_server.dir/C_/Users/janeg/.pico-sdk/sdk/2.2.0/src/rp2_common/pico_runtime_init/runtime_init.c.obj
                0x1000170c                runtime_init_post_clock_resets
 .text.runtime_init_bootrom_reset
                0x1000172c       0x12 examples/http/server/CMakeFiles/wizchip_http_server.dir/C_/Users/janeg/.pico-sdk/sdk/2.2.0/src/rp2_common/pico_runtime_init/runtime_init.c.obj
                0x1000172c                runtime_init_bootrom_reset
 .text.runtime_init_per_core_bootrom_reset
                0x1000173e       0x12 examples/http/server/CMakeFiles/wizchip_http_server.dir/C_/Users/janeg/.pico-sdk/sdk/2.2.0/src/rp2_common/pico_runtime_init/runtime_init.c.obj
                0x1000173e                runtime_init_per_core_bootrom_reset
 .text.runtime_init_spin_locks_reset
                0x10001750        0x8 examples/http/server/CMakeFiles/wizchip_http_server.dir/C_/Users/janeg/.pico-sdk/sdk/2.2.0/src/rp2_common/pico_runtime_init/runtime_init.c.obj
                0x10001750                runtime_init_spin_locks_reset
 .text.runtime_init_install_ram_vector_table
                0x10001758       0x48 examples/http/server/CMakeFiles/wizchip_http_server.dir/C_/Users/janeg/.pico-sdk/sdk/2.2.0/src/rp2_common/pico_runtime_init/runtime_init.c.obj
                0x10001758                runtime_init_install_ram_vector_table
 .text.start_all_ticks
                0x100017a0       0x28 examples/http/server/CMakeFiles/wizchip_http_server.dir/C_/Users/janeg/.pico-sdk/sdk/2.2.0/src/rp2_common/pico_runtime_init/runtime_init_clocks.c.obj
 .text.runtime_init_clocks
                0x100017c8       0xc4 examples/http/server/CMakeFiles/wizchip_http_server.dir/C_/Users/janeg/.pico-sdk/sdk/2.2.0/src/rp2_common/pico_runtime_init/runtime_init_clocks.c.obj
                0x100017c8                runtime_init_clocks
 .text.__rp2350_dcp_engaged_state_save_restore
                0x1000188c       0x3a examples/http/server/CMakeFiles/wizchip_http_server.dir/C_/Users/janeg/.pico-sdk/sdk/2.2.0/src/rp2_common/pico_double/double_aeabi_dcp.S.obj
 *fill*         0x100018c6        0x2 
 .text.__wrap___aeabi_dadd
                0x100018c8       0x28 examples/http/server/CMakeFiles/wizchip_http_server.dir/C_/Users/janeg/.pico-sdk/sdk/2.2.0/src/rp2_common/pico_double/double_aeabi_dcp.S.obj
                0x100018d0                __wrap___aeabi_dadd
 .text.__wrap___aeabi_dsub
                0x100018f0       0x28 examples/http/server/CMakeFiles/wizchip_http_server.dir/C_/Users/janeg/.pico-sdk/sdk/2.2.0/src/rp2_common/pico_double/double_aeabi_dcp.S.obj
                0x100018f8                __wrap___aeabi_dsub
 .text.__wrap___aeabi_dmul
                0x10001918       0x4c examples/http/server/CMakeFiles/wizchip_http_server.dir/C_/Users/janeg/.pico-sdk/sdk/2.2.0/src/rp2_common/pico_double/double_aeabi_dcp.S.obj
                0x10001920                __wrap___aeabi_dmul
 .text.__wrap___aeabi_ddiv
                0x10001964       0x9c examples/http/server/CMakeFiles/wizchip_http_server.dir/C_/Users/janeg/.pico-sdk/sdk/2.2.0/src/rp2_common/pico_double/double_aeabi_dcp.S.obj
                0x1000196c                __wrap___aeabi_ddiv
 .text.__wrap___aeabi_i2d
                0x10001a00       0x24 examples/http/server/CMakeFiles/wizchip_http_server.dir/C_/Users/janeg/.pico-sdk/sdk/2.2.0/src/rp2_common/pico_double/double_aeabi_dcp.S.obj
                0x10001a08                int2double
                0x10001a08                __wrap___aeabi_i2d
 .text.__wrap___aeabi_ui2d
                0x10001a24       0x24 examples/http/server/CMakeFiles/wizchip_http_server.dir/C_/Users/janeg/.pico-sdk/sdk/2.2.0/src/rp2_common/pico_double/double_aeabi_dcp.S.obj
                0x10001a2c                uint2double
                0x10001a2c                __wrap___aeabi_ui2d
 .text.__wrap___aeabi_d2iz
                0x10001a48       0x24 examples/http/server/CMakeFiles/wizchip_http_server.dir/C_/Users/janeg/.pico-sdk/sdk/2.2.0/src/rp2_common/pico_double/double_aeabi_dcp.S.obj
                0x10001a50                double2int_z
                0x10001a50                __wrap___aeabi_d2iz
 .text.__wrap___aeabi_d2uiz
                0x10001a6c       0x24 examples/http/server/CMakeFiles/wizchip_http_server.dir/C_/Users/janeg/.pico-sdk/sdk/2.2.0/src/rp2_common/pico_double/double_aeabi_dcp.S.obj
                0x10001a74                double2uint
                0x10001a74                __wrap___aeabi_d2uiz
                0x10001a74                double2uint_z
 .text.__wrap___aeabi_dcmpun
                0x10001a90       0x24 examples/http/server/CMakeFiles/wizchip_http_server.dir/C_/Users/janeg/.pico-sdk/sdk/2.2.0/src/rp2_common/pico_double/double_aeabi_dcp.S.obj
                0x10001a98                __wrap___aeabi_dcmpun
 .text.__wrap___aeabi_dcmplt
                0x10001ab4       0x28 examples/http/server/CMakeFiles/wizchip_http_server.dir/C_/Users/janeg/.pico-sdk/sdk/2.2.0/src/rp2_common/pico_double/double_aeabi_dcp.S.obj
                0x10001abc                __wrap___aeabi_dcmplt
 .text.__wrap___aeabi_dcmple
                0x10001adc       0x28 examples/http/server/CMakeFiles/wizchip_http_server.dir/C_/Users/janeg/.pico-sdk/sdk/2.2.0/src/rp2_common/pico_double/double_aeabi_dcp.S.obj
                0x10001ae4                __wrap___aeabi_dcmple
 .text.__wrap___aeabi_dcmpge
                0x10001b04       0x28 examples/http/server/CMakeFiles/wizchip_http_server.dir/C_/Users/janeg/.pico-sdk/sdk/2.2.0/src/rp2_common/pico_double/double_aeabi_dcp.S.obj
                0x10001b0c                __wrap___aeabi_dcmpge
 .text.__wrap___aeabi_dcmpgt
                0x10001b2c       0x28 examples/http/server/CMakeFiles/wizchip_http_server.dir/C_/Users/janeg/.pico-sdk/sdk/2.2.0/src/rp2_common/pico_double/double_aeabi_dcp.S.obj
                0x10001b34                __wrap___aeabi_dcmpgt
 .text.check_alloc
                0x10001b54       0x20 examples/http/server/CMakeFiles/wizchip_http_server.dir/C_/Users/janeg/.pico-sdk/sdk/2.2.0/src/rp2_common/pico_malloc/malloc.c.obj
 .text.__wrap_malloc
                0x10001b74       0x14 examples/http/server/CMakeFiles/wizchip_http_server.dir/C_/Users/janeg/.pico-sdk/sdk/2.2.0/src/rp2_common/pico_malloc/malloc.c.obj
                0x10001b74                __wrap_malloc
 .text._out_buffer
                0x10001b88        0x8 examples/http/server/CMakeFiles/wizchip_http_server.dir/C_/Users/janeg/.pico-sdk/sdk/2.2.0/src/rp2_common/pico_printf/printf.c.obj
 .text._out_null
                0x10001b90        0x2 examples/http/server/CMakeFiles/wizchip_http_server.dir/C_/Users/janeg/.pico-sdk/sdk/2.2.0/src/rp2_common/pico_printf/printf.c.obj
 .text._out_fct
                0x10001b92        0xe examples/http/server/CMakeFiles/wizchip_http_server.dir/C_/Users/janeg/.pico-sdk/sdk/2.2.0/src/rp2_common/pico_printf/printf.c.obj
 .text._atoi    0x10001ba0       0x26 examples/http/server/CMakeFiles/wizchip_http_server.dir/C_/Users/janeg/.pico-sdk/sdk/2.2.0/src/rp2_common/pico_printf/printf.c.obj
 .text._out_rev
                0x10001bc6       0x7e examples/http/server/CMakeFiles/wizchip_http_server.dir/C_/Users/janeg/.pico-sdk/sdk/2.2.0/src/rp2_common/pico_printf/printf.c.obj
 .text._ntoa_format
                0x10001c44      0x134 examples/http/server/CMakeFiles/wizchip_http_server.dir/C_/Users/janeg/.pico-sdk/sdk/2.2.0/src/rp2_common/pico_printf/printf.c.obj
 .text._ntoa_long
                0x10001d78       0x94 examples/http/server/CMakeFiles/wizchip_http_server.dir/C_/Users/janeg/.pico-sdk/sdk/2.2.0/src/rp2_common/pico_printf/printf.c.obj
 .text._ntoa_long_long
                0x10001e0c       0xc2 examples/http/server/CMakeFiles/wizchip_http_server.dir/C_/Users/janeg/.pico-sdk/sdk/2.2.0/src/rp2_common/pico_printf/printf.c.obj
 *fill*         0x10001ece        0x2 
 .text._etoa    0x10001ed0      0x420 examples/http/server/CMakeFiles/wizchip_http_server.dir/C_/Users/janeg/.pico-sdk/sdk/2.2.0/src/rp2_common/pico_printf/printf.c.obj
 .text._ftoa    0x100022f0      0x398 examples/http/server/CMakeFiles/wizchip_http_server.dir/C_/Users/janeg/.pico-sdk/sdk/2.2.0/src/rp2_common/pico_printf/printf.c.obj
 .text._vsnprintf
                0x10002688      0x6d8 examples/http/server/CMakeFiles/wizchip_http_server.dir/C_/Users/janeg/.pico-sdk/sdk/2.2.0/src/rp2_common/pico_printf/printf.c.obj
 .text.__wrap_sprintf
                0x10002d60       0x2c examples/http/server/CMakeFiles/wizchip_http_server.dir/C_/Users/janeg/.pico-sdk/sdk/2.2.0/src/rp2_common/pico_printf/printf.c.obj
                0x10002d60                __wrap_sprintf
 .text.vfctprintf
                0x10002d8c       0x24 examples/http/server/CMakeFiles/wizchip_http_server.dir/C_/Users/janeg/.pico-sdk/sdk/2.2.0/src/rp2_common/pico_printf/printf.c.obj
                0x10002d8c                vfctprintf
 .text._exit    0x10002db0        0x4 examples/http/server/CMakeFiles/wizchip_http_server.dir/C_/Users/janeg/.pico-sdk/sdk/2.2.0/src/rp2_common/pico_clib_interface/newlib_interface.c.obj
                0x10002db0                _exit
 .text._sbrk    0x10002db4       0x34 examples/http/server/CMakeFiles/wizchip_http_server.dir/C_/Users/janeg/.pico-sdk/sdk/2.2.0/src/rp2_common/pico_clib_interface/newlib_interface.c.obj
                0x10002db4                _sbrk
 .text.exit     0x10002de8        0x6 examples/http/server/CMakeFiles/wizchip_http_server.dir/C_/Users/janeg/.pico-sdk/sdk/2.2.0/src/rp2_common/pico_clib_interface/newlib_interface.c.obj
                0x10002de8                exit
 *fill*         0x10002dee        0x2 
 .text.__assert_func
                0x10002df0       0x34 examples/http/server/CMakeFiles/wizchip_http_server.dir/C_/Users/janeg/.pico-sdk/sdk/2.2.0/src/rp2_common/pico_clib_interface/newlib_interface.c.obj
                0x10002df0                __assert_func
 .text.runtime_init
                0x10002e24       0x2c examples/http/server/CMakeFiles/wizchip_http_server.dir/C_/Users/janeg/.pico-sdk/sdk/2.2.0/src/rp2_common/pico_clib_interface/newlib_interface.c.obj
                0x10002e24                runtime_init
 .text.stdio_out_chars_no_crlf
                0x10002e50        0xe examples/http/server/CMakeFiles/wizchip_http_server.dir/C_/Users/janeg/.pico-sdk/sdk/2.2.0/src/rp2_common/pico_stdio/stdio.c.obj
 *fill*         0x10002e5e        0x2 
 .text.stdio_out_chars_crlf
                0x10002e60       0x80 examples/http/server/CMakeFiles/wizchip_http_server.dir/C_/Users/janeg/.pico-sdk/sdk/2.2.0/src/rp2_common/pico_stdio/stdio.c.obj
 .text.stdio_stack_buffer_flush
                0x10002ee0       0x40 examples/http/server/CMakeFiles/wizchip_http_server.dir/C_/Users/janeg/.pico-sdk/sdk/2.2.0/src/rp2_common/pico_stdio/stdio.c.obj
 .text.stdio_buffered_printer
                0x10002f20       0x20 examples/http/server/CMakeFiles/wizchip_http_server.dir/C_/Users/janeg/.pico-sdk/sdk/2.2.0/src/rp2_common/pico_stdio/stdio.c.obj
 .text.stdout_serialize_begin
                0x10002f40       0x2c examples/http/server/CMakeFiles/wizchip_http_server.dir/C_/Users/janeg/.pico-sdk/sdk/2.2.0/src/rp2_common/pico_stdio/stdio.c.obj
                0x10002f40                stdout_serialize_begin
 .text.stdout_serialize_end
                0x10002f6c       0x10 examples/http/server/CMakeFiles/wizchip_http_server.dir/C_/Users/janeg/.pico-sdk/sdk/2.2.0/src/rp2_common/pico_stdio/stdio.c.obj
                0x10002f6c                stdout_serialize_end
 .text.stdio_put_string
                0x10002f7c       0x8c examples/http/server/CMakeFiles/wizchip_http_server.dir/C_/Users/janeg/.pico-sdk/sdk/2.2.0/src/rp2_common/pico_stdio/stdio.c.obj
                0x10002f7c                stdio_put_string
 .text.stdio_set_driver_enabled
                0x10003008       0x2c examples/http/server/CMakeFiles/wizchip_http_server.dir/C_/Users/janeg/.pico-sdk/sdk/2.2.0/src/rp2_common/pico_stdio/stdio.c.obj
                0x10003008                stdio_set_driver_enabled
 .text.stdio_flush
                0x10003034       0x1c examples/http/server/CMakeFiles/wizchip_http_server.dir/C_/Users/janeg/.pico-sdk/sdk/2.2.0/src/rp2_common/pico_stdio/stdio.c.obj
                0x10003034                stdio_flush
 .text.stdio_init_all
                0x10003050        0x8 examples/http/server/CMakeFiles/wizchip_http_server.dir/C_/Users/janeg/.pico-sdk/sdk/2.2.0/src/rp2_common/pico_stdio/stdio.c.obj
                0x10003050                stdio_init_all
 .text.__wrap_puts
                0x10003058       0x1e examples/http/server/CMakeFiles/wizchip_http_server.dir/C_/Users/janeg/.pico-sdk/sdk/2.2.0/src/rp2_common/pico_stdio/stdio.c.obj
                0x10003058                stdio_puts
                0x10003058                __wrap_puts
 *fill*         0x10003076        0x2 
 .text.__wrap_vprintf
                0x10003078       0x40 examples/http/server/CMakeFiles/wizchip_http_server.dir/C_/Users/janeg/.pico-sdk/sdk/2.2.0/src/rp2_common/pico_stdio/stdio.c.obj
                0x10003078                stdio_vprintf
                0x10003078                __wrap_vprintf
 .text.__wrap_printf
                0x100030b8       0x1c examples/http/server/CMakeFiles/wizchip_http_server.dir/C_/Users/janeg/.pico-sdk/sdk/2.2.0/src/rp2_common/pico_stdio/stdio.c.obj
                0x100030b8                __wrap_printf
                0x100030b8                stdio_printf
 .text.resetd_init
                0x100030d4        0x2 examples/http/server/CMakeFiles/wizchip_http_server.dir/C_/Users/janeg/.pico-sdk/sdk/2.2.0/src/rp2_common/pico_stdio_usb/reset_interface.c.obj
 *fill*         0x100030d6        0x2 
 .text.resetd_reset
                0x100030d8        0xc examples/http/server/CMakeFiles/wizchip_http_server.dir/C_/Users/janeg/.pico-sdk/sdk/2.2.0/src/rp2_common/pico_stdio_usb/reset_interface.c.obj
 .text.resetd_open
                0x100030e4       0x34 examples/http/server/CMakeFiles/wizchip_http_server.dir/C_/Users/janeg/.pico-sdk/sdk/2.2.0/src/rp2_common/pico_stdio_usb/reset_interface.c.obj
 .text.resetd_xfer_cb
                0x10003118        0x4 examples/http/server/CMakeFiles/wizchip_http_server.dir/C_/Users/janeg/.pico-sdk/sdk/2.2.0/src/rp2_common/pico_stdio_usb/reset_interface.c.obj
 .text.resetd_control_xfer_cb
                0x1000311c       0x54 examples/http/server/CMakeFiles/wizchip_http_server.dir/C_/Users/janeg/.pico-sdk/sdk/2.2.0/src/rp2_common/pico_stdio_usb/reset_interface.c.obj
 .text.tud_descriptor_bos_cb
                0x10003170        0x8 examples/http/server/CMakeFiles/wizchip_http_server.dir/C_/Users/janeg/.pico-sdk/sdk/2.2.0/src/rp2_common/pico_stdio_usb/reset_interface.c.obj
                0x10003170                tud_descriptor_bos_cb
 .text.tud_vendor_control_xfer_cb
                0x10003178       0x30 examples/http/server/CMakeFiles/wizchip_http_server.dir/C_/Users/janeg/.pico-sdk/sdk/2.2.0/src/rp2_common/pico_stdio_usb/reset_interface.c.obj
                0x10003178                tud_vendor_control_xfer_cb
 .text.usbd_app_driver_get_cb
                0x100031a8        0xc examples/http/server/CMakeFiles/wizchip_http_server.dir/C_/Users/janeg/.pico-sdk/sdk/2.2.0/src/rp2_common/pico_stdio_usb/reset_interface.c.obj
                0x100031a8                usbd_app_driver_get_cb
 .text.tud_cdc_line_coding_cb
                0x100031b4       0x18 examples/http/server/CMakeFiles/wizchip_http_server.dir/C_/Users/janeg/.pico-sdk/sdk/2.2.0/src/rp2_common/pico_stdio_usb/reset_interface.c.obj
                0x100031b4                tud_cdc_line_coding_cb
 .text.stdio_usb_set_chars_available_callback
                0x100031cc       0x14 examples/http/server/CMakeFiles/wizchip_http_server.dir/C_/Users/janeg/.pico-sdk/sdk/2.2.0/src/rp2_common/pico_stdio_usb/stdio_usb.c.obj
                0x100031cc                stdio_usb_set_chars_available_callback
 .text.stdio_usb_out_flush
                0x100031e0       0x48 examples/http/server/CMakeFiles/wizchip_http_server.dir/C_/Users/janeg/.pico-sdk/sdk/2.2.0/src/rp2_common/pico_stdio_usb/stdio_usb.c.obj
 .text.timer_task
                0x10003228       0x70 examples/http/server/CMakeFiles/wizchip_http_server.dir/C_/Users/janeg/.pico-sdk/sdk/2.2.0/src/rp2_common/pico_stdio_usb/stdio_usb.c.obj
 .text.usb_irq  0x10003298       0x10 examples/http/server/CMakeFiles/wizchip_http_server.dir/C_/Users/janeg/.pico-sdk/sdk/2.2.0/src/rp2_common/pico_stdio_usb/stdio_usb.c.obj
 .text.alarm_pool_add_alarm_in_us
                0x100032a8       0x3a examples/http/server/CMakeFiles/wizchip_http_server.dir/C_/Users/janeg/.pico-sdk/sdk/2.2.0/src/rp2_common/pico_stdio_usb/stdio_usb.c.obj
 .text.add_alarm_in_us
                0x100032e2       0x26 examples/http/server/CMakeFiles/wizchip_http_server.dir/C_/Users/janeg/.pico-sdk/sdk/2.2.0/src/rp2_common/pico_stdio_usb/stdio_usb.c.obj
 .text.low_priority_worker_irq
                0x10003308       0xa8 examples/http/server/CMakeFiles/wizchip_http_server.dir/C_/Users/janeg/.pico-sdk/sdk/2.2.0/src/rp2_common/pico_stdio_usb/stdio_usb.c.obj
 .text.stdio_usb_init
                0x100033b0       0xd4 examples/http/server/CMakeFiles/wizchip_http_server.dir/C_/Users/janeg/.pico-sdk/sdk/2.2.0/src/rp2_common/pico_stdio_usb/stdio_usb.c.obj
                0x100033b0                stdio_usb_init
 .text.stdio_usb_connected
                0x10003484        0xa examples/http/server/CMakeFiles/wizchip_http_server.dir/C_/Users/janeg/.pico-sdk/sdk/2.2.0/src/rp2_common/pico_stdio_usb/stdio_usb.c.obj
                0x10003484                stdio_usb_connected
 *fill*         0x1000348e        0x2 
 .text.stdio_usb_in_chars
                0x10003490       0x8c examples/http/server/CMakeFiles/wizchip_http_server.dir/C_/Users/janeg/.pico-sdk/sdk/2.2.0/src/rp2_common/pico_stdio_usb/stdio_usb.c.obj
                0x10003490                stdio_usb_in_chars
 .text.stdio_usb_out_chars
                0x1000351c       0xd4 examples/http/server/CMakeFiles/wizchip_http_server.dir/C_/Users/janeg/.pico-sdk/sdk/2.2.0/src/rp2_common/pico_stdio_usb/stdio_usb.c.obj
 .text.tud_descriptor_device_cb
                0x100035f0        0x8 examples/http/server/CMakeFiles/wizchip_http_server.dir/C_/Users/janeg/.pico-sdk/sdk/2.2.0/src/rp2_common/pico_stdio_usb/stdio_usb_descriptors.c.obj
                0x100035f0                tud_descriptor_device_cb
 .text.tud_descriptor_configuration_cb
                0x100035f8        0x8 examples/http/server/CMakeFiles/wizchip_http_server.dir/C_/Users/janeg/.pico-sdk/sdk/2.2.0/src/rp2_common/pico_stdio_usb/stdio_usb_descriptors.c.obj
                0x100035f8                tud_descriptor_configuration_cb
 .text.tud_descriptor_string_cb
                0x10003600       0x64 examples/http/server/CMakeFiles/wizchip_http_server.dir/C_/Users/janeg/.pico-sdk/sdk/2.2.0/src/rp2_common/pico_stdio_usb/stdio_usb_descriptors.c.obj
                0x10003600                tud_descriptor_string_cb
 .text._retrieve_unique_id_on_boot
                0x10003664       0x58 examples/http/server/CMakeFiles/wizchip_http_server.dir/C_/Users/janeg/.pico-sdk/sdk/2.2.0/src/rp2_common/pico_unique_id/unique_id.c.obj
 .text.pico_get_unique_board_id_string
                0x100036bc       0x5c examples/http/server/CMakeFiles/wizchip_http_server.dir/C_/Users/janeg/.pico-sdk/sdk/2.2.0/src/rp2_common/pico_unique_id/unique_id.c.obj
                0x100036bc                pico_get_unique_board_id_string
 .text.hw_endpoint_init
                0x10003718       0xbc examples/http/server/CMakeFiles/wizchip_http_server.dir/C_/Users/janeg/.pico-sdk/sdk/2.2.0/lib/tinyusb/src/portable/raspberrypi/rp2040/dcd_rp2040.c.obj
 .text.hw_endpoint_alloc
                0x100037d4       0x48 examples/http/server/CMakeFiles/wizchip_http_server.dir/C_/Users/janeg/.pico-sdk/sdk/2.2.0/lib/tinyusb/src/portable/raspberrypi/rp2040/dcd_rp2040.c.obj
 .text.hw_endpoint_open
                0x1000381c       0x44 examples/http/server/CMakeFiles/wizchip_http_server.dir/C_/Users/janeg/.pico-sdk/sdk/2.2.0/lib/tinyusb/src/portable/raspberrypi/rp2040/dcd_rp2040.c.obj
 .text.hw_endpoint_xfer
                0x10003860       0x1c examples/http/server/CMakeFiles/wizchip_http_server.dir/C_/Users/janeg/.pico-sdk/sdk/2.2.0/lib/tinyusb/src/portable/raspberrypi/rp2040/dcd_rp2040.c.obj
 .text.dcd_int_enable
                0x1000387c       0x28 examples/http/server/CMakeFiles/wizchip_http_server.dir/C_/Users/janeg/.pico-sdk/sdk/2.2.0/lib/tinyusb/src/portable/raspberrypi/rp2040/dcd_rp2040.c.obj
                0x1000387c                dcd_int_enable
 .text.dcd_set_address
                0x100038a4       0x2c examples/http/server/CMakeFiles/wizchip_http_server.dir/C_/Users/janeg/.pico-sdk/sdk/2.2.0/lib/tinyusb/src/portable/raspberrypi/rp2040/dcd_rp2040.c.obj
                0x100038a4                dcd_set_address
 .text.dcd_connect
                0x100038d0       0x10 examples/http/server/CMakeFiles/wizchip_http_server.dir/C_/Users/janeg/.pico-sdk/sdk/2.2.0/lib/tinyusb/src/portable/raspberrypi/rp2040/dcd_rp2040.c.obj
                0x100038d0                dcd_connect
 .text.dcd_init
                0x100038e0       0x84 examples/http/server/CMakeFiles/wizchip_http_server.dir/C_/Users/janeg/.pico-sdk/sdk/2.2.0/lib/tinyusb/src/portable/raspberrypi/rp2040/dcd_rp2040.c.obj
                0x100038e0                dcd_init
 .text.dcd_sof_enable
                0x10003964       0x1c examples/http/server/CMakeFiles/wizchip_http_server.dir/C_/Users/janeg/.pico-sdk/sdk/2.2.0/lib/tinyusb/src/portable/raspberrypi/rp2040/dcd_rp2040.c.obj
                0x10003964                dcd_sof_enable
 .text.dcd_edpt0_status_complete
                0x10003980       0x20 examples/http/server/CMakeFiles/wizchip_http_server.dir/C_/Users/janeg/.pico-sdk/sdk/2.2.0/lib/tinyusb/src/portable/raspberrypi/rp2040/dcd_rp2040.c.obj
                0x10003980                dcd_edpt0_status_complete
 .text.dcd_edpt_open
                0x100039a0       0x22 examples/http/server/CMakeFiles/wizchip_http_server.dir/C_/Users/janeg/.pico-sdk/sdk/2.2.0/lib/tinyusb/src/portable/raspberrypi/rp2040/dcd_rp2040.c.obj
                0x100039a0                dcd_edpt_open
 .text.dcd_edpt_close_all
                0x100039c2        0x8 examples/http/server/CMakeFiles/wizchip_http_server.dir/C_/Users/janeg/.pico-sdk/sdk/2.2.0/lib/tinyusb/src/portable/raspberrypi/rp2040/dcd_rp2040.c.obj
                0x100039c2                dcd_edpt_close_all
 *fill*         0x100039ca        0x2 
 .text.dcd_edpt_xfer
                0x100039cc       0x2c examples/http/server/CMakeFiles/wizchip_http_server.dir/C_/Users/janeg/.pico-sdk/sdk/2.2.0/lib/tinyusb/src/portable/raspberrypi/rp2040/dcd_rp2040.c.obj
                0x100039cc                dcd_edpt_xfer
 .text.dcd_edpt_stall
                0x100039f8       0x38 examples/http/server/CMakeFiles/wizchip_http_server.dir/C_/Users/janeg/.pico-sdk/sdk/2.2.0/lib/tinyusb/src/portable/raspberrypi/rp2040/dcd_rp2040.c.obj
                0x100039f8                dcd_edpt_stall
 .text.dcd_edpt_clear_stall
                0x10003a30       0x28 examples/http/server/CMakeFiles/wizchip_http_server.dir/C_/Users/janeg/.pico-sdk/sdk/2.2.0/lib/tinyusb/src/portable/raspberrypi/rp2040/dcd_rp2040.c.obj
                0x10003a30                dcd_edpt_clear_stall
 .text.unaligned_memcpy
                0x10003a58       0x14 examples/http/server/CMakeFiles/wizchip_http_server.dir/C_/Users/janeg/.pico-sdk/sdk/2.2.0/lib/tinyusb/src/portable/raspberrypi/rp2040/rp2040_usb.c.obj
 .text.rp2040_usb_init
                0x10003a6c       0x40 examples/http/server/CMakeFiles/wizchip_http_server.dir/C_/Users/janeg/.pico-sdk/sdk/2.2.0/lib/tinyusb/src/portable/raspberrypi/rp2040/rp2040_usb.c.obj
                0x10003a6c                rp2040_usb_init
 .text.hw_endpoint_xfer_start
                0x10003aac       0x58 examples/http/server/CMakeFiles/wizchip_http_server.dir/C_/Users/janeg/.pico-sdk/sdk/2.2.0/lib/tinyusb/src/portable/raspberrypi/rp2040/rp2040_usb.c.obj
                0x10003aac                hw_endpoint_xfer_start
 .text.configuration_reset
                0x10003b04       0x90 examples/http/server/CMakeFiles/wizchip_http_server.dir/C_/Users/janeg/.pico-sdk/sdk/2.2.0/lib/tinyusb/src/device/usbd.c.obj
 .text.usbd_reset
                0x10003b94        0xc examples/http/server/CMakeFiles/wizchip_http_server.dir/C_/Users/janeg/.pico-sdk/sdk/2.2.0/lib/tinyusb/src/device/usbd.c.obj
 .text.invoke_class_control
                0x10003ba0       0x1a examples/http/server/CMakeFiles/wizchip_http_server.dir/C_/Users/janeg/.pico-sdk/sdk/2.2.0/lib/tinyusb/src/device/usbd.c.obj
 *fill*         0x10003bba        0x2 
 .text.process_set_config
                0x10003bbc      0x1cc examples/http/server/CMakeFiles/wizchip_http_server.dir/C_/Users/janeg/.pico-sdk/sdk/2.2.0/lib/tinyusb/src/device/usbd.c.obj
 .text.tud_event_hook_cb
                0x10003d88        0x2 examples/http/server/CMakeFiles/wizchip_http_server.dir/C_/Users/janeg/.pico-sdk/sdk/2.2.0/lib/tinyusb/src/device/usbd.c.obj
                0x10003d88                tud_event_hook_cb
 .text.tud_sof_cb
                0x10003d8a        0x2 examples/http/server/CMakeFiles/wizchip_http_server.dir/C_/Users/janeg/.pico-sdk/sdk/2.2.0/lib/tinyusb/src/device/usbd.c.obj
                0x10003d8a                tud_sof_cb
 .text.tud_descriptor_device_qualifier_cb
                0x10003d8c        0x4 examples/http/server/CMakeFiles/wizchip_http_server.dir/C_/Users/janeg/.pico-sdk/sdk/2.2.0/lib/tinyusb/src/device/usbd.c.obj
                0x10003d8c                tud_descriptor_device_qualifier_cb
 .text.tud_descriptor_other_speed_configuration_cb
                0x10003d90        0x4 examples/http/server/CMakeFiles/wizchip_http_server.dir/C_/Users/janeg/.pico-sdk/sdk/2.2.0/lib/tinyusb/src/device/usbd.c.obj
                0x10003d90                tud_descriptor_other_speed_configuration_cb
 .text.process_get_descriptor
                0x10003d94       0xf8 examples/http/server/CMakeFiles/wizchip_http_server.dir/C_/Users/janeg/.pico-sdk/sdk/2.2.0/lib/tinyusb/src/device/usbd.c.obj
 .text.tud_mount_cb
                0x10003e8c        0x2 examples/http/server/CMakeFiles/wizchip_http_server.dir/C_/Users/janeg/.pico-sdk/sdk/2.2.0/lib/tinyusb/src/device/usbd.c.obj
                0x10003e8c                tud_mount_cb
 .text.tud_umount_cb
                0x10003e8e        0x2 examples/http/server/CMakeFiles/wizchip_http_server.dir/C_/Users/janeg/.pico-sdk/sdk/2.2.0/lib/tinyusb/src/device/usbd.c.obj
                0x10003e8e                tud_umount_cb
 .text.tud_suspend_cb
                0x10003e90        0x2 examples/http/server/CMakeFiles/wizchip_http_server.dir/C_/Users/janeg/.pico-sdk/sdk/2.2.0/lib/tinyusb/src/device/usbd.c.obj
                0x10003e90                tud_suspend_cb
 .text.tud_resume_cb
                0x10003e92        0x2 examples/http/server/CMakeFiles/wizchip_http_server.dir/C_/Users/janeg/.pico-sdk/sdk/2.2.0/lib/tinyusb/src/device/usbd.c.obj
                0x10003e92                tud_resume_cb
 .text.tud_mounted
                0x10003e94       0x14 examples/http/server/CMakeFiles/wizchip_http_server.dir/C_/Users/janeg/.pico-sdk/sdk/2.2.0/lib/tinyusb/src/device/usbd.c.obj
                0x10003e94                tud_mounted
 .text.tud_suspended
                0x10003ea8       0x10 examples/http/server/CMakeFiles/wizchip_http_server.dir/C_/Users/janeg/.pico-sdk/sdk/2.2.0/lib/tinyusb/src/device/usbd.c.obj
                0x10003ea8                tud_suspended
 .text.tud_inited
                0x10003eb8       0x10 examples/http/server/CMakeFiles/wizchip_http_server.dir/C_/Users/janeg/.pico-sdk/sdk/2.2.0/lib/tinyusb/src/device/usbd.c.obj
                0x10003eb8                tud_inited
 .text.tud_rhport_init
                0x10003ec8      0x128 examples/http/server/CMakeFiles/wizchip_http_server.dir/C_/Users/janeg/.pico-sdk/sdk/2.2.0/lib/tinyusb/src/device/usbd.c.obj
                0x10003ec8                tud_rhport_init
 .text.usbd_edpt_open
                0x10003ff0       0x7c examples/http/server/CMakeFiles/wizchip_http_server.dir/C_/Users/janeg/.pico-sdk/sdk/2.2.0/lib/tinyusb/src/device/usbd.c.obj
                0x10003ff0                usbd_edpt_open
 .text.usbd_open_edpt_pair
                0x1000406c       0xa4 examples/http/server/CMakeFiles/wizchip_http_server.dir/C_/Users/janeg/.pico-sdk/sdk/2.2.0/lib/tinyusb/src/device/usbd.c.obj
                0x1000406c                usbd_open_edpt_pair
 .text.usbd_edpt_claim
                0x10004110       0x28 examples/http/server/CMakeFiles/wizchip_http_server.dir/C_/Users/janeg/.pico-sdk/sdk/2.2.0/lib/tinyusb/src/device/usbd.c.obj
                0x10004110                usbd_edpt_claim
 .text.usbd_edpt_release
                0x10004138       0x28 examples/http/server/CMakeFiles/wizchip_http_server.dir/C_/Users/janeg/.pico-sdk/sdk/2.2.0/lib/tinyusb/src/device/usbd.c.obj
                0x10004138                usbd_edpt_release
 .text.usbd_edpt_xfer
                0x10004160       0x90 examples/http/server/CMakeFiles/wizchip_http_server.dir/C_/Users/janeg/.pico-sdk/sdk/2.2.0/lib/tinyusb/src/device/usbd.c.obj
                0x10004160                usbd_edpt_xfer
 .text.usbd_edpt_stall
                0x100041f0       0x3c examples/http/server/CMakeFiles/wizchip_http_server.dir/C_/Users/janeg/.pico-sdk/sdk/2.2.0/lib/tinyusb/src/device/usbd.c.obj
                0x100041f0                usbd_edpt_stall
 .text.usbd_edpt_clear_stall
                0x1000422c       0x3c examples/http/server/CMakeFiles/wizchip_http_server.dir/C_/Users/janeg/.pico-sdk/sdk/2.2.0/lib/tinyusb/src/device/usbd.c.obj
                0x1000422c                usbd_edpt_clear_stall
 .text.usbd_edpt_stalled
                0x10004268       0x1c examples/http/server/CMakeFiles/wizchip_http_server.dir/C_/Users/janeg/.pico-sdk/sdk/2.2.0/lib/tinyusb/src/device/usbd.c.obj
                0x10004268                usbd_edpt_stalled
 .text.process_control_request
                0x10004284      0x404 examples/http/server/CMakeFiles/wizchip_http_server.dir/C_/Users/janeg/.pico-sdk/sdk/2.2.0/lib/tinyusb/src/device/usbd.c.obj
 .text.tud_task_ext
                0x10004688      0x250 examples/http/server/CMakeFiles/wizchip_http_server.dir/C_/Users/janeg/.pico-sdk/sdk/2.2.0/lib/tinyusb/src/device/usbd.c.obj
                0x10004688                tud_task_ext
 .text.status_stage_xact
                0x100048d8       0x1a examples/http/server/CMakeFiles/wizchip_http_server.dir/C_/Users/janeg/.pico-sdk/sdk/2.2.0/lib/tinyusb/src/device/usbd_control.c.obj
 *fill*         0x100048f2        0x2 
 .text.data_stage_xact
                0x100048f4       0x5c examples/http/server/CMakeFiles/wizchip_http_server.dir/C_/Users/janeg/.pico-sdk/sdk/2.2.0/lib/tinyusb/src/device/usbd_control.c.obj
 .text.tud_control_status
                0x10004950       0x28 examples/http/server/CMakeFiles/wizchip_http_server.dir/C_/Users/janeg/.pico-sdk/sdk/2.2.0/lib/tinyusb/src/device/usbd_control.c.obj
                0x10004950                tud_control_status
 .text.tud_control_xfer
                0x10004978       0xac examples/http/server/CMakeFiles/wizchip_http_server.dir/C_/Users/janeg/.pico-sdk/sdk/2.2.0/lib/tinyusb/src/device/usbd_control.c.obj
                0x10004978                tud_control_xfer
 .text.usbd_control_reset
                0x10004a24       0x14 examples/http/server/CMakeFiles/wizchip_http_server.dir/C_/Users/janeg/.pico-sdk/sdk/2.2.0/lib/tinyusb/src/device/usbd_control.c.obj
                0x10004a24                usbd_control_reset
 .text.usbd_control_set_complete_callback
                0x10004a38        0xc examples/http/server/CMakeFiles/wizchip_http_server.dir/C_/Users/janeg/.pico-sdk/sdk/2.2.0/lib/tinyusb/src/device/usbd_control.c.obj
                0x10004a38                usbd_control_set_complete_callback
 .text.usbd_control_set_request
                0x10004a44       0x1c examples/http/server/CMakeFiles/wizchip_http_server.dir/C_/Users/janeg/.pico-sdk/sdk/2.2.0/lib/tinyusb/src/device/usbd_control.c.obj
                0x10004a44                usbd_control_set_request
 .text.usbd_control_xfer_cb
                0x10004a60      0x10c examples/http/server/CMakeFiles/wizchip_http_server.dir/C_/Users/janeg/.pico-sdk/sdk/2.2.0/lib/tinyusb/src/device/usbd_control.c.obj
                0x10004a60                usbd_control_xfer_cb
 .text._prep_out_transaction
                0x10004b6c       0x94 examples/http/server/CMakeFiles/wizchip_http_server.dir/C_/Users/janeg/.pico-sdk/sdk/2.2.0/lib/tinyusb/src/class/cdc/cdc_device.c.obj
 .text.tud_cdc_n_connected
                0x10004c00       0x34 examples/http/server/CMakeFiles/wizchip_http_server.dir/C_/Users/janeg/.pico-sdk/sdk/2.2.0/lib/tinyusb/src/class/cdc/cdc_device.c.obj
                0x10004c00                tud_cdc_n_connected
 .text.tud_cdc_n_available
                0x10004c34       0x18 examples/http/server/CMakeFiles/wizchip_http_server.dir/C_/Users/janeg/.pico-sdk/sdk/2.2.0/lib/tinyusb/src/class/cdc/cdc_device.c.obj
                0x10004c34                tud_cdc_n_available
 .text.tud_cdc_n_read
                0x10004c4c       0x34 examples/http/server/CMakeFiles/wizchip_http_server.dir/C_/Users/janeg/.pico-sdk/sdk/2.2.0/lib/tinyusb/src/class/cdc/cdc_device.c.obj
                0x10004c4c                tud_cdc_n_read
 .text.tud_cdc_n_write_flush
                0x10004c80       0xb8 examples/http/server/CMakeFiles/wizchip_http_server.dir/C_/Users/janeg/.pico-sdk/sdk/2.2.0/lib/tinyusb/src/class/cdc/cdc_device.c.obj
                0x10004c80                tud_cdc_n_write_flush
 .text.tud_cdc_n_write
                0x10004d38       0x44 examples/http/server/CMakeFiles/wizchip_http_server.dir/C_/Users/janeg/.pico-sdk/sdk/2.2.0/lib/tinyusb/src/class/cdc/cdc_device.c.obj
                0x10004d38                tud_cdc_n_write
 .text.tud_cdc_n_write_available
                0x10004d7c       0x1c examples/http/server/CMakeFiles/wizchip_http_server.dir/C_/Users/janeg/.pico-sdk/sdk/2.2.0/lib/tinyusb/src/class/cdc/cdc_device.c.obj
                0x10004d7c                tud_cdc_n_write_available
 .text.cdcd_init
                0x10004d98       0xa4 examples/http/server/CMakeFiles/wizchip_http_server.dir/C_/Users/janeg/.pico-sdk/sdk/2.2.0/lib/tinyusb/src/class/cdc/cdc_device.c.obj
                0x10004d98                cdcd_init
 .text.cdcd_deinit
                0x10004e3c       0x40 examples/http/server/CMakeFiles/wizchip_http_server.dir/C_/Users/janeg/.pico-sdk/sdk/2.2.0/lib/tinyusb/src/class/cdc/cdc_device.c.obj
                0x10004e3c                cdcd_deinit
 .text.cdcd_reset
                0x10004e7c       0x78 examples/http/server/CMakeFiles/wizchip_http_server.dir/C_/Users/janeg/.pico-sdk/sdk/2.2.0/lib/tinyusb/src/class/cdc/cdc_device.c.obj
                0x10004e7c                cdcd_reset
 .text.cdcd_open
                0x10004ef4      0x124 examples/http/server/CMakeFiles/wizchip_http_server.dir/C_/Users/janeg/.pico-sdk/sdk/2.2.0/lib/tinyusb/src/class/cdc/cdc_device.c.obj
                0x10004ef4                cdcd_open
 .text.cdcd_control_xfer_cb
                0x10005018      0x120 examples/http/server/CMakeFiles/wizchip_http_server.dir/C_/Users/janeg/.pico-sdk/sdk/2.2.0/lib/tinyusb/src/class/cdc/cdc_device.c.obj
                0x10005018                cdcd_control_xfer_cb
 .text.cdcd_xfer_cb
                0x10005138      0x138 examples/http/server/CMakeFiles/wizchip_http_server.dir/C_/Users/janeg/.pico-sdk/sdk/2.2.0/lib/tinyusb/src/class/cdc/cdc_device.c.obj
                0x10005138                cdcd_xfer_cb
 .text.tud_vendor_n_mounted
                0x10005270       0x30 examples/http/server/CMakeFiles/wizchip_http_server.dir/C_/Users/janeg/.pico-sdk/sdk/2.2.0/lib/tinyusb/src/class/vendor/vendor_device.c.obj
                0x10005270                tud_vendor_n_mounted
 .text.tud_vendor_n_write_flush
                0x100052a0       0x20 examples/http/server/CMakeFiles/wizchip_http_server.dir/C_/Users/janeg/.pico-sdk/sdk/2.2.0/lib/tinyusb/src/class/vendor/vendor_device.c.obj
                0x100052a0                tud_vendor_n_write_flush
 .text.vendord_init
                0x100052c0       0x90 examples/http/server/CMakeFiles/wizchip_http_server.dir/C_/Users/janeg/.pico-sdk/sdk/2.2.0/lib/tinyusb/src/class/vendor/vendor_device.c.obj
                0x100052c0                vendord_init
 .text.vendord_deinit
                0x10005350       0x30 examples/http/server/CMakeFiles/wizchip_http_server.dir/C_/Users/janeg/.pico-sdk/sdk/2.2.0/lib/tinyusb/src/class/vendor/vendor_device.c.obj
                0x10005350                vendord_deinit
 .text.vendord_reset
                0x10005380       0x48 examples/http/server/CMakeFiles/wizchip_http_server.dir/C_/Users/janeg/.pico-sdk/sdk/2.2.0/lib/tinyusb/src/class/vendor/vendor_device.c.obj
                0x10005380                vendord_reset
 .text.vendord_open
                0x100053c8      0x144 examples/http/server/CMakeFiles/wizchip_http_server.dir/C_/Users/janeg/.pico-sdk/sdk/2.2.0/lib/tinyusb/src/class/vendor/vendor_device.c.obj
                0x100053c8                vendord_open
 .text.vendord_xfer_cb
                0x1000550c       0xb8 examples/http/server/CMakeFiles/wizchip_http_server.dir/C_/Users/janeg/.pico-sdk/sdk/2.2.0/lib/tinyusb/src/class/vendor/vendor_device.c.obj
                0x1000550c                vendord_xfer_cb
 .text.tusb_rhport_init
                0x100055c4       0xac examples/http/server/CMakeFiles/wizchip_http_server.dir/C_/Users/janeg/.pico-sdk/sdk/2.2.0/lib/tinyusb/src/tusb.c.obj
                0x100055c4                tusb_rhport_init
 .text.tu_edpt_claim
                0x10005670       0x50 examples/http/server/CMakeFiles/wizchip_http_server.dir/C_/Users/janeg/.pico-sdk/sdk/2.2.0/lib/tinyusb/src/tusb.c.obj
                0x10005670                tu_edpt_claim
 .text.tu_edpt_release
                0x100056c0       0x3c examples/http/server/CMakeFiles/wizchip_http_server.dir/C_/Users/janeg/.pico-sdk/sdk/2.2.0/lib/tinyusb/src/tusb.c.obj
                0x100056c0                tu_edpt_release
 .text.tu_edpt_validate
                0x100056fc       0xe0 examples/http/server/CMakeFiles/wizchip_http_server.dir/C_/Users/janeg/.pico-sdk/sdk/2.2.0/lib/tinyusb/src/tusb.c.obj
                0x100056fc                tu_edpt_validate
 .text.tu_edpt_bind_driver
                0x100057dc       0x4a examples/http/server/CMakeFiles/wizchip_http_server.dir/C_/Users/janeg/.pico-sdk/sdk/2.2.0/lib/tinyusb/src/tusb.c.obj
                0x100057dc                tu_edpt_bind_driver
 .text.tu_edpt_stream_init
                0x10005826       0x54 examples/http/server/CMakeFiles/wizchip_http_server.dir/C_/Users/janeg/.pico-sdk/sdk/2.2.0/lib/tinyusb/src/tusb.c.obj
                0x10005826                tu_edpt_stream_init
 .text.tu_edpt_stream_deinit
                0x1000587a        0x4 examples/http/server/CMakeFiles/wizchip_http_server.dir/C_/Users/janeg/.pico-sdk/sdk/2.2.0/lib/tinyusb/src/tusb.c.obj
                0x1000587a                tu_edpt_stream_deinit
 *fill*         0x1000587e        0x2 
 .text.tu_edpt_stream_write_zlp_if_needed
                0x10005880       0x90 examples/http/server/CMakeFiles/wizchip_http_server.dir/C_/Users/janeg/.pico-sdk/sdk/2.2.0/lib/tinyusb/src/tusb.c.obj
                0x10005880                tu_edpt_stream_write_zlp_if_needed
 .text.tu_edpt_stream_write_xfer
                0x10005910       0x98 examples/http/server/CMakeFiles/wizchip_http_server.dir/C_/Users/janeg/.pico-sdk/sdk/2.2.0/lib/tinyusb/src/tusb.c.obj
                0x10005910                tu_edpt_stream_write_xfer
 .text.tu_edpt_stream_read_xfer
                0x100059a8      0x118 examples/http/server/CMakeFiles/wizchip_http_server.dir/C_/Users/janeg/.pico-sdk/sdk/2.2.0/lib/tinyusb/src/tusb.c.obj
                0x100059a8                tu_edpt_stream_read_xfer
 .text.advance_index
                0x10005ac0       0x1a examples/http/server/CMakeFiles/wizchip_http_server.dir/C_/Users/janeg/.pico-sdk/sdk/2.2.0/lib/tinyusb/src/common/tusb_fifo.c.obj
 .text._tu_fifo_peek
                0x10005ada       0x62 examples/http/server/CMakeFiles/wizchip_http_server.dir/C_/Users/janeg/.pico-sdk/sdk/2.2.0/lib/tinyusb/src/common/tusb_fifo.c.obj
 .text._ff_pull_n
                0x10005b3c       0x68 examples/http/server/CMakeFiles/wizchip_http_server.dir/C_/Users/janeg/.pico-sdk/sdk/2.2.0/lib/tinyusb/src/common/tusb_fifo.c.obj
 .text._tu_fifo_peek_n
                0x10005ba4       0x6a examples/http/server/CMakeFiles/wizchip_http_server.dir/C_/Users/janeg/.pico-sdk/sdk/2.2.0/lib/tinyusb/src/common/tusb_fifo.c.obj
 .text._tu_fifo_read_n
                0x10005c0e       0x4c examples/http/server/CMakeFiles/wizchip_http_server.dir/C_/Users/janeg/.pico-sdk/sdk/2.2.0/lib/tinyusb/src/common/tusb_fifo.c.obj
 .text._ff_push_n
                0x10005c5a       0x66 examples/http/server/CMakeFiles/wizchip_http_server.dir/C_/Users/janeg/.pico-sdk/sdk/2.2.0/lib/tinyusb/src/common/tusb_fifo.c.obj
 .text._tu_fifo_write_n
                0x10005cc0       0xf0 examples/http/server/CMakeFiles/wizchip_http_server.dir/C_/Users/janeg/.pico-sdk/sdk/2.2.0/lib/tinyusb/src/common/tusb_fifo.c.obj
 .text.tu_fifo_config
                0x10005db0       0x62 examples/http/server/CMakeFiles/wizchip_http_server.dir/C_/Users/janeg/.pico-sdk/sdk/2.2.0/lib/tinyusb/src/common/tusb_fifo.c.obj
                0x10005db0                tu_fifo_config
 .text.tu_fifo_count
                0x10005e12       0x28 examples/http/server/CMakeFiles/wizchip_http_server.dir/C_/Users/janeg/.pico-sdk/sdk/2.2.0/lib/tinyusb/src/common/tusb_fifo.c.obj
                0x10005e12                tu_fifo_count
 .text.tu_fifo_empty
                0x10005e3a       0x12 examples/http/server/CMakeFiles/wizchip_http_server.dir/C_/Users/janeg/.pico-sdk/sdk/2.2.0/lib/tinyusb/src/common/tusb_fifo.c.obj
                0x10005e3a                tu_fifo_empty
 .text.tu_fifo_full
                0x10005e4c       0x28 examples/http/server/CMakeFiles/wizchip_http_server.dir/C_/Users/janeg/.pico-sdk/sdk/2.2.0/lib/tinyusb/src/common/tusb_fifo.c.obj
                0x10005e4c                tu_fifo_full
 .text.tu_fifo_remaining
                0x10005e74       0x2c examples/http/server/CMakeFiles/wizchip_http_server.dir/C_/Users/janeg/.pico-sdk/sdk/2.2.0/lib/tinyusb/src/common/tusb_fifo.c.obj
                0x10005e74                tu_fifo_remaining
 .text.tu_fifo_read
                0x10005ea0       0x3e examples/http/server/CMakeFiles/wizchip_http_server.dir/C_/Users/janeg/.pico-sdk/sdk/2.2.0/lib/tinyusb/src/common/tusb_fifo.c.obj
                0x10005ea0                tu_fifo_read
 .text.tu_fifo_read_n
                0x10005ede        0xa examples/http/server/CMakeFiles/wizchip_http_server.dir/C_/Users/janeg/.pico-sdk/sdk/2.2.0/lib/tinyusb/src/common/tusb_fifo.c.obj
                0x10005ede                tu_fifo_read_n
 .text.tu_fifo_write
                0x10005ee8       0x5e examples/http/server/CMakeFiles/wizchip_http_server.dir/C_/Users/janeg/.pico-sdk/sdk/2.2.0/lib/tinyusb/src/common/tusb_fifo.c.obj
                0x10005ee8                tu_fifo_write
 .text.tu_fifo_write_n
                0x10005f46        0xa examples/http/server/CMakeFiles/wizchip_http_server.dir/C_/Users/janeg/.pico-sdk/sdk/2.2.0/lib/tinyusb/src/common/tusb_fifo.c.obj
                0x10005f46                tu_fifo_write_n
 .text.tu_fifo_clear
                0x10005f50       0x36 examples/http/server/CMakeFiles/wizchip_http_server.dir/C_/Users/janeg/.pico-sdk/sdk/2.2.0/lib/tinyusb/src/common/tusb_fifo.c.obj
                0x10005f50                tu_fifo_clear
 .text.tu_fifo_set_overwritable
                0x10005f86       0x3a examples/http/server/CMakeFiles/wizchip_http_server.dir/C_/Users/janeg/.pico-sdk/sdk/2.2.0/lib/tinyusb/src/common/tusb_fifo.c.obj
                0x10005f86                tu_fifo_set_overwritable
 .text.spi_unreset
                0x10005fc0       0x2c examples/http/server/CMakeFiles/wizchip_http_server.dir/C_/Users/janeg/.pico-sdk/sdk/2.2.0/src/rp2_common/hardware_spi/spi.c.obj
 .text.spi_set_baudrate
                0x10005fec       0x7e examples/http/server/CMakeFiles/wizchip_http_server.dir/C_/Users/janeg/.pico-sdk/sdk/2.2.0/src/rp2_common/hardware_spi/spi.c.obj
                0x10005fec                spi_set_baudrate
 *fill*         0x1000606a        0x2 
 .text.spi_init
                0x1000606c       0x68 examples/http/server/CMakeFiles/wizchip_http_server.dir/C_/Users/janeg/.pico-sdk/sdk/2.2.0/src/rp2_common/hardware_spi/spi.c.obj
                0x1000606c                spi_init
 .text.close    0x100060d4       0x78 examples/http/server/CMakeFiles/wizchip_http_server.dir/__/__/__/libraries/ioLibrary_Driver/Ethernet/socket.c.obj
                0x100060d4                close
 .text.socket   0x1000614c      0x268 examples/http/server/CMakeFiles/wizchip_http_server.dir/__/__/__/libraries/ioLibrary_Driver/Ethernet/socket.c.obj
                0x1000614c                socket
 .text.listen   0x100063b4       0x6c examples/http/server/CMakeFiles/wizchip_http_server.dir/__/__/__/libraries/ioLibrary_Driver/Ethernet/socket.c.obj
                0x100063b4                listen
 .text.disconnect
                0x10006420       0x9c examples/http/server/CMakeFiles/wizchip_http_server.dir/__/__/__/libraries/ioLibrary_Driver/Ethernet/socket.c.obj
                0x10006420                disconnect
 .text.send     0x100064bc      0x108 examples/http/server/CMakeFiles/wizchip_http_server.dir/__/__/__/libraries/ioLibrary_Driver/Ethernet/socket.c.obj
                0x100064bc                send
 .text.recv     0x100065c4       0xd8 examples/http/server/CMakeFiles/wizchip_http_server.dir/__/__/__/libraries/ioLibrary_Driver/Ethernet/socket.c.obj
                0x100065c4                recv
 .text.wizchip_cris_enter
                0x1000669c        0x2 examples/http/server/CMakeFiles/wizchip_http_server.dir/__/__/__/libraries/ioLibrary_Driver/Ethernet/wizchip_conf.c.obj
                0x1000669c                wizchip_cris_enter
 .text.wizchip_cris_exit
                0x1000669e        0x2 examples/http/server/CMakeFiles/wizchip_http_server.dir/__/__/__/libraries/ioLibrary_Driver/Ethernet/wizchip_conf.c.obj
                0x1000669e                wizchip_cris_exit
 .text.wizchip_cs_select
                0x100066a0        0x2 examples/http/server/CMakeFiles/wizchip_http_server.dir/__/__/__/libraries/ioLibrary_Driver/Ethernet/wizchip_conf.c.obj
                0x100066a0                wizchip_cs_select
 .text.wizchip_cs_deselect
                0x100066a2        0x2 examples/http/server/CMakeFiles/wizchip_http_server.dir/__/__/__/libraries/ioLibrary_Driver/Ethernet/wizchip_conf.c.obj
                0x100066a2                wizchip_cs_deselect
 .text.wizchip_bus_readdata
                0x100066a4        0x4 examples/http/server/CMakeFiles/wizchip_http_server.dir/__/__/__/libraries/ioLibrary_Driver/Ethernet/wizchip_conf.c.obj
                0x100066a4                wizchip_bus_readdata
 .text.wizchip_bus_writedata
                0x100066a8        0x4 examples/http/server/CMakeFiles/wizchip_http_server.dir/__/__/__/libraries/ioLibrary_Driver/Ethernet/wizchip_conf.c.obj
                0x100066a8                wizchip_bus_writedata
 .text.wizchip_spi_readbyte
                0x100066ac        0x4 examples/http/server/CMakeFiles/wizchip_http_server.dir/__/__/__/libraries/ioLibrary_Driver/Ethernet/wizchip_conf.c.obj
                0x100066ac                wizchip_spi_readbyte
 .text.wizchip_spi_writebyte
                0x100066b0        0x2 examples/http/server/CMakeFiles/wizchip_http_server.dir/__/__/__/libraries/ioLibrary_Driver/Ethernet/wizchip_conf.c.obj
                0x100066b0                wizchip_spi_writebyte
 *fill*         0x100066b2        0x2 
 .text.wizchip_spi_readburst
                0x100066b4       0x24 examples/http/server/CMakeFiles/wizchip_http_server.dir/__/__/__/libraries/ioLibrary_Driver/Ethernet/wizchip_conf.c.obj
                0x100066b4                wizchip_spi_readburst
 .text.wizchip_spi_writeburst
                0x100066d8       0x24 examples/http/server/CMakeFiles/wizchip_http_server.dir/__/__/__/libraries/ioLibrary_Driver/Ethernet/wizchip_conf.c.obj
                0x100066d8                wizchip_spi_writeburst
 .text._spi_rbuf_u16
                0x100066fc       0x14 examples/http/server/CMakeFiles/wizchip_http_server.dir/__/__/__/libraries/ioLibrary_Driver/Ethernet/wizchip_conf.c.obj
 .text._spi_wbuf_u16
                0x10006710       0x14 examples/http/server/CMakeFiles/wizchip_http_server.dir/__/__/__/libraries/ioLibrary_Driver/Ethernet/wizchip_conf.c.obj
 .text.reg_wizchip_cris_cbfunc
                0x10006724       0x24 examples/http/server/CMakeFiles/wizchip_http_server.dir/__/__/__/libraries/ioLibrary_Driver/Ethernet/wizchip_conf.c.obj
                0x10006724                reg_wizchip_cris_cbfunc
 .text.reg_wizchip_cs_cbfunc
                0x10006748       0x24 examples/http/server/CMakeFiles/wizchip_http_server.dir/__/__/__/libraries/ioLibrary_Driver/Ethernet/wizchip_conf.c.obj
                0x10006748                reg_wizchip_cs_cbfunc
 .text.reg_wizchip_spi_cbfunc
                0x1000676c       0x7c examples/http/server/CMakeFiles/wizchip_http_server.dir/__/__/__/libraries/ioLibrary_Driver/Ethernet/wizchip_conf.c.obj
                0x1000676c                reg_wizchip_spi_cbfunc
 .text.wizchip_sw_reset
                0x100067e8      0x13c examples/http/server/CMakeFiles/wizchip_http_server.dir/__/__/__/libraries/ioLibrary_Driver/Ethernet/wizchip_conf.c.obj
                0x100067e8                wizchip_sw_reset
 .text.wizchip_init
                0x10006924       0x8a examples/http/server/CMakeFiles/wizchip_http_server.dir/__/__/__/libraries/ioLibrary_Driver/Ethernet/wizchip_conf.c.obj
                0x10006924                wizchip_init
 *fill*         0x100069ae        0x2 
 .text.wizchip_clrinterrupt
                0x100069b0       0x4c examples/http/server/CMakeFiles/wizchip_http_server.dir/__/__/__/libraries/ioLibrary_Driver/Ethernet/wizchip_conf.c.obj
                0x100069b0                wizchip_clrinterrupt
 .text.wizchip_getinterrupt
                0x100069fc       0x2c examples/http/server/CMakeFiles/wizchip_http_server.dir/__/__/__/libraries/ioLibrary_Driver/Ethernet/wizchip_conf.c.obj
                0x100069fc                wizchip_getinterrupt
 .text.wizchip_setinterruptmask
                0x10006a28       0x30 examples/http/server/CMakeFiles/wizchip_http_server.dir/__/__/__/libraries/ioLibrary_Driver/Ethernet/wizchip_conf.c.obj
                0x10006a28                wizchip_setinterruptmask
 .text.wizchip_getinterruptmask
                0x10006a58       0x2c examples/http/server/CMakeFiles/wizchip_http_server.dir/__/__/__/libraries/ioLibrary_Driver/Ethernet/wizchip_conf.c.obj
                0x10006a58                wizchip_getinterruptmask
 .text.wizphy_getphylink
                0x10006a84       0x16 examples/http/server/CMakeFiles/wizchip_http_server.dir/__/__/__/libraries/ioLibrary_Driver/Ethernet/wizchip_conf.c.obj
                0x10006a84                wizphy_getphylink
 .text.wizphy_getphypmode
                0x10006a9a       0x16 examples/http/server/CMakeFiles/wizchip_http_server.dir/__/__/__/libraries/ioLibrary_Driver/Ethernet/wizchip_conf.c.obj
                0x10006a9a                wizphy_getphypmode
 .text.wizphy_reset
                0x10006ab0       0x26 examples/http/server/CMakeFiles/wizchip_http_server.dir/__/__/__/libraries/ioLibrary_Driver/Ethernet/wizchip_conf.c.obj
                0x10006ab0                wizphy_reset
 *fill*         0x10006ad6        0x2 
 .text.wizphy_setphyconf
                0x10006ad8       0x80 examples/http/server/CMakeFiles/wizchip_http_server.dir/__/__/__/libraries/ioLibrary_Driver/Ethernet/wizchip_conf.c.obj
                0x10006ad8                wizphy_setphyconf
 .text.wizphy_getphyconf
                0x10006b58       0x38 examples/http/server/CMakeFiles/wizchip_http_server.dir/__/__/__/libraries/ioLibrary_Driver/Ethernet/wizchip_conf.c.obj
                0x10006b58                wizphy_getphyconf
 .text.wizphy_setphypmode
                0x10006b90       0x24 examples/http/server/CMakeFiles/wizchip_http_server.dir/__/__/__/libraries/ioLibrary_Driver/Ethernet/wizchip_conf.c.obj
                0x10006b90                wizphy_setphypmode
 .text.ctlwizchip
                0x10006bb4      0x1c8 examples/http/server/CMakeFiles/wizchip_http_server.dir/__/__/__/libraries/ioLibrary_Driver/Ethernet/wizchip_conf.c.obj
                0x10006bb4                ctlwizchip
 .text.wizchip_setnetinfo
                0x10006d7c       0xc4 examples/http/server/CMakeFiles/wizchip_http_server.dir/__/__/__/libraries/ioLibrary_Driver/Ethernet/wizchip_conf.c.obj
                0x10006d7c                wizchip_setnetinfo
 .text.wizchip_getnetinfo
                0x10006e40       0xc4 examples/http/server/CMakeFiles/wizchip_http_server.dir/__/__/__/libraries/ioLibrary_Driver/Ethernet/wizchip_conf.c.obj
                0x10006e40                wizchip_getnetinfo
 .text.wizchip_setnetmode
                0x10006f04       0x38 examples/http/server/CMakeFiles/wizchip_http_server.dir/__/__/__/libraries/ioLibrary_Driver/Ethernet/wizchip_conf.c.obj
                0x10006f04                wizchip_setnetmode
 .text.wizchip_getnetmode
                0x10006f3c       0x30 examples/http/server/CMakeFiles/wizchip_http_server.dir/__/__/__/libraries/ioLibrary_Driver/Ethernet/wizchip_conf.c.obj
                0x10006f3c                wizchip_getnetmode
 .text.wizchip_settimeout
                0x10006f6c       0x50 examples/http/server/CMakeFiles/wizchip_http_server.dir/__/__/__/libraries/ioLibrary_Driver/Ethernet/wizchip_conf.c.obj
                0x10006f6c                wizchip_settimeout
 .text.wizchip_gettimeout
                0x10006fbc       0x54 examples/http/server/CMakeFiles/wizchip_http_server.dir/__/__/__/libraries/ioLibrary_Driver/Ethernet/wizchip_conf.c.obj
                0x10006fbc                wizchip_gettimeout
 .text.ctlnetwork
                0x10007010       0x70 examples/http/server/CMakeFiles/wizchip_http_server.dir/__/__/__/libraries/ioLibrary_Driver/Ethernet/wizchip_conf.c.obj
                0x10007010                ctlnetwork
 .text.WIZCHIP_WRITE
                0x10007080       0x74 examples/http/server/CMakeFiles/wizchip_http_server.dir/__/__/__/libraries/ioLibrary_Driver/Ethernet/W6100/w6100.c.obj
                0x10007080                WIZCHIP_WRITE
 .text.WIZCHIP_READ
                0x100070f4       0x68 examples/http/server/CMakeFiles/wizchip_http_server.dir/__/__/__/libraries/ioLibrary_Driver/Ethernet/W6100/w6100.c.obj
                0x100070f4                WIZCHIP_READ
 .text.WIZCHIP_WRITE_BUF
                0x1000715c       0x88 examples/http/server/CMakeFiles/wizchip_http_server.dir/__/__/__/libraries/ioLibrary_Driver/Ethernet/W6100/w6100.c.obj
                0x1000715c                WIZCHIP_WRITE_BUF
 .text.WIZCHIP_READ_BUF
                0x100071e4       0x7c examples/http/server/CMakeFiles/wizchip_http_server.dir/__/__/__/libraries/ioLibrary_Driver/Ethernet/W6100/w6100.c.obj
                0x100071e4                WIZCHIP_READ_BUF
 .text.getSn_TX_FSR
                0x10007260       0x30 examples/http/server/CMakeFiles/wizchip_http_server.dir/__/__/__/libraries/ioLibrary_Driver/Ethernet/W6100/w6100.c.obj
                0x10007260                getSn_TX_FSR
 .text.getSn_RX_RSR
                0x10007290       0x30 examples/http/server/CMakeFiles/wizchip_http_server.dir/__/__/__/libraries/ioLibrary_Driver/Ethernet/W6100/w6100.c.obj
                0x10007290                getSn_RX_RSR
 .text.wiz_send_data
                0x100072c0       0x54 examples/http/server/CMakeFiles/wizchip_http_server.dir/__/__/__/libraries/ioLibrary_Driver/Ethernet/W6100/w6100.c.obj
                0x100072c0                wiz_send_data
 .text.wiz_recv_data
                0x10007314       0x5a examples/http/server/CMakeFiles/wizchip_http_server.dir/__/__/__/libraries/ioLibrary_Driver/Ethernet/W6100/w6100.c.obj
                0x10007314                wiz_recv_data
 *fill*         0x1000736e        0x2 
 .text.wiz_mdio_write
                0x10007370       0x40 examples/http/server/CMakeFiles/wizchip_http_server.dir/__/__/__/libraries/ioLibrary_Driver/Ethernet/W6100/w6100.c.obj
                0x10007370                wiz_mdio_write
 .text.wiz_mdio_read
                0x100073b0       0x44 examples/http/server/CMakeFiles/wizchip_http_server.dir/__/__/__/libraries/ioLibrary_Driver/Ethernet/W6100/w6100.c.obj
                0x100073b0                wiz_mdio_read
 .text.wizchip_select
                0x100073f4        0xc examples/http/server/CMakeFiles/wizchip_http_server.dir/__/__/__/port/ioLibrary_Driver/src/wizchip_spi.c.obj
 .text.wizchip_deselect
                0x10007400        0xc examples/http/server/CMakeFiles/wizchip_http_server.dir/__/__/__/port/ioLibrary_Driver/src/wizchip_spi.c.obj
 .text.wizchip_critical_section_lock
                0x1000740c       0x2c examples/http/server/CMakeFiles/wizchip_http_server.dir/__/__/__/port/ioLibrary_Driver/src/wizchip_spi.c.obj
 .text.wizchip_critical_section_unlock
                0x10007438       0x18 examples/http/server/CMakeFiles/wizchip_http_server.dir/__/__/__/port/ioLibrary_Driver/src/wizchip_spi.c.obj
 .text.wizchip_write_buf
                0x10007450       0x14 examples/http/server/CMakeFiles/wizchip_http_server.dir/__/__/__/port/ioLibrary_Driver/src/wizchip_spi.c.obj
 .text.wizchip_write
                0x10007464       0x20 examples/http/server/CMakeFiles/wizchip_http_server.dir/__/__/__/port/ioLibrary_Driver/src/wizchip_spi.c.obj
 .text.wizchip_read_buf
                0x10007484       0x14 examples/http/server/CMakeFiles/wizchip_http_server.dir/__/__/__/port/ioLibrary_Driver/src/wizchip_spi.c.obj
 .text.wizchip_read
                0x10007498       0x28 examples/http/server/CMakeFiles/wizchip_http_server.dir/__/__/__/port/ioLibrary_Driver/src/wizchip_spi.c.obj
 .text.wizchip_reset
                0x100074c0       0x2c examples/http/server/CMakeFiles/wizchip_http_server.dir/__/__/__/port/ioLibrary_Driver/src/wizchip_spi.c.obj
                0x100074c0                wizchip_reset
 .text.wizchip_spi_initialize
                0x100074ec       0x40 examples/http/server/CMakeFiles/wizchip_http_server.dir/__/__/__/port/ioLibrary_Driver/src/wizchip_spi.c.obj
                0x100074ec                wizchip_spi_initialize
 .text.wizchip_cris_initialize
                0x1000752c       0x20 examples/http/server/CMakeFiles/wizchip_http_server.dir/__/__/__/port/ioLibrary_Driver/src/wizchip_spi.c.obj
                0x1000752c                wizchip_cris_initialize
 .text.wizchip_initialize
                0x1000754c       0x90 examples/http/server/CMakeFiles/wizchip_http_server.dir/__/__/__/port/ioLibrary_Driver/src/wizchip_spi.c.obj
                0x1000754c                wizchip_initialize
 .text.wizchip_check
                0x100075dc       0x3c examples/http/server/CMakeFiles/wizchip_http_server.dir/__/__/__/port/ioLibrary_Driver/src/wizchip_spi.c.obj
                0x100075dc                wizchip_check
 .text.network_initialize
                0x10007618       0x30 examples/http/server/CMakeFiles/wizchip_http_server.dir/__/__/__/port/ioLibrary_Driver/src/wizchip_spi.c.obj
                0x10007618                network_initialize
 .text.print_ipv6_addr
                0x10007648       0x78 examples/http/server/CMakeFiles/wizchip_http_server.dir/__/__/__/port/ioLibrary_Driver/src/wizchip_spi.c.obj
                0x10007648                print_ipv6_addr
 .text.print_network_information
                0x100076c0      0x12c examples/http/server/CMakeFiles/wizchip_http_server.dir/__/__/__/port/ioLibrary_Driver/src/wizchip_spi.c.obj
                0x100076c0                print_network_information
 .text.make_http_response_head
                0x100077ec       0xec examples/http/server/CMakeFiles/wizchip_http_server.dir/__/__/__/libraries/ioLibrary_Driver/Internet/httpServer/httpParser.c.obj
                0x100077ec                make_http_response_head
 .text.find_http_uri_type
                0x100078d8      0x244 examples/http/server/CMakeFiles/wizchip_http_server.dir/__/__/__/libraries/ioLibrary_Driver/Internet/httpServer/httpParser.c.obj
                0x100078d8                find_http_uri_type
 .text.parse_http_request
                0x10007b1c       0xb8 examples/http/server/CMakeFiles/wizchip_http_server.dir/__/__/__/libraries/ioLibrary_Driver/Internet/httpServer/httpParser.c.obj
                0x10007b1c                parse_http_request
 .text.get_http_uri_name
                0x10007bd4       0x3c examples/http/server/CMakeFiles/wizchip_http_server.dir/__/__/__/libraries/ioLibrary_Driver/Internet/httpServer/httpParser.c.obj
                0x10007bd4                get_http_uri_name
 .text.mid      0x10007c10       0x32 examples/http/server/CMakeFiles/wizchip_http_server.dir/__/__/__/libraries/ioLibrary_Driver/Internet/httpServer/httpParser.c.obj
                0x10007c10                mid
 .text.default_mcu_reset
                0x10007c42        0x2 examples/http/server/CMakeFiles/wizchip_http_server.dir/__/__/__/libraries/ioLibrary_Driver/Internet/httpServer/httpServer.c.obj
                0x10007c42                default_mcu_reset
 .text.getHTTPSocketNum
                0x10007c44        0xc examples/http/server/CMakeFiles/wizchip_http_server.dir/__/__/__/libraries/ioLibrary_Driver/Internet/httpServer/httpServer.c.obj
 .text.getHTTPSequenceNum
                0x10007c50       0x24 examples/http/server/CMakeFiles/wizchip_http_server.dir/__/__/__/libraries/ioLibrary_Driver/Internet/httpServer/httpServer.c.obj
 .text.http_disconnect
                0x10007c74       0x22 examples/http/server/CMakeFiles/wizchip_http_server.dir/__/__/__/libraries/ioLibrary_Driver/Internet/httpServer/httpServer.c.obj
 *fill*         0x10007c96        0x2 
 .text.send_http_response_cgi
                0x10007c98       0x4c examples/http/server/CMakeFiles/wizchip_http_server.dir/__/__/__/libraries/ioLibrary_Driver/Internet/httpServer/httpServer.c.obj
 .text.send_http_response_header
                0x10007ce4       0xb8 examples/http/server/CMakeFiles/wizchip_http_server.dir/__/__/__/libraries/ioLibrary_Driver/Internet/httpServer/httpServer.c.obj
 .text.httpServer_Sockinit
                0x10007d9c       0x1c examples/http/server/CMakeFiles/wizchip_http_server.dir/__/__/__/libraries/ioLibrary_Driver/Internet/httpServer/httpServer.c.obj
                0x10007d9c                httpServer_Sockinit
 .text.httpServer_init
                0x10007db8       0x1c examples/http/server/CMakeFiles/wizchip_http_server.dir/__/__/__/libraries/ioLibrary_Driver/Internet/httpServer/httpServer.c.obj
                0x10007db8                httpServer_init
 .text.get_httpServer_timecount
                0x10007dd4        0xc examples/http/server/CMakeFiles/wizchip_http_server.dir/__/__/__/libraries/ioLibrary_Driver/Internet/httpServer/httpServer.c.obj
                0x10007dd4                get_httpServer_timecount
 .text.reg_httpServer_webContent
                0x10007de0       0x5c examples/http/server/CMakeFiles/wizchip_http_server.dir/__/__/__/libraries/ioLibrary_Driver/Internet/httpServer/httpServer.c.obj
                0x10007de0                reg_httpServer_webContent
 .text.find_userReg_webContent
                0x10007e3c       0x4c examples/http/server/CMakeFiles/wizchip_http_server.dir/__/__/__/libraries/ioLibrary_Driver/Internet/httpServer/httpServer.c.obj
                0x10007e3c                find_userReg_webContent
 .text.read_userReg_webContent
                0x10007e88       0x40 examples/http/server/CMakeFiles/wizchip_http_server.dir/__/__/__/libraries/ioLibrary_Driver/Internet/httpServer/httpServer.c.obj
                0x10007e88                read_userReg_webContent
 .text.send_http_response_body
                0x10007ec8      0x164 examples/http/server/CMakeFiles/wizchip_http_server.dir/__/__/__/libraries/ioLibrary_Driver/Internet/httpServer/httpServer.c.obj
 .text.http_process_handler
                0x1000802c      0x2a8 examples/http/server/CMakeFiles/wizchip_http_server.dir/__/__/__/libraries/ioLibrary_Driver/Internet/httpServer/httpServer.c.obj
 .text.httpServer_run
                0x100082d4      0x278 examples/http/server/CMakeFiles/wizchip_http_server.dir/__/__/__/libraries/ioLibrary_Driver/Internet/httpServer/httpServer.c.obj
                0x100082d4                httpServer_run
 .text.predefined_get_cgi_processor
                0x1000854c        0x2 examples/http/server/CMakeFiles/wizchip_http_server.dir/__/__/__/libraries/ioLibrary_Driver/Internet/httpServer/httpUtil.c.obj
                0x1000854c                predefined_get_cgi_processor
 *fill*         0x1000854e        0x2 
 .text.http_get_cgi_handler
                0x10008550       0x34 examples/http/server/CMakeFiles/wizchip_http_server.dir/__/__/__/libraries/ioLibrary_Driver/Internet/httpServer/httpUtil.c.obj
                0x10008550                http_get_cgi_handler
 .text.predefined_set_cgi_processor
                0x10008584        0x2 examples/http/server/CMakeFiles/wizchip_http_server.dir/__/__/__/libraries/ioLibrary_Driver/Internet/httpServer/httpUtil.c.obj
                0x10008584                predefined_set_cgi_processor
 *fill*         0x10008586        0x2 
 .text.http_post_cgi_handler
                0x10008588       0x50 examples/http/server/CMakeFiles/wizchip_http_server.dir/__/__/__/libraries/ioLibrary_Driver/Internet/httpServer/httpUtil.c.obj
                0x10008588                http_post_cgi_handler
 .text.malloc   0x100085d8       0x10 C:/Users/janeg/.pico-sdk/toolchain/14_2_Rel1/bin/../lib/gcc/arm-none-eabi/14.2.1/thumb/v8-m.main+fp/softfp\libg.a(libc_a-malloc.o)
                0x100085d8                malloc
 .text._malloc_r
                0x100085e8      0x578 C:/Users/janeg/.pico-sdk/toolchain/14_2_Rel1/bin/../lib/gcc/arm-none-eabi/14.2.1/thumb/v8-m.main+fp/softfp\libg.a(libc_a-mallocr.o)
                0x100085e8                _malloc_r
 .text.__malloc_lock
                0x10008b60        0xc C:/Users/janeg/.pico-sdk/toolchain/14_2_Rel1/bin/../lib/gcc/arm-none-eabi/14.2.1/thumb/v8-m.main+fp/softfp\libg.a(libc_a-mlock.o)
                0x10008b60                __malloc_lock
 .text.__malloc_unlock
                0x10008b6c        0xc C:/Users/janeg/.pico-sdk/toolchain/14_2_Rel1/bin/../lib/gcc/arm-none-eabi/14.2.1/thumb/v8-m.main+fp/softfp\libg.a(libc_a-mlock.o)
                0x10008b6c                __malloc_unlock
 .text.memcmp   0x10008b78       0x5c C:/Users/janeg/.pico-sdk/toolchain/14_2_Rel1/bin/../lib/gcc/arm-none-eabi/14.2.1/thumb/v8-m.main+fp/softfp\libg.a(libc_a-memcmp.o)
                0x10008b78                memcmp
 .text.memset   0x10008bd4       0x9c C:/Users/janeg/.pico-sdk/toolchain/14_2_Rel1/bin/../lib/gcc/arm-none-eabi/14.2.1/thumb/v8-m.main+fp/softfp\libg.a(libc_a-memset.o)
                0x10008bd4                memset
 .text.strcat   0x10008c70       0x40 C:/Users/janeg/.pico-sdk/toolchain/14_2_Rel1/bin/../lib/gcc/arm-none-eabi/14.2.1/thumb/v8-m.main+fp/softfp\libg.a(libc_a-strcat.o)
                0x10008c70                strcat
 .text.strchr   0x10008cb0       0xd0 C:/Users/janeg/.pico-sdk/toolchain/14_2_Rel1/bin/../lib/gcc/arm-none-eabi/14.2.1/thumb/v8-m.main+fp/softfp\libg.a(libc_a-strchr.o)