Archive member included to satisfy reference by file (symbol)

C:/Users/janeg/.pico-sdk/toolchain/14_2_Rel1/bin/../lib/gcc/arm-none-eabi/14.2.1/thumb/v8-m.main+fp/softfp\libm.a(libm_a-wf_sqrt.o)
                              examples/test1/CMakeFiles/test1.dir/C_/Users/janeg/.pico-sdk/sdk/2.2.0/src/rp2_common/pico_float/float_math.c.obj (sqrtf)
C:/Users/janeg/.pico-sdk/toolchain/14_2_Rel1/bin/../lib/gcc/arm-none-eabi/14.2.1/thumb/v8-m.main+fp/softfp\libm.a(libm_a-ef_sqrt.o)
                              C:/Users/janeg/.pico-sdk/toolchain/14_2_Rel1/bin/../lib/gcc/arm-none-eabi/14.2.1/thumb/v8-m.main+fp/softfp\libm.a(libm_a-wf_sqrt.o) (__ieee754_sqrtf)
C:/Users/janeg/.pico-sdk/toolchain/14_2_Rel1/bin/../lib/gcc/arm-none-eabi/14.2.1/thumb/v8-m.main+fp/softfp\libgcc.a(_arm_addsubdf3.o)
                              examples/test1/CMakeFiles/test1.dir/C_/Users/janeg/.pico-sdk/sdk/2.2.0/src/rp2_common/pico_float/float_math.c.obj (__aeabi_f2d)
C:/Users/janeg/.pico-sdk/toolchain/14_2_Rel1/bin/../lib/gcc/arm-none-eabi/14.2.1/thumb/v8-m.main+fp/softfp\libgcc.a(_aeabi_ldivmod.o)
                              examples/test1/CMakeFiles/test1.dir/C_/Users/janeg/.pico-sdk/sdk/2.2.0/src/common/pico_time/time.c.obj (__aeabi_ldivmod)
C:/Users/janeg/.pico-sdk/toolchain/14_2_Rel1/bin/../lib/gcc/arm-none-eabi/14.2.1/thumb/v8-m.main+fp/softfp\libgcc.a(_aeabi_uldivmod.o)
                              examples/test1/CMakeFiles/test1.dir/C_/Users/janeg/.pico-sdk/sdk/2.2.0/src/rp2_common/hardware_clocks/clocks.c.obj (__aeabi_uldivmod)
C:/Users/janeg/.pico-sdk/toolchain/14_2_Rel1/bin/../lib/gcc/arm-none-eabi/14.2.1/thumb/v8-m.main+fp/softfp\libgcc.a(_udivmoddi4.o)
                              C:/Users/janeg/.pico-sdk/toolchain/14_2_Rel1/bin/../lib/gcc/arm-none-eabi/14.2.1/thumb/v8-m.main+fp/softfp\libgcc.a(_aeabi_ldivmod.o) (__udivmoddi4)
C:/Users/janeg/.pico-sdk/toolchain/14_2_Rel1/bin/../lib/gcc/arm-none-eabi/14.2.1/thumb/v8-m.main+fp/softfp\libgcc.a(_dvmd_tls.o)
                              C:/Users/janeg/.pico-sdk/toolchain/14_2_Rel1/bin/../lib/gcc/arm-none-eabi/14.2.1/thumb/v8-m.main+fp/softfp\libgcc.a(_aeabi_ldivmod.o) (__aeabi_ldiv0)
C:/Users/janeg/.pico-sdk/toolchain/14_2_Rel1/bin/../lib/gcc/arm-none-eabi/14.2.1/thumb/v8-m.main+fp/softfp\libg.a(libc_a-calloc.o)
                              examples/test1/CMakeFiles/test1.dir/C_/Users/janeg/.pico-sdk/sdk/2.2.0/src/rp2_common/pico_malloc/malloc.c.obj (calloc)
C:/Users/janeg/.pico-sdk/toolchain/14_2_Rel1/bin/../lib/gcc/arm-none-eabi/14.2.1/thumb/v8-m.main+fp/softfp\libg.a(libc_a-callocr.o)
                              C:/Users/janeg/.pico-sdk/toolchain/14_2_Rel1/bin/../lib/gcc/arm-none-eabi/14.2.1/thumb/v8-m.main+fp/softfp\libg.a(libc_a-calloc.o) (_calloc_r)
C:/Users/janeg/.pico-sdk/toolchain/14_2_Rel1/bin/../lib/gcc/arm-none-eabi/14.2.1/thumb/v8-m.main+fp/softfp\libg.a(libc_a-malloc.o)
                              examples/test1/CMakeFiles/test1.dir/C_/Users/janeg/.pico-sdk/sdk/2.2.0/src/rp2_common/pico_malloc/malloc.c.obj (malloc)
C:/Users/janeg/.pico-sdk/toolchain/14_2_Rel1/bin/../lib/gcc/arm-none-eabi/14.2.1/thumb/v8-m.main+fp/softfp\libg.a(libc_a-mallocr.o)
                              C:/Users/janeg/.pico-sdk/toolchain/14_2_Rel1/bin/../lib/gcc/arm-none-eabi/14.2.1/thumb/v8-m.main+fp/softfp\libg.a(libc_a-callocr.o) (_malloc_r)
C:/Users/janeg/.pico-sdk/toolchain/14_2_Rel1/bin/../lib/gcc/arm-none-eabi/14.2.1/thumb/v8-m.main+fp/softfp\libg.a(libc_a-mlock.o)
                              C:/Users/janeg/.pico-sdk/toolchain/14_2_Rel1/bin/../lib/gcc/arm-none-eabi/14.2.1/thumb/v8-m.main+fp/softfp\libg.a(libc_a-mallocr.o) (__malloc_lock)
C:/Users/janeg/.pico-sdk/toolchain/14_2_Rel1/bin/../lib/gcc/arm-none-eabi/14.2.1/thumb/v8-m.main+fp/softfp\libg.a(libc_a-realloc.o)
                              examples/test1/CMakeFiles/test1.dir/C_/Users/janeg/.pico-sdk/sdk/2.2.0/src/rp2_common/pico_malloc/malloc.c.obj (realloc)
C:/Users/janeg/.pico-sdk/toolchain/14_2_Rel1/bin/../lib/gcc/arm-none-eabi/14.2.1/thumb/v8-m.main+fp/softfp\libg.a(libc_a-reallocr.o)
                              C:/Users/janeg/.pico-sdk/toolchain/14_2_Rel1/bin/../lib/gcc/arm-none-eabi/14.2.1/thumb/v8-m.main+fp/softfp\libg.a(libc_a-realloc.o) (_realloc_r)
C:/Users/janeg/.pico-sdk/toolchain/14_2_Rel1/bin/../lib/gcc/arm-none-eabi/14.2.1/thumb/v8-m.main+fp/softfp\libg.a(libc_a-ctype_.o)
                              examples/test1/CMakeFiles/test1.dir/C_/Users/janeg/.pico-sdk/sdk/2.2.0/lib/tinyusb/src/tusb.c.obj (_ctype_)
C:/Users/janeg/.pico-sdk/toolchain/14_2_Rel1/bin/../lib/gcc/arm-none-eabi/14.2.1/thumb/v8-m.main+fp/softfp\libg.a(libc_a-memcmp.o)
                              examples/test1/CMakeFiles/test1.dir/C_/Users/janeg/.pico-sdk/sdk/2.2.0/src/rp2_common/pico_atomic/atomic.c.obj (memcmp)
C:/Users/janeg/.pico-sdk/toolchain/14_2_Rel1/bin/../lib/gcc/arm-none-eabi/14.2.1/thumb/v8-m.main+fp/softfp\libg.a(libc_a-memmove.o)
[...]
Memory Configuration

Name             Origin             Length             Attributes
FLASH            0x10000000         0x00400000         xr
RAM              0x20000000         0x00080000         xrw
SCRATCH_X        0x20080000         0x00001000         xrw
SCRATCH_Y        0x20081000         0x00001000         xrw
*default*        0x00000000         0xffffffff

Linker script and memory map

LOAD C:/Users/janeg/.pico-sdk/toolchain/14_2_Rel1/bin/../lib/gcc/arm-none-eabi/14.2.1/thumb/v8-m.main+fp/softfp/crti.o
LOAD C:/Users/janeg/.pico-sdk/toolchain/14_2_Rel1/bin/../lib/gcc/arm-none-eabi/14.2.1/thumb/v8-m.main+fp/softfp/crtbegin.o
LOAD C:/Users/janeg/.pico-sdk/toolchain/14_2_Rel1/bin/../lib/gcc/arm-none-eabi/14.2.1/thumb/v8-m.main+fp/softfp/crt0.o

.flash_begin    0x10000000        0x0
                0x10000000                        __flash_binary_start = .

.text           0x10000000     0xb698
                0x10000000                        __logical_binary_start = .
 *(.vectors)
 .vectors       0x10000000      0x124 examples/test1/CMakeFiles/test1.dir/C_/Users/janeg/.pico-sdk/sdk/2.2.0/src/rp2_common/pico_crt0/crt0.S.obj
                0x10000000                __VECTOR_TABLE
                0x10000000                __vectors
                0x10000110                __unhandled_user_irq
                0x10000110                isr_irq49
                0x10000110                isr_irq13
                0x10000110                isr_irq43
                0x10000110                isr_irq45
                0x10000110                isr_irq27
                0x10000110                isr_irq32
                0x10000110                isr_irq31
                0x10000110                isr_irq12
                0x10000110                isr_irq5
                0x10000110                isr_irq11
                0x10000110                isr_irq3
                0x10000110                isr_irq23
                0x10000110                isr_usagefault
                0x10000110                isr_irq48
                0x10000110                isr_irq30
                0x10000110                isr_irq18
                0x10000110                isr_irq50
                0x10000110                isr_irq33
                0x10000110                isr_irq40
                0x10000110                isr_irq28
                0x10000110                isr_irq19
                0x10000110                isr_irq36
                0x10000110                isr_irq41
                0x10000110                isr_irq0
                0x10000110                isr_irq6
                0x10000110                isr_irq26
                0x10000110                isr_irq29
                0x10000110                isr_memmanage
                0x10000110                isr_irq37
                0x10000110                isr_irq42
                0x10000110                isr_irq22
                0x10000110                isr_irq35
                0x10000110                isr_irq17
                0x10000110                isr_irq38
                0x10000110                isr_irq14
                0x10000110                __vectors_end
                0x10000110                __default_isrs_start
                0x10000110                isr_irq2
                0x10000110                isr_irq10
                0x10000110                isr_irq8
                0x10000110                isr_debugmonitor
                0x10000110                isr_irq24
                0x10000110                isr_irq46
                0x10000110                isr_irq1
                0x10000110                isr_irq47
                0x10000110                isr_irq51
                0x10000110                isr_irq7
                0x10000110                isr_irq21
                0x10000110                isr_irq39
                0x10000110                isr_irq20
                0x10000110                isr_irq15
                0x10000110                isr_irq25
                0x10000110                isr_irq34
                0x10000110                isr_irq44
                0x10000110                isr_securefault
                0x10000110                isr_irq4
                0x10000110                isr_busfault
                0x10000110                isr_irq16
                0x10000110                isr_irq9
                0x10000116                unhandled_user_irq_num_in_r0
                0x10000118                isr_invalid
                0x1000011a                isr_nmi
                0x1000011c                isr_hardfault
                0x1000011e                isr_svcall
                0x10000120                isr_pendsv
                0x10000122                isr_systick
                0x10000124                __default_isrs_end
 *(.binary_info_header)
 .binary_info_header
                0x10000124       0x14 examples/test1/CMakeFiles/test1.dir/C_/Users/janeg/.pico-sdk/sdk/2.2.0/src/rp2_common/pico_crt0/crt0.S.obj
                0x10000138                        __binary_info_header_end = .
 *(.embedded_block)
 .embedded_block
                0x10000138       0x14 examples/test1/CMakeFiles/test1.dir/C_/Users/janeg/.pico-sdk/sdk/2.2.0/src/rp2_common/pico_crt0/crt0.S.obj
                0x1000014c                        __embedded_block_end = .
 *(.reset)
 .reset         0x1000014c       0x98 examples/test1/CMakeFiles/test1.dir/C_/Users/janeg/.pico-sdk/sdk/2.2.0/src/rp2_common/pico_crt0/crt0.S.obj
                0x1000014c                _entry_point
 *(.init)
 .init          0x100001e4        0x4 C:/Users/janeg/.pico-sdk/toolchain/14_2_Rel1/bin/../lib/gcc/arm-none-eabi/14.2.1/thumb/v8-m.main+fp/softfp/crti.o
                0x100001e4                _init
 SORT_BY_NAME(REVERSE(*libgcc.a:cmse_nonsecure_call.o))()
 *(EXCLUDE_FILE(*libm.a: *libc.a:*lib_a-mem*.o *libgcc.a:) .text*)
 .text.register_tm_clones
                0x100001e8       0x28 C:/Users/janeg/.pico-sdk/toolchain/14_2_Rel1/bin/../lib/gcc/arm-none-eabi/14.2.1/thumb/v8-m.main+fp/softfp/crtbegin.o
 .text.frame_dummy
                0x10000210       0x24 C:/Users/janeg/.pico-sdk/toolchain/14_2_Rel1/bin/../lib/gcc/arm-none-eabi/14.2.1/thumb/v8-m.main+fp/softfp/crtbegin.o
 .text.repeating_timer_callback
                0x10000234       0x30 examples/test1/CMakeFiles/test1.dir/test1.c.obj
 .text.wizchip_dhcp_conflict
                0x10000264       0x10 examples/test1/CMakeFiles/test1.dir/test1.c.obj
 .text.wizchip_dhcp_init
                0x10000274       0x2c examples/test1/CMakeFiles/test1.dir/test1.c.obj
 .text.wizchip_dhcp_assign
                0x100002a0       0x74 examples/test1/CMakeFiles/test1.dir/test1.c.obj
 .text.start_http_once
                0x10000314       0x60 examples/test1/CMakeFiles/test1.dir/test1.c.obj
 .text.main     0x10000374       0xf0 examples/test1/CMakeFiles/test1.dir/test1.c.obj
                0x10000374                main
 .text.gpio_set_function
                0x10000464       0x38 examples/test1/CMakeFiles/test1.dir/C_/Users/janeg/.pico-sdk/sdk/2.2.0/src/rp2_common/hardware_gpio/gpio.c.obj
                0x10000464                gpio_set_function
 .text.gpio_init
                0x1000049c       0x16 examples/test1/CMakeFiles/test1.dir/C_/Users/janeg/.pico-sdk/sdk/2.2.0/src/rp2_common/hardware_gpio/gpio.c.obj
                0x1000049c                gpio_init
 *fill*         0x100004b2        0x2 
 .text.panic    0x100004b4       0x30 examples/test1/CMakeFiles/test1.dir/C_/Users/janeg/.pico-sdk/sdk/2.2.0/src/rp2_common/pico_platform_panic/panic.c.obj
                0x100004b4                panic
 .text.hw_claim_lock
                0x100004e4       0x24 examples/test1/CMakeFiles/test1.dir/C_/Users/janeg/.pico-sdk/sdk/2.2.0/src/common/hardware_claim/claim.c.obj
                0x100004e4                hw_claim_lock
 .text.hw_claim_unlock
                0x10000508       0x14 examples/test1/CMakeFiles/test1.dir/C_/Users/janeg/.pico-sdk/sdk/2.2.0/src/common/hardware_claim/claim.c.obj
                0x10000508                hw_claim_unlock
 .text.hw_claim_or_assert
                0x1000051c       0x32 examples/test1/CMakeFiles/test1.dir/C_/Users/janeg/.pico-sdk/sdk/2.2.0/src/common/hardware_claim/claim.c.obj
                0x1000051c                hw_claim_or_assert
 .text.hw_claim_unused_from_range
                0x1000054e       0x4e examples/test1/CMakeFiles/test1.dir/C_/Users/janeg/.pico-sdk/sdk/2.2.0/src/common/hardware_claim/claim.c.obj
                0x1000054e                hw_claim_unused_from_range
 .text.next_striped_spin_lock_num
                0x1000059c       0x1c examples/test1/CMakeFiles/test1.dir/C_/Users/janeg/.pico-sdk/sdk/2.2.0/src/rp2_common/hardware_sync/sync.c.obj
                0x1000059c                next_striped_spin_lock_num
 .text.spin_lock_claim_unused
                0x100005b8       0x24 examples/test1/CMakeFiles/test1.dir/C_/Users/janeg/.pico-sdk/sdk/2.2.0/src/rp2_common/hardware_sync/sync.c.obj
                0x100005b8                spin_lock_claim_unused
 .text.spinlock_set_extexclall
                0x100005dc        0xe examples/test1/CMakeFiles/test1.dir/C_/Users/janeg/.pico-sdk/sdk/2.2.0/src/rp2_common/hardware_sync_spin_lock/sync_spin_lock.c.obj
 *fill*         0x100005ea        0x2 
 .text.spin_locks_reset
                0x100005ec       0x1c examples/test1/CMakeFiles/test1.dir/C_/Users/janeg/.pico-sdk/sdk/2.2.0/src/rp2_common/hardware_sync_spin_lock/sync_spin_lock.c.obj
                0x100005ec                spin_locks_reset
 .text.set_raw_irq_handler_and_unlock
                0x10000608       0x24 examples/test1/CMakeFiles/test1.dir/C_/Users/janeg/.pico-sdk/sdk/2.2.0/src/rp2_common/hardware_irq/irq.c.obj
 .text.nvic_ipr0
                0x1000062c        0x8 examples/test1/CMakeFiles/test1.dir/C_/Users/janeg/.pico-sdk/sdk/2.2.0/src/rp2_common/hardware_irq/irq.c.obj
 .text.runtime_init_per_core_irq_priorities
                0x10000634       0x1c examples/test1/CMakeFiles/test1.dir/C_/Users/janeg/.pico-sdk/sdk/2.2.0/src/rp2_common/hardware_irq/irq.c.obj
                0x10000634                runtime_init_per_core_irq_priorities
 .text.resolve_j_16
                0x10000650       0x40 examples/test1/CMakeFiles/test1.dir/C_/Users/janeg/.pico-sdk/sdk/2.2.0/src/rp2_common/hardware_irq/irq.c.obj
 .text.make_j_16
                0x10000690       0x3c examples/test1/CMakeFiles/test1.dir/C_/Users/janeg/.pico-sdk/sdk/2.2.0/src/rp2_common/hardware_irq/irq.c.obj
 .text.insert_bl_32
                0x100006cc       0x3c examples/test1/CMakeFiles/test1.dir/C_/Users/janeg/.pico-sdk/sdk/2.2.0/src/rp2_common/hardware_irq/irq.c.obj
 .text.irq_is_enabled
                0x10000708       0x20 examples/test1/CMakeFiles/test1.dir/C_/Users/janeg/.pico-sdk/sdk/2.2.0/src/rp2_common/hardware_irq/irq.c.obj
                0x10000708                irq_is_enabled
 .text.irq_set_mask_n_enabled
                0x10000728       0x20 examples/test1/CMakeFiles/test1.dir/C_/Users/janeg/.pico-sdk/sdk/2.2.0/src/rp2_common/hardware_irq/irq.c.obj
                0x10000728                irq_set_mask_n_enabled
 .text.irq_set_enabled
                0x10000748       0x14 examples/test1/CMakeFiles/test1.dir/C_/Users/janeg/.pico-sdk/sdk/2.2.0/src/rp2_common/hardware_irq/irq.c.obj
                0x10000748                irq_set_enabled
 .text.irq_set_pending
                0x1000075c       0x18 examples/test1/CMakeFiles/test1.dir/C_/Users/janeg/.pico-sdk/sdk/2.2.0/src/rp2_common/hardware_irq/irq.c.obj
                0x1000075c                irq_set_pending
 .text.irq_get_vtable_handler
                0x10000774       0x10 examples/test1/CMakeFiles/test1.dir/C_/Users/janeg/.pico-sdk/sdk/2.2.0/src/rp2_common/hardware_irq/irq.c.obj
                0x10000774                irq_get_vtable_handler
 .text.irq_has_shared_handler
                0x10000784       0x18 examples/test1/CMakeFiles/test1.dir/C_/Users/janeg/.pico-sdk/sdk/2.2.0/src/rp2_common/hardware_irq/irq.c.obj
                0x10000784                irq_has_shared_handler
 .text.irq_set_exclusive_handler
                0x1000079c       0x60 examples/test1/CMakeFiles/test1.dir/C_/Users/janeg/.pico-sdk/sdk/2.2.0/src/rp2_common/hardware_irq/irq.c.obj
                0x1000079c                irq_set_exclusive_handler
 .text.irq_add_shared_handler
                0x100007fc      0x234 examples/test1/CMakeFiles/test1.dir/C_/Users/janeg/.pico-sdk/sdk/2.2.0/src/rp2_common/hardware_irq/irq.c.obj
                0x100007fc                irq_add_shared_handler
 .text.irq_remove_handler
                0x10000a30      0x178 examples/test1/CMakeFiles/test1.dir/C_/Users/janeg/.pico-sdk/sdk/2.2.0/src/rp2_common/hardware_irq/irq.c.obj
                0x10000a30                irq_remove_handler
 .text.irq_add_tail_to_free_list
                0x10000ba8       0xf8 examples/test1/CMakeFiles/test1.dir/C_/Users/janeg/.pico-sdk/sdk/2.2.0/src/rp2_common/hardware_irq/irq.c.obj
                0x10000ba8                irq_add_tail_to_free_list
 .text.user_irq_claim_unused
                0x10000ca0       0x2c examples/test1/CMakeFiles/test1.dir/C_/Users/janeg/.pico-sdk/sdk/2.2.0/src/rp2_common/hardware_irq/irq.c.obj
                0x10000ca0                user_irq_claim_unused
 .text.lock_init
                0x10000ccc        0xc examples/test1/CMakeFiles/test1.dir/C_/Users/janeg/.pico-sdk/sdk/2.2.0/src/common/pico_sync/lock_core.c.obj
                0x10000ccc                lock_init
 .text.mutex_init
                0x10000cd8       0x1a examples/test1/CMakeFiles/test1.dir/C_/Users/janeg/.pico-sdk/sdk/2.2.0/src/common/pico_sync/mutex.c.obj
                0x10000cd8                mutex_init
 .text.recursive_mutex_init
                0x10000cf2       0x1e examples/test1/CMakeFiles/test1.dir/C_/Users/janeg/.pico-sdk/sdk/2.2.0/src/common/pico_sync/mutex.c.obj
                0x10000cf2                recursive_mutex_init
 .text.runtime_init_mutex
                0x10000d10       0x4c examples/test1/CMakeFiles/test1.dir/C_/Users/janeg/.pico-sdk/sdk/2.2.0/src/common/pico_sync/mutex.c.obj
                0x10000d10                runtime_init_mutex
 .text.critical_section_init_with_lock_num
                0x10000d5c       0x10 examples/test1/CMakeFiles/test1.dir/C_/Users/janeg/.pico-sdk/sdk/2.2.0/src/common/pico_sync/critical_section.c.obj
                0x10000d5c                critical_section_init_with_lock_num
 .text.critical_section_init
                0x10000d6c       0x14 examples/test1/CMakeFiles/test1.dir/C_/Users/janeg/.pico-sdk/sdk/2.2.0/src/common/pico_sync/critical_section.c.obj
                0x10000d6c                critical_section_init
 .text.ta_from_current_irq
                0x10000d80       0x24 examples/test1/CMakeFiles/test1.dir/C_/Users/janeg/.pico-sdk/sdk/2.2.0/src/common/pico_time/time.c.obj
 .text.ta_set_timeout
                0x10000da4       0x2a examples/test1/CMakeFiles/test1.dir/C_/Users/janeg/.pico-sdk/sdk/2.2.0/src/common/pico_time/time.c.obj
 .text.make_alarm_id
                0x10000dce        0x6 examples/test1/CMakeFiles/test1.dir/C_/Users/janeg/.pico-sdk/sdk/2.2.0/src/common/pico_time/time.c.obj
 .text.sleep_until_callback
                0x10000dd4       0x3c examples/test1/CMakeFiles/test1.dir/C_/Users/janeg/.pico-sdk/sdk/2.2.0/src/common/pico_time/time.c.obj
 .text.alarm_pool_irq_handler
                0x10000e10      0x2ec examples/test1/CMakeFiles/test1.dir/C_/Users/janeg/.pico-sdk/sdk/2.2.0/src/common/pico_time/time.c.obj
 .text.ta_enable_irq_handler
                0x100010fc       0x38 examples/test1/CMakeFiles/test1.dir/C_/Users/janeg/.pico-sdk/sdk/2.2.0/src/common/pico_time/time.c.obj
 .text.alarm_pool_post_alloc_init
                0x10001134       0x7c examples/test1/CMakeFiles/test1.dir/C_/Users/janeg/.pico-sdk/sdk/2.2.0/src/common/pico_time/time.c.obj
 .text.alarm_pool_get_default
                0x100011b0       0x28 examples/test1/CMakeFiles/test1.dir/C_/Users/janeg/.pico-sdk/sdk/2.2.0/src/common/pico_time/time.c.obj
                0x100011b0                alarm_pool_get_default
 .text.alarm_pool_add_alarm_at_force_in_context
                0x100011d8       0xc0 examples/test1/CMakeFiles/test1.dir/C_/Users/janeg/.pico-sdk/sdk/2.2.0/src/common/pico_time/time.c.obj
                0x100011d8                alarm_pool_add_alarm_at_force_in_context
 .text.alarm_pool_add_alarm_at
                0x10001298       0x38 examples/test1/CMakeFiles/test1.dir/C_/Users/janeg/.pico-sdk/sdk/2.2.0/src/common/pico_time/time.c.obj
                0x10001298                alarm_pool_add_alarm_at
 .text.add_alarm_at
                0x100012d0       0x26 examples/test1/CMakeFiles/test1.dir/C_/Users/janeg/.pico-sdk/sdk/2.2.0/src/common/pico_time/time.c.obj
 .text.alarm_pool_cancel_alarm
                0x100012f6       0x72 examples/test1/CMakeFiles/test1.dir/C_/Users/janeg/.pico-sdk/sdk/2.2.0/src/common/pico_time/time.c.obj
                0x100012f6                alarm_pool_cancel_alarm
 .text.cancel_alarm
                0x10001368       0x10 examples/test1/CMakeFiles/test1.dir/C_/Users/janeg/.pico-sdk/sdk/2.2.0/src/common/pico_time/time.c.obj
 .text.alarm_pool_core_num
                0x10001378        0x4 examples/test1/CMakeFiles/test1.dir/C_/Users/janeg/.pico-sdk/sdk/2.2.0/src/common/pico_time/time.c.obj
                0x10001378                alarm_pool_core_num
 .text.sleep_until
                0x1000137c       0xb4 examples/test1/CMakeFiles/test1.dir/C_/Users/janeg/.pico-sdk/sdk/2.2.0/src/common/pico_time/time.c.obj
                0x1000137c                sleep_until
 .text.sleep_us
                0x10001430       0x24 examples/test1/CMakeFiles/test1.dir/C_/Users/janeg/.pico-sdk/sdk/2.2.0/src/common/pico_time/time.c.obj
                0x10001430                sleep_us
 .text.sleep_ms
                0x10001454       0x28 examples/test1/CMakeFiles/test1.dir/C_/Users/janeg/.pico-sdk/sdk/2.2.0/src/common/pico_time/time.c.obj
                0x10001454                sleep_ms
 .text.best_effort_wfe_or_timeout
                0x1000147c       0xfc examples/test1/CMakeFiles/test1.dir/C_/Users/janeg/.pico-sdk/sdk/2.2.0/src/common/pico_time/time.c.obj
                0x1000147c                best_effort_wfe_or_timeout
 .text.alarm_pool_add_repeating_timer_us
                0x10001578       0x6c examples/test1/CMakeFiles/test1.dir/C_/Users/janeg/.pico-sdk/sdk/2.2.0/src/common/pico_time/time.c.obj
                0x10001578                alarm_pool_add_repeating_timer_us
 .text.alarm_pool_get_default_timer
                0x100015e4        0x8 examples/test1/CMakeFiles/test1.dir/C_/Users/janeg/.pico-sdk/sdk/2.2.0/src/common/pico_time/time.c.obj
                0x100015e4                alarm_pool_get_default_timer
 .text.runtime_init_default_alarm_pool
                0x100015ec       0x34 examples/test1/CMakeFiles/test1.dir/C_/Users/janeg/.pico-sdk/sdk/2.2.0/src/common/pico_time/time.c.obj
                0x100015ec                runtime_init_default_alarm_pool
 .text.timer_hardware_alarm_claim
                0x10001620       0x24 examples/test1/CMakeFiles/test1.dir/C_/Users/janeg/.pico-sdk/sdk/2.2.0/src/rp2_common/hardware_timer/timer.c.obj
                0x10001620                timer_hardware_alarm_claim
 .text.timer_time_us_64
                0x10001644       0x10 examples/test1/CMakeFiles/test1.dir/C_/Users/janeg/.pico-sdk/sdk/2.2.0/src/rp2_common/hardware_timer/timer.c.obj
                0x10001644                timer_time_us_64
 .text.timer_busy_wait_until
                0x10001654       0x1a examples/test1/CMakeFiles/test1.dir/C_/Users/janeg/.pico-sdk/sdk/2.2.0/src/rp2_common/hardware_timer/timer.c.obj
                0x10001654                timer_busy_wait_until
 .text.timer_busy_wait_us
                0x1000166e       0x28 examples/test1/CMakeFiles/test1.dir/C_/Users/janeg/.pico-sdk/sdk/2.2.0/src/rp2_common/hardware_timer/timer.c.obj
                0x1000166e                timer_busy_wait_us
 *fill*         0x10001696        0x2 
 .text.time_us_64
                0x10001698       0x10 examples/test1/CMakeFiles/test1.dir/C_/Users/janeg/.pico-sdk/sdk/2.2.0/src/rp2_common/hardware_timer/timer.c.obj
                0x10001698                time_us_64
 .text.busy_wait_us
                0x100016a8       0x14 examples/test1/CMakeFiles/test1.dir/C_/Users/janeg/.pico-sdk/sdk/2.2.0/src/rp2_common/hardware_timer/timer.c.obj
                0x100016a8                busy_wait_us
 .text.busy_wait_until
                0x100016bc       0x14 examples/test1/CMakeFiles/test1.dir/C_/Users/janeg/.pico-sdk/sdk/2.2.0/src/rp2_common/hardware_timer/timer.c.obj
                0x100016bc                busy_wait_until
 .text.uart_unreset
                0x100016d0       0x2c examples/test1/CMakeFiles/test1.dir/C_/Users/janeg/.pico-sdk/sdk/2.2.0/src/rp2_common/hardware_uart/uart.c.obj
 .text.uart_disable_before_lcr_write
                0x100016fc       0x40 examples/test1/CMakeFiles/test1.dir/C_/Users/janeg/.pico-sdk/sdk/2.2.0/src/rp2_common/hardware_uart/uart.c.obj
 .text.uart_write_lcr_bits_masked
                0x1000173c       0x1c examples/test1/CMakeFiles/test1.dir/C_/Users/janeg/.pico-sdk/sdk/2.2.0/src/rp2_common/hardware_uart/uart.c.obj
 .text.uart_set_baudrate
                0x10001758       0x52 examples/test1/CMakeFiles/test1.dir/C_/Users/janeg/.pico-sdk/sdk/2.2.0/src/rp2_common/hardware_uart/uart.c.obj
                0x10001758                uart_set_baudrate
 *fill*         0x100017aa        0x2 
 .text.uart_set_translate_crlf
                0x100017ac       0x24 examples/test1/CMakeFiles/test1.dir/C_/Users/janeg/.pico-sdk/sdk/2.2.0/src/rp2_common/hardware_uart/uart.c.obj
                0x100017ac                uart_set_translate_crlf
 .text.uart_init
                0x100017d0       0x5c examples/test1/CMakeFiles/test1.dir/C_/Users/janeg/.pico-sdk/sdk/2.2.0/src/rp2_common/hardware_uart/uart.c.obj
                0x100017d0                uart_init
 .text.clock_configure_internal
                0x1000182c       0xb8 examples/test1/CMakeFiles/test1.dir/C_/Users/janeg/.pico-sdk/sdk/2.2.0/src/rp2_common/hardware_clocks/clocks.c.obj
 .text.clock_configure_undivided
                0x100018e4       0x12 examples/test1/CMakeFiles/test1.dir/C_/Users/janeg/.pico-sdk/sdk/2.2.0/src/rp2_common/hardware_clocks/clocks.c.obj
                0x100018e4                clock_configure_undivided
 *fill*         0x100018f6        0x2 
 .text.clock_get_hz
                0x100018f8        0xc examples/test1/CMakeFiles/test1.dir/C_/Users/janeg/.pico-sdk/sdk/2.2.0/src/rp2_common/hardware_clocks/clocks.c.obj
                0x100018f8                clock_get_hz
 .text.pll_init
                0x10001904      0x108 examples/test1/CMakeFiles/test1.dir/C_/Users/janeg/.pico-sdk/sdk/2.2.0/src/rp2_common/hardware_pll/pll.c.obj
                0x10001904                pll_init
 .text.watchdog_update
                0x10001a0c       0x14 examples/test1/CMakeFiles/test1.dir/C_/Users/janeg/.pico-sdk/sdk/2.2.0/src/rp2_common/hardware_watchdog/watchdog.c.obj
                0x10001a0c                watchdog_update
 .text._watchdog_enable
                0x10001a20       0x6c examples/test1/CMakeFiles/test1.dir/C_/Users/janeg/.pico-sdk/sdk/2.2.0/src/rp2_common/hardware_watchdog/watchdog.c.obj
                0x10001a20                _watchdog_enable
 .text.watchdog_reboot
                0x10001a8c       0x44 examples/test1/CMakeFiles/test1.dir/C_/Users/janeg/.pico-sdk/sdk/2.2.0/src/rp2_common/hardware_watchdog/watchdog.c.obj
                0x10001a8c                watchdog_reboot
 .text.tick_start
                0x10001ad0       0x1c examples/test1/CMakeFiles/test1.dir/C_/Users/janeg/.pico-sdk/sdk/2.2.0/src/rp2_common/hardware_ticks/ticks.c.obj
                0x10001ad0                tick_start
 .text.rom_reboot
                0x10001aec       0x40 examples/test1/CMakeFiles/test1.dir/C_/Users/janeg/.pico-sdk/sdk/2.2.0/src/rp2_common/pico_bootrom/bootrom.c.obj
 .text.rom_func_lookup
                0x10001b2c       0x1e examples/test1/CMakeFiles/test1.dir/C_/Users/janeg/.pico-sdk/sdk/2.2.0/src/rp2_common/pico_bootrom/bootrom.c.obj
                0x10001b2c                rom_func_lookup
 .text.rom_reset_usb_boot_extra
                0x10001b4a       0x20 examples/test1/CMakeFiles/test1.dir/C_/Users/janeg/.pico-sdk/sdk/2.2.0/src/rp2_common/pico_bootrom/bootrom.c.obj
                0x10001b4a                rom_reset_usb_boot_extra
 *fill*         0x10001b6a        0x2 
 .text.runtime_init_bootrom_locking_enable
                0x10001b6c       0x14 examples/test1/CMakeFiles/test1.dir/C_/Users/janeg/.pico-sdk/sdk/2.2.0/src/rp2_common/pico_bootrom/bootrom_lock.c.obj
                0x10001b6c                runtime_init_bootrom_locking_enable
 .text.boot_locks_reset
                0x10001b80       0x20 examples/test1/CMakeFiles/test1.dir/C_/Users/janeg/.pico-sdk/sdk/2.2.0/src/rp2_common/hardware_boot_lock/boot_lock.c.obj
                0x10001b80                boot_locks_reset
 .text.runtime_init_boot_locks_reset
                0x10001ba0        0x8 examples/test1/CMakeFiles/test1.dir/C_/Users/janeg/.pico-sdk/sdk/2.2.0/src/rp2_common/hardware_boot_lock/boot_lock.c.obj
                0x10001ba0                runtime_init_boot_locks_reset
 .text.xosc_init
                0x10001ba8       0x28 examples/test1/CMakeFiles/test1.dir/C_/Users/janeg/.pico-sdk/sdk/2.2.0/src/rp2_common/hardware_xosc/xosc.c.obj
                0x10001ba8                xosc_init
 .text.runtime_run_initializers_from
                0x10001bd0       0x18 examples/test1/CMakeFiles/test1.dir/C_/Users/janeg/.pico-sdk/sdk/2.2.0/src/rp2_common/pico_runtime/runtime.c.obj
 .text.first_per_core_initializer
                0x10001be8        0x2 examples/test1/CMakeFiles/test1.dir/C_/Users/janeg/.pico-sdk/sdk/2.2.0/src/rp2_common/pico_runtime/runtime.c.obj
 *fill*         0x10001bea        0x2 
 .text.runtime_run_initializers
                0x10001bec       0x10 examples/test1/CMakeFiles/test1.dir/C_/Users/janeg/.pico-sdk/sdk/2.2.0/src/rp2_common/pico_runtime/runtime.c.obj
                0x10001bec                runtime_run_initializers
 .text.runtime_init_early_resets
                0x10001bfc       0x2c examples/test1/CMakeFiles/test1.dir/C_/Users/janeg/.pico-sdk/sdk/2.2.0/src/rp2_common/pico_runtime_init/runtime_init.c.obj
                0x10001bfc                runtime_init_early_resets
 .text.runtime_init_usb_power_down
                0x10001c28       0x20 examples/test1/CMakeFiles/test1.dir/C_/Users/janeg/.pico-sdk/sdk/2.2.0/src/rp2_common/pico_runtime_init/runtime_init.c.obj
                0x10001c28                runtime_init_usb_power_down
 .text.runtime_init_per_core_enable_coprocessors
                0x10001c48       0x1c examples/test1/CMakeFiles/test1.dir/C_/Users/janeg/.pico-sdk/sdk/2.2.0/src/rp2_common/pico_runtime_init/runtime_init.c.obj
                0x10001c48                runtime_init_per_core_enable_coprocessors
 .text.runtime_init_post_clock_resets
                0x10001c64       0x20 examples/test1/CMakeFiles/test1.dir/C_/Users/janeg/.pico-sdk/sdk/2.2.0/src/rp2_common/pico_runtime_init/runtime_init.c.obj
                0x10001c64                runtime_init_post_clock_resets
 .text.runtime_init_bootrom_reset
                0x10001c84       0x12 examples/test1/CMakeFiles/test1.dir/C_/Users/janeg/.pico-sdk/sdk/2.2.0/src/rp2_common/pico_runtime_init/runtime_init.c.obj
                0x10001c84                runtime_init_bootrom_reset
 .text.runtime_init_per_core_bootrom_reset
                0x10001c96       0x12 examples/test1/CMakeFiles/test1.dir/C_/Users/janeg/.pico-sdk/sdk/2.2.0/src/rp2_common/pico_runtime_init/runtime_init.c.obj
                0x10001c96                runtime_init_per_core_bootrom_reset
 .text.runtime_init_spin_locks_reset
                0x10001ca8        0x8 examples/test1/CMakeFiles/test1.dir/C_/Users/janeg/.pico-sdk/sdk/2.2.0/src/rp2_common/pico_runtime_init/runtime_init.c.obj
                0x10001ca8                runtime_init_spin_locks_reset
 .text.runtime_init_install_ram_vector_table
                0x10001cb0       0x48 examples/test1/CMakeFiles/test1.dir/C_/Users/janeg/.pico-sdk/sdk/2.2.0/src/rp2_common/pico_runtime_init/runtime_init.c.obj
                0x10001cb0                runtime_init_install_ram_vector_table
 .text.start_all_ticks
                0x10001cf8       0x28 examples/test1/CMakeFiles/test1.dir/C_/Users/janeg/.pico-sdk/sdk/2.2.0/src/rp2_common/pico_runtime_init/runtime_init_clocks.c.obj
 .text.runtime_init_clocks
                0x10001d20       0xc4 examples/test1/CMakeFiles/test1.dir/C_/Users/janeg/.pico-sdk/sdk/2.2.0/src/rp2_common/pico_runtime_init/runtime_init_clocks.c.obj
                0x10001d20                runtime_init_clocks
 .text.__rp2350_dcp_engaged_state_save_restore
                0x10001de4       0x3a examples/test1/CMakeFiles/test1.dir/C_/Users/janeg/.pico-sdk/sdk/2.2.0/src/rp2_common/pico_double/double_aeabi_dcp.S.obj
 *fill*         0x10001e1e        0x2 
 .text.__wrap___aeabi_dadd
                0x10001e20       0x28 examples/test1/CMakeFiles/test1.dir/C_/Users/janeg/.pico-sdk/sdk/2.2.0/src/rp2_common/pico_double/double_aeabi_dcp.S.obj
                0x10001e28                __wrap___aeabi_dadd
 .text.__wrap___aeabi_dsub
                0x10001e48       0x28 examples/test1/CMakeFiles/test1.dir/C_/Users/janeg/.pico-sdk/sdk/2.2.0/src/rp2_common/pico_double/double_aeabi_dcp.S.obj
                0x10001e50                __wrap___aeabi_dsub
 .text.__wrap___aeabi_dmul
                0x10001e70       0x4c examples/test1/CMakeFiles/test1.dir/C_/Users/janeg/.pico-sdk/sdk/2.2.0/src/rp2_common/pico_double/double_aeabi_dcp.S.obj
                0x10001e78                __wrap___aeabi_dmul
 .text.__wrap___aeabi_ddiv
                0x10001ebc       0x9c examples/test1/CMakeFiles/test1.dir/C_/Users/janeg/.pico-sdk/sdk/2.2.0/src/rp2_common/pico_double/double_aeabi_dcp.S.obj
                0x10001ec4                __wrap___aeabi_ddiv
 .text.__wrap___aeabi_i2d
                0x10001f58       0x24 examples/test1/CMakeFiles/test1.dir/C_/Users/janeg/.pico-sdk/sdk/2.2.0/src/rp2_common/pico_double/double_aeabi_dcp.S.obj
                0x10001f60                int2double
                0x10001f60                __wrap___aeabi_i2d
 .text.__wrap___aeabi_ui2d
                0x10001f7c       0x24 examples/test1/CMakeFiles/test1.dir/C_/Users/janeg/.pico-sdk/sdk/2.2.0/src/rp2_common/pico_double/double_aeabi_dcp.S.obj
                0x10001f84                uint2double
                0x10001f84                __wrap___aeabi_ui2d
 .text.__wrap___aeabi_d2iz
                0x10001fa0       0x24 examples/test1/CMakeFiles/test1.dir/C_/Users/janeg/.pico-sdk/sdk/2.2.0/src/rp2_common/pico_double/double_aeabi_dcp.S.obj
                0x10001fa8                double2int_z
                0x10001fa8                __wrap___aeabi_d2iz
 .text.__wrap___aeabi_d2uiz
                0x10001fc4       0x24 examples/test1/CMakeFiles/test1.dir/C_/Users/janeg/.pico-sdk/sdk/2.2.0/src/rp2_common/pico_double/double_aeabi_dcp.S.obj
                0x10001fcc                double2uint
                0x10001fcc                __wrap___aeabi_d2uiz
                0x10001fcc                double2uint_z
 .text.__wrap___aeabi_dcmpun
                0x10001fe8       0x24 examples/test1/CMakeFiles/test1.dir/C_/Users/janeg/.pico-sdk/sdk/2.2.0/src/rp2_common/pico_double/double_aeabi_dcp.S.obj
                0x10001ff0                __wrap___aeabi_dcmpun
 .text.__wrap___aeabi_dcmplt
                0x1000200c       0x28 examples/test1/CMakeFiles/test1.dir/C_/Users/janeg/.pico-sdk/sdk/2.2.0/src/rp2_common/pico_double/double_aeabi_dcp.S.obj
                0x10002014                __wrap___aeabi_dcmplt
 .text.__wrap___aeabi_dcmple
                0x10002034       0x28 examples/test1/CMakeFiles/test1.dir/C_/Users/janeg/.pico-sdk/sdk/2.2.0/src/rp2_common/pico_double/double_aeabi_dcp.S.obj
                0x1000203c                __wrap___aeabi_dcmple
 .text.__wrap___aeabi_dcmpge
                0x1000205c       0x28 examples/test1/CMakeFiles/test1.dir/C_/Users/janeg/.pico-sdk/sdk/2.2.0/src/rp2_common/pico_double/double_aeabi_dcp.S.obj
                0x10002064                __wrap___aeabi_dcmpge
 .text.__wrap___aeabi_dcmpgt
                0x10002084       0x28 examples/test1/CMakeFiles/test1.dir/C_/Users/janeg/.pico-sdk/sdk/2.2.0/src/rp2_common/pico_double/double_aeabi_dcp.S.obj
                0x1000208c                __wrap___aeabi_dcmpgt
 .text.check_alloc
                0x100020ac       0x20 examples/test1/CMakeFiles/test1.dir/C_/Users/janeg/.pico-sdk/sdk/2.2.0/src/rp2_common/pico_malloc/malloc.c.obj
 .text.__wrap_malloc
                0x100020cc       0x14 examples/test1/CMakeFiles/test1.dir/C_/Users/janeg/.pico-sdk/sdk/2.2.0/src/rp2_common/pico_malloc/malloc.c.obj
                0x100020cc                __wrap_malloc
 .text._out_buffer
                0x100020e0        0x8 examples/test1/CMakeFiles/test1.dir/C_/Users/janeg/.pico-sdk/sdk/2.2.0/src/rp2_common/pico_printf/printf.c.obj
 .text._out_null
                0x100020e8        0x2 examples/test1/CMakeFiles/test1.dir/C_/Users/janeg/.pico-sdk/sdk/2.2.0/src/rp2_common/pico_printf/printf.c.obj
 .text._out_fct
                0x100020ea        0xe examples/test1/CMakeFiles/test1.dir/C_/Users/janeg/.pico-sdk/sdk/2.2.0/src/rp2_common/pico_printf/printf.c.obj
 .text._atoi    0x100020f8       0x26 examples/test1/CMakeFiles/test1.dir/C_/Users/janeg/.pico-sdk/sdk/2.2.0/src/rp2_common/pico_printf/printf.c.obj
 .text._out_rev
                0x1000211e       0x7e examples/test1/CMakeFiles/test1.dir/C_/Users/janeg/.pico-sdk/sdk/2.2.0/src/rp2_common/pico_printf/printf.c.obj
 .text._ntoa_format
                0x1000219c      0x134 examples/test1/CMakeFiles/test1.dir/C_/Users/janeg/.pico-sdk/sdk/2.2.0/src/rp2_common/pico_printf/printf.c.obj
 .text._ntoa_long
                0x100022d0       0x94 examples/test1/CMakeFiles/test1.dir/C_/Users/janeg/.pico-sdk/sdk/2.2.0/src/rp2_common/pico_printf/printf.c.obj
 .text._ntoa_long_long
                0x10002364       0xc2 examples/test1/CMakeFiles/test1.dir/C_/Users/janeg/.pico-sdk/sdk/2.2.0/src/rp2_common/pico_printf/printf.c.obj
 *fill*         0x10002426        0x2 
 .text._etoa    0x10002428      0x420 examples/test1/CMakeFiles/test1.dir/C_/Users/janeg/.pico-sdk/sdk/2.2.0/src/rp2_common/pico_printf/printf.c.obj
 .text._ftoa    0x10002848      0x398 examples/test1/CMakeFiles/test1.dir/C_/Users/janeg/.pico-sdk/sdk/2.2.0/src/rp2_common/pico_printf/printf.c.obj
 .text._vsnprintf
                0x10002be0      0x6d8 examples/test1/CMakeFiles/test1.dir/C_/Users/janeg/.pico-sdk/sdk/2.2.0/src/rp2_common/pico_printf/printf.c.obj
 .text.__wrap_sprintf
                0x100032b8       0x2c examples/test1/CMakeFiles/test1.dir/C_/Users/janeg/.pico-sdk/sdk/2.2.0/src/rp2_common/pico_printf/printf.c.obj
                0x100032b8                __wrap_sprintf
 .text.vfctprintf
                0x100032e4       0x24 examples/test1/CMakeFiles/test1.dir/C_/Users/janeg/.pico-sdk/sdk/2.2.0/src/rp2_common/pico_printf/printf.c.obj
                0x100032e4                vfctprintf
 .text._exit    0x10003308        0x4 examples/test1/CMakeFiles/test1.dir/C_/Users/janeg/.pico-sdk/sdk/2.2.0/src/rp2_common/pico_clib_interface/newlib_interface.c.obj
                0x10003308                _exit
 .text._sbrk    0x1000330c       0x34 examples/test1/CMakeFiles/test1.dir/C_/Users/janeg/.pico-sdk/sdk/2.2.0/src/rp2_common/pico_clib_interface/newlib_interface.c.obj
                0x1000330c                _sbrk
 .text.exit     0x10003340        0x6 examples/test1/CMakeFiles/test1.dir/C_/Users/janeg/.pico-sdk/sdk/2.2.0/src/rp2_common/pico_clib_interface/newlib_interface.c.obj
                0x10003340                exit
 *fill*         0x10003346        0x2 
 .text.__assert_func
                0x10003348       0x34 examples/test1/CMakeFiles/test1.dir/C_/Users/janeg/.pico-sdk/sdk/2.2.0/src/rp2_common/pico_clib_interface/newlib_interface.c.obj
                0x10003348                __assert_func
 .text.runtime_init
                0x1000337c       0x2c examples/test1/CMakeFiles/test1.dir/C_/Users/janeg/.pico-sdk/sdk/2.2.0/src/rp2_common/pico_clib_interface/newlib_interface.c.obj
                0x1000337c                runtime_init
 .text.stdio_out_chars_no_crlf
                0x100033a8        0xe examples/test1/CMakeFiles/test1.dir/C_/Users/janeg/.pico-sdk/sdk/2.2.0/src/rp2_common/pico_stdio/stdio.c.obj
 *fill*         0x100033b6        0x2 
 .text.stdio_out_chars_crlf
                0x100033b8       0x80 examples/test1/CMakeFiles/test1.dir/C_/Users/janeg/.pico-sdk/sdk/2.2.0/src/rp2_common/pico_stdio/stdio.c.obj
 .text.stdio_stack_buffer_flush
                0x10003438       0x40 examples/test1/CMakeFiles/test1.dir/C_/Users/janeg/.pico-sdk/sdk/2.2.0/src/rp2_common/pico_stdio/stdio.c.obj
 .text.stdio_buffered_printer
                0x10003478       0x20 examples/test1/CMakeFiles/test1.dir/C_/Users/janeg/.pico-sdk/sdk/2.2.0/src/rp2_common/pico_stdio/stdio.c.obj
 .text.stdout_serialize_begin
                0x10003498       0x2c examples/test1/CMakeFiles/test1.dir/C_/Users/janeg/.pico-sdk/sdk/2.2.0/src/rp2_common/pico_stdio/stdio.c.obj
                0x10003498                stdout_serialize_begin
 .text.stdout_serialize_end
                0x100034c4       0x10 examples/test1/CMakeFiles/test1.dir/C_/Users/janeg/.pico-sdk/sdk/2.2.0/src/rp2_common/pico_stdio/stdio.c.obj
                0x100034c4                stdout_serialize_end
 .text.stdio_put_string
                0x100034d4       0x8c examples/test1/CMakeFiles/test1.dir/C_/Users/janeg/.pico-sdk/sdk/2.2.0/src/rp2_common/pico_stdio/stdio.c.obj
                0x100034d4                stdio_put_string
 .text.stdio_set_driver_enabled
                0x10003560       0x2c examples/test1/CMakeFiles/test1.dir/C_/Users/janeg/.pico-sdk/sdk/2.2.0/src/rp2_common/pico_stdio/stdio.c.obj
                0x10003560                stdio_set_driver_enabled
 .text.stdio_flush
                0x1000358c       0x1c examples/test1/CMakeFiles/test1.dir/C_/Users/janeg/.pico-sdk/sdk/2.2.0/src/rp2_common/pico_stdio/stdio.c.obj
                0x1000358c                stdio_flush
 .text.stdio_init_all
                0x100035a8        0xe examples/test1/CMakeFiles/test1.dir/C_/Users/janeg/.pico-sdk/sdk/2.2.0/src/rp2_common/pico_stdio/stdio.c.obj
                0x100035a8                stdio_init_all
 .text.__wrap_puts
                0x100035b6       0x1e examples/test1/CMakeFiles/test1.dir/C_/Users/janeg/.pico-sdk/sdk/2.2.0/src/rp2_common/pico_stdio/stdio.c.obj
                0x100035b6                stdio_puts
                0x100035b6                __wrap_puts
 .text.__wrap_vprintf
                0x100035d4       0x40 examples/test1/CMakeFiles/test1.dir/C_/Users/janeg/.pico-sdk/sdk/2.2.0/src/rp2_common/pico_stdio/stdio.c.obj
                0x100035d4                stdio_vprintf
                0x100035d4                __wrap_vprintf
 .text.__wrap_printf
                0x10003614       0x1c examples/test1/CMakeFiles/test1.dir/C_/Users/janeg/.pico-sdk/sdk/2.2.0/src/rp2_common/pico_stdio/stdio.c.obj
                0x10003614                __wrap_printf
                0x10003614                stdio_printf
 .text.uart_putc
                0x10003630       0x70 examples/test1/CMakeFiles/test1.dir/C_/Users/janeg/.pico-sdk/sdk/2.2.0/src/rp2_common/pico_stdio_uart/stdio_uart.c.obj
 .text.uart_getc
                0x100036a0       0x30 examples/test1/CMakeFiles/test1.dir/C_/Users/janeg/.pico-sdk/sdk/2.2.0/src/rp2_common/pico_stdio_uart/stdio_uart.c.obj
 .text.stdio_uart_out_chars
                0x100036d0       0x20 examples/test1/CMakeFiles/test1.dir/C_/Users/janeg/.pico-sdk/sdk/2.2.0/src/rp2_common/pico_stdio_uart/stdio_uart.c.obj
 .text.stdio_uart_in_chars
                0x100036f0       0x54 examples/test1/CMakeFiles/test1.dir/C_/Users/janeg/.pico-sdk/sdk/2.2.0/src/rp2_common/pico_stdio_uart/stdio_uart.c.obj
                0x100036f0                stdio_uart_in_chars
 .text.on_uart_rx
                0x10003744       0x24 examples/test1/CMakeFiles/test1.dir/C_/Users/janeg/.pico-sdk/sdk/2.2.0/src/rp2_common/pico_stdio_uart/stdio_uart.c.obj
 .text.stdio_uart_out_flush
                0x10003768       0x14 examples/test1/CMakeFiles/test1.dir/C_/Users/janeg/.pico-sdk/sdk/2.2.0/src/rp2_common/pico_stdio_uart/stdio_uart.c.obj
 .text.stdio_uart_set_chars_available_callback
                0x1000377c       0x84 examples/test1/CMakeFiles/test1.dir/C_/Users/janeg/.pico-sdk/sdk/2.2.0/src/rp2_common/pico_stdio_uart/stdio_uart.c.obj
 .text.stdio_uart_init_full
                0x10003800       0x50 examples/test1/CMakeFiles/test1.dir/C_/Users/janeg/.pico-sdk/sdk/2.2.0/src/rp2_common/pico_stdio_uart/stdio_uart.c.obj
                0x10003800                stdio_uart_init_full
 .text.stdio_uart_init
                0x10003850       0x30 examples/test1/CMakeFiles/test1.dir/C_/Users/janeg/.pico-sdk/sdk/2.2.0/src/rp2_common/pico_stdio_uart/stdio_uart.c.obj
                0x10003850                stdio_uart_init
 .text.resetd_init
                0x10003880        0x2 examples/test1/CMakeFiles/test1.dir/C_/Users/janeg/.pico-sdk/sdk/2.2.0/src/rp2_common/pico_stdio_usb/reset_interface.c.obj
 *fill*         0x10003882        0x2 
 .text.resetd_reset
                0x10003884        0xc examples/test1/CMakeFiles/test1.dir/C_/Users/janeg/.pico-sdk/sdk/2.2.0/src/rp2_common/pico_stdio_usb/reset_interface.c.obj
 .text.resetd_open
                0x10003890       0x34 examples/test1/CMakeFiles/test1.dir/C_/Users/janeg/.pico-sdk/sdk/2.2.0/src/rp2_common/pico_stdio_usb/reset_interface.c.obj
 .text.resetd_xfer_cb
                0x100038c4        0x4 examples/test1/CMakeFiles/test1.dir/C_/Users/janeg/.pico-sdk/sdk/2.2.0/src/rp2_common/pico_stdio_usb/reset_interface.c.obj
 .text.resetd_control_xfer_cb
                0x100038c8       0x54 examples/test1/CMakeFiles/test1.dir/C_/Users/janeg/.pico-sdk/sdk/2.2.0/src/rp2_common/pico_stdio_usb/reset_interface.c.obj
 .text.tud_descriptor_bos_cb
                0x1000391c        0x8 examples/test1/CMakeFiles/test1.dir/C_/Users/janeg/.pico-sdk/sdk/2.2.0/src/rp2_common/pico_stdio_usb/reset_interface.c.obj
                0x1000391c                tud_descriptor_bos_cb
 .text.tud_vendor_control_xfer_cb
                0x10003924       0x30 examples/test1/CMakeFiles/test1.dir/C_/Users/janeg/.pico-sdk/sdk/2.2.0/src/rp2_common/pico_stdio_usb/reset_interface.c.obj
                0x10003924                tud_vendor_control_xfer_cb
 .text.usbd_app_driver_get_cb
                0x10003954        0xc examples/test1/CMakeFiles/test1.dir/C_/Users/janeg/.pico-sdk/sdk/2.2.0/src/rp2_common/pico_stdio_usb/reset_interface.c.obj
                0x10003954                usbd_app_driver_get_cb
 .text.tud_cdc_line_coding_cb
                0x10003960       0x18 examples/test1/CMakeFiles/test1.dir/C_/Users/janeg/.pico-sdk/sdk/2.2.0/src/rp2_common/pico_stdio_usb/reset_interface.c.obj
                0x10003960                tud_cdc_line_coding_cb
 .text.stdio_usb_set_chars_available_callback
                0x10003978       0x14 examples/test1/CMakeFiles/test1.dir/C_/Users/janeg/.pico-sdk/sdk/2.2.0/src/rp2_common/pico_stdio_usb/stdio_usb.c.obj
                0x10003978                stdio_usb_set_chars_available_callback
 .text.stdio_usb_out_flush
                0x1000398c       0x48 examples/test1/CMakeFiles/test1.dir/C_/Users/janeg/.pico-sdk/sdk/2.2.0/src/rp2_common/pico_stdio_usb/stdio_usb.c.obj
 .text.timer_task
                0x100039d4       0x70 examples/test1/CMakeFiles/test1.dir/C_/Users/janeg/.pico-sdk/sdk/2.2.0/src/rp2_common/pico_stdio_usb/stdio_usb.c.obj
 .text.usb_irq  0x10003a44       0x10 examples/test1/CMakeFiles/test1.dir/C_/Users/janeg/.pico-sdk/sdk/2.2.0/src/rp2_common/pico_stdio_usb/stdio_usb.c.obj
 .text.alarm_pool_add_alarm_in_us
                0x10003a54       0x3a examples/test1/CMakeFiles/test1.dir/C_/Users/janeg/.pico-sdk/sdk/2.2.0/src/rp2_common/pico_stdio_usb/stdio_usb.c.obj
 .text.add_alarm_in_us
                0x10003a8e       0x26 examples/test1/CMakeFiles/test1.dir/C_/Users/janeg/.pico-sdk/sdk/2.2.0/src/rp2_common/pico_stdio_usb/stdio_usb.c.obj
 .text.low_priority_worker_irq
                0x10003ab4       0xa8 examples/test1/CMakeFiles/test1.dir/C_/Users/janeg/.pico-sdk/sdk/2.2.0/src/rp2_common/pico_stdio_usb/stdio_usb.c.obj
 .text.stdio_usb_init
                0x10003b5c       0xd4 examples/test1/CMakeFiles/test1.dir/C_/Users/janeg/.pico-sdk/sdk/2.2.0/src/rp2_common/pico_stdio_usb/stdio_usb.c.obj
                0x10003b5c                stdio_usb_init
 .text.stdio_usb_connected
                0x10003c30        0xa examples/test1/CMakeFiles/test1.dir/C_/Users/janeg/.pico-sdk/sdk/2.2.0/src/rp2_common/pico_stdio_usb/stdio_usb.c.obj
                0x10003c30                stdio_usb_connected
 *fill*         0x10003c3a        0x2 
 .text.stdio_usb_in_chars
                0x10003c3c       0x8c examples/test1/CMakeFiles/test1.dir/C_/Users/janeg/.pico-sdk/sdk/2.2.0/src/rp2_common/pico_stdio_usb/stdio_usb.c.obj
                0x10003c3c                stdio_usb_in_chars
 .text.stdio_usb_out_chars
                0x10003cc8       0xd4 examples/test1/CMakeFiles/test1.dir/C_/Users/janeg/.pico-sdk/sdk/2.2.0/src/rp2_common/pico_stdio_usb/stdio_usb.c.obj
 .text.tud_descriptor_device_cb
                0x10003d9c        0x8 examples/test1/CMakeFiles/test1.dir/C_/Users/janeg/.pico-sdk/sdk/2.2.0/src/rp2_common/pico_stdio_usb/stdio_usb_descriptors.c.obj
                0x10003d9c                tud_descriptor_device_cb
 .text.tud_descriptor_configuration_cb
                0x10003da4        0x8 examples/test1/CMakeFiles/test1.dir/C_/Users/janeg/.pico-sdk/sdk/2.2.0/src/rp2_common/pico_stdio_usb/stdio_usb_descriptors.c.obj
                0x10003da4                tud_descriptor_configuration_cb
 .text.tud_descriptor_string_cb
                0x10003dac       0x64 examples/test1/CMakeFiles/test1.dir/C_/Users/janeg/.pico-sdk/sdk/2.2.0/src/rp2_common/pico_stdio_usb/stdio_usb_descriptors.c.obj
                0x10003dac                tud_descriptor_string_cb
 .text._retrieve_unique_id_on_boot
                0x10003e10       0x58 examples/test1/CMakeFiles/test1.dir/C_/Users/janeg/.pico-sdk/sdk/2.2.0/src/rp2_common/pico_unique_id/unique_id.c.obj
 .text.pico_get_unique_board_id_string
                0x10003e68       0x5c examples/test1/CMakeFiles/test1.dir/C_/Users/janeg/.pico-sdk/sdk/2.2.0/src/rp2_common/pico_unique_id/unique_id.c.obj
                0x10003e68                pico_get_unique_board_id_string
 .text.hw_endpoint_init
                0x10003ec4       0xbc examples/test1/CMakeFiles/test1.dir/C_/Users/janeg/.pico-sdk/sdk/2.2.0/lib/tinyusb/src/portable/raspberrypi/rp2040/dcd_rp2040.c.obj
 .text.hw_endpoint_alloc
                0x10003f80       0x48 examples/test1/CMakeFiles/test1.dir/C_/Users/janeg/.pico-sdk/sdk/2.2.0/lib/tinyusb/src/portable/raspberrypi/rp2040/dcd_rp2040.c.obj
 .text.hw_endpoint_open
                0x10003fc8       0x44 examples/test1/CMakeFiles/test1.dir/C_/Users/janeg/.pico-sdk/sdk/2.2.0/lib/tinyusb/src/portable/raspberrypi/rp2040/dcd_rp2040.c.obj
 .text.hw_endpoint_xfer
                0x1000400c       0x1c examples/test1/CMakeFiles/test1.dir/C_/Users/janeg/.pico-sdk/sdk/2.2.0/lib/tinyusb/src/portable/raspberrypi/rp2040/dcd_rp2040.c.obj
 .text.dcd_int_enable
                0x10004028       0x28 examples/test1/CMakeFiles/test1.dir/C_/Users/janeg/.pico-sdk/sdk/2.2.0/lib/tinyusb/src/portable/raspberrypi/rp2040/dcd_rp2040.c.obj
                0x10004028                dcd_int_enable
 .text.dcd_set_address
                0x10004050       0x2c examples/test1/CMakeFiles/test1.dir/C_/Users/janeg/.pico-sdk/sdk/2.2.0/lib/tinyusb/src/portable/raspberrypi/rp2040/dcd_rp2040.c.obj
                0x10004050                dcd_set_address
 .text.dcd_connect
                0x1000407c       0x10 examples/test1/CMakeFiles/test1.dir/C_/Users/janeg/.pico-sdk/sdk/2.2.0/lib/tinyusb/src/portable/raspberrypi/rp2040/dcd_rp2040.c.obj
                0x1000407c                dcd_connect
 .text.dcd_init
                0x1000408c       0x84 examples/test1/CMakeFiles/test1.dir/C_/Users/janeg/.pico-sdk/sdk/2.2.0/lib/tinyusb/src/portable/raspberrypi/rp2040/dcd_rp2040.c.obj
                0x1000408c                dcd_init
 .text.dcd_sof_enable
                0x10004110       0x1c examples/test1/CMakeFiles/test1.dir/C_/Users/janeg/.pico-sdk/sdk/2.2.0/lib/tinyusb/src/portable/raspberrypi/rp2040/dcd_rp2040.c.obj
                0x10004110                dcd_sof_enable
 .text.dcd_edpt0_status_complete
                0x1000412c       0x20 examples/test1/CMakeFiles/test1.dir/C_/Users/janeg/.pico-sdk/sdk/2.2.0/lib/tinyusb/src/portable/raspberrypi/rp2040/dcd_rp2040.c.obj
                0x1000412c                dcd_edpt0_status_complete
 .text.dcd_edpt_open
                0x1000414c       0x22 examples/test1/CMakeFiles/test1.dir/C_/Users/janeg/.pico-sdk/sdk/2.2.0/lib/tinyusb/src/portable/raspberrypi/rp2040/dcd_rp2040.c.obj
                0x1000414c                dcd_edpt_open
 .text.dcd_edpt_close_all
                0x1000416e        0x8 examples/test1/CMakeFiles/test1.dir/C_/Users/janeg/.pico-sdk/sdk/2.2.0/lib/tinyusb/src/portable/raspberrypi/rp2040/dcd_rp2040.c.obj
                0x1000416e                dcd_edpt_close_all
 *fill*         0x10004176        0x2 
 .text.dcd_edpt_xfer
                0x10004178       0x2c examples/test1/CMakeFiles/test1.dir/C_/Users/janeg/.pico-sdk/sdk/2.2.0/lib/tinyusb/src/portable/raspberrypi/rp2040/dcd_rp2040.c.obj
                0x10004178                dcd_edpt_xfer
 .text.dcd_edpt_stall
                0x100041a4       0x38 examples/test1/CMakeFiles/test1.dir/C_/Users/janeg/.pico-sdk/sdk/2.2.0/lib/tinyusb/src/portable/raspberrypi/rp2040/dcd_rp2040.c.obj
                0x100041a4                dcd_edpt_stall
 .text.dcd_edpt_clear_stall
                0x100041dc       0x28 examples/test1/CMakeFiles/test1.dir/C_/Users/janeg/.pico-sdk/sdk/2.2.0/lib/tinyusb/src/portable/raspberrypi/rp2040/dcd_rp2040.c.obj
                0x100041dc                dcd_edpt_clear_stall
 .text.unaligned_memcpy
                0x10004204       0x14 examples/test1/CMakeFiles/test1.dir/C_/Users/janeg/.pico-sdk/sdk/2.2.0/lib/tinyusb/src/portable/raspberrypi/rp2040/rp2040_usb.c.obj
 .text.rp2040_usb_init
                0x10004218       0x40 examples/test1/CMakeFiles/test1.dir/C_/Users/janeg/.pico-sdk/sdk/2.2.0/lib/tinyusb/src/portable/raspberrypi/rp2040/rp2040_usb.c.obj
                0x10004218                rp2040_usb_init
 .text.hw_endpoint_xfer_start
                0x10004258       0x58 examples/test1/CMakeFiles/test1.dir/C_/Users/janeg/.pico-sdk/sdk/2.2.0/lib/tinyusb/src/portable/raspberrypi/rp2040/rp2040_usb.c.obj
                0x10004258                hw_endpoint_xfer_start
 .text.configuration_reset
                0x100042b0       0x90 examples/test1/CMakeFiles/test1.dir/C_/Users/janeg/.pico-sdk/sdk/2.2.0/lib/tinyusb/src/device/usbd.c.obj
 .text.usbd_reset
                0x10004340        0xc examples/test1/CMakeFiles/test1.dir/C_/Users/janeg/.pico-sdk/sdk/2.2.0/lib/tinyusb/src/device/usbd.c.obj
 .text.invoke_class_control
                0x1000434c       0x1a examples/test1/CMakeFiles/test1.dir/C_/Users/janeg/.pico-sdk/sdk/2.2.0/lib/tinyusb/src/device/usbd.c.obj
 *fill*         0x10004366        0x2 
 .text.process_set_config
                0x10004368      0x1cc examples/test1/CMakeFiles/test1.dir/C_/Users/janeg/.pico-sdk/sdk/2.2.0/lib/tinyusb/src/device/usbd.c.obj
 .text.tud_event_hook_cb
                0x10004534        0x2 examples/test1/CMakeFiles/test1.dir/C_/Users/janeg/.pico-sdk/sdk/2.2.0/lib/tinyusb/src/device/usbd.c.obj
                0x10004534                tud_event_hook_cb
 .text.tud_sof_cb
                0x10004536        0x2 examples/test1/CMakeFiles/test1.dir/C_/Users/janeg/.pico-sdk/sdk/2.2.0/lib/tinyusb/src/device/usbd.c.obj
                0x10004536                tud_sof_cb
 .text.tud_descriptor_device_qualifier_cb
                0x10004538        0x4 examples/test1/CMakeFiles/test1.dir/C_/Users/janeg/.pico-sdk/sdk/2.2.0/lib/tinyusb/src/device/usbd.c.obj
                0x10004538                tud_descriptor_device_qualifier_cb
 .text.tud_descriptor_other_speed_configuration_cb
                0x1000453c        0x4 examples/test1/CMakeFiles/test1.dir/C_/Users/janeg/.pico-sdk/sdk/2.2.0/lib/tinyusb/src/device/usbd.c.obj
                0x1000453c                tud_descriptor_other_speed_configuration_cb
 .text.process_get_descriptor
                0x10004540       0xf8 examples/test1/CMakeFiles/test1.dir/C_/Users/janeg/.pico-sdk/sdk/2.2.0/lib/tinyusb/src/device/usbd.c.obj
 .text.tud_mount_cb
                0x10004638        0x2 examples/test1/CMakeFiles/test1.dir/C_/Users/janeg/.pico-sdk/sdk/2.2.0/lib/tinyusb/src/device/usbd.c.obj
                0x10004638                tud_mount_cb
 .text.tud_umount_cb
                0x1000463a        0x2 examples/test1/CMakeFiles/test1.dir/C_/Users/janeg/.pico-sdk/sdk/2.2.0/lib/tinyusb/src/device/usbd.c.obj
                0x1000463a                tud_umount_cb
 .text.tud_suspend_cb
                0x1000463c        0x2 examples/test1/CMakeFiles/test1.dir/C_/Users/janeg/.pico-sdk/sdk/2.2.0/lib/tinyusb/src/device/usbd.c.obj
                0x1000463c                tud_suspend_cb
 .text.tud_resume_cb
                0x1000463e        0x2 examples/test1/CMakeFiles/test1.dir/C_/Users/janeg/.pico-sdk/sdk/2.2.0/lib/tinyusb/src/device/usbd.c.obj
                0x1000463e                tud_resume_cb
 .text.tud_mounted
                0x10004640       0x14 examples/test1/CMakeFiles/test1.dir/C_/Users/janeg/.pico-sdk/sdk/2.2.0/lib/tinyusb/src/device/usbd.c.obj
                0x10004640                tud_mounted
 .text.tud_suspended
                0x10004654       0x10 examples/test1/CMakeFiles/test1.dir/C_/Users/janeg/.pico-sdk/sdk/2.2.0/lib/tinyusb/src/device/usbd.c.obj
                0x10004654                tud_suspended
 .text.tud_inited
                0x10004664       0x10 examples/test1/CMakeFiles/test1.dir/C_/Users/janeg/.pico-sdk/sdk/2.2.0/lib/tinyusb/src/device/usbd.c.obj
                0x10004664                tud_inited
 .text.tud_rhport_init
                0x10004674      0x128 examples/test1/CMakeFiles/test1.dir/C_/Users/janeg/.pico-sdk/sdk/2.2.0/lib/tinyusb/src/device/usbd.c.obj
                0x10004674                tud_rhport_init
 .text.usbd_edpt_open
                0x1000479c       0x7c examples/test1/CMakeFiles/test1.dir/C_/Users/janeg/.pico-sdk/sdk/2.2.0/lib/tinyusb/src/device/usbd.c.obj
                0x1000479c                usbd_edpt_open
 .text.usbd_open_edpt_pair
                0x10004818       0xa4 examples/test1/CMakeFiles/test1.dir/C_/Users/janeg/.pico-sdk/sdk/2.2.0/lib/tinyusb/src/device/usbd.c.obj
                0x10004818                usbd_open_edpt_pair
 .text.usbd_edpt_claim
                0x100048bc       0x28 examples/test1/CMakeFiles/test1.dir/C_/Users/janeg/.pico-sdk/sdk/2.2.0/lib/tinyusb/src/device/usbd.c.obj
                0x100048bc                usbd_edpt_claim
 .text.usbd_edpt_release
                0x100048e4       0x28 examples/test1/CMakeFiles/test1.dir/C_/Users/janeg/.pico-sdk/sdk/2.2.0/lib/tinyusb/src/device/usbd.c.obj
                0x100048e4                usbd_edpt_release
 .text.usbd_edpt_xfer
                0x1000490c       0x90 examples/test1/CMakeFiles/test1.dir/C_/Users/janeg/.pico-sdk/sdk/2.2.0/lib/tinyusb/src/device/usbd.c.obj
                0x1000490c                usbd_edpt_xfer
 .text.usbd_edpt_stall
                0x1000499c       0x3c examples/test1/CMakeFiles/test1.dir/C_/Users/janeg/.pico-sdk/sdk/2.2.0/lib/tinyusb/src/device/usbd.c.obj
                0x1000499c                usbd_edpt_stall
 .text.usbd_edpt_clear_stall
                0x100049d8       0x3c examples/test1/CMakeFiles/test1.dir/C_/Users/janeg/.pico-sdk/sdk/2.2.0/lib/tinyusb/src/device/usbd.c.obj
                0x100049d8                usbd_edpt_clear_stall
 .text.usbd_edpt_stalled
                0x10004a14       0x1c examples/test1/CMakeFiles/test1.dir/C_/Users/janeg/.pico-sdk/sdk/2.2.0/lib/tinyusb/src/device/usbd.c.obj
                0x10004a14                usbd_edpt_stalled
 .text.process_control_request
                0x10004a30      0x404 examples/test1/CMakeFiles/test1.dir/C_/Users/janeg/.pico-sdk/sdk/2.2.0/lib/tinyusb/src/device/usbd.c.obj
 .text.tud_task_ext
                0x10004e34      0x250 examples/test1/CMakeFiles/test1.dir/C_/Users/janeg/.pico-sdk/sdk/2.2.0/lib/tinyusb/src/device/usbd.c.obj
                0x10004e34                tud_task_ext
 .text.status_stage_xact
                0x10005084       0x1a examples/test1/CMakeFiles/test1.dir/C_/Users/janeg/.pico-sdk/sdk/2.2.0/lib/tinyusb/src/device/usbd_control.c.obj
 *fill*         0x1000509e        0x2 
 .text.data_stage_xact
                0x100050a0       0x5c examples/test1/CMakeFiles/test1.dir/C_/Users/janeg/.pico-sdk/sdk/2.2.0/lib/tinyusb/src/device/usbd_control.c.obj
 .text.tud_control_status
                0x100050fc       0x28 examples/test1/CMakeFiles/test1.dir/C_/Users/janeg/.pico-sdk/sdk/2.2.0/lib/tinyusb/src/device/usbd_control.c.obj
                0x100050fc                tud_control_status
 .text.tud_control_xfer
                0x10005124       0xac examples/test1/CMakeFiles/test1.dir/C_/Users/janeg/.pico-sdk/sdk/2.2.0/lib/tinyusb/src/device/usbd_control.c.obj
                0x10005124                tud_control_xfer
 .text.usbd_control_reset
                0x100051d0       0x14 examples/test1/CMakeFiles/test1.dir/C_/Users/janeg/.pico-sdk/sdk/2.2.0/lib/tinyusb/src/device/usbd_control.c.obj
                0x100051d0                usbd_control_reset
 .text.usbd_control_set_complete_callback
                0x100051e4        0xc examples/test1/CMakeFiles/test1.dir/C_/Users/janeg/.pico-sdk/sdk/2.2.0/lib/tinyusb/src/device/usbd_control.c.obj
                0x100051e4                usbd_control_set_complete_callback
 .text.usbd_control_set_request
                0x100051f0       0x1c examples/test1/CMakeFiles/test1.dir/C_/Users/janeg/.pico-sdk/sdk/2.2.0/lib/tinyusb/src/device/usbd_control.c.obj
                0x100051f0                usbd_control_set_request
 .text.usbd_control_xfer_cb
                0x1000520c      0x10c examples/test1/CMakeFiles/test1.dir/C_/Users/janeg/.pico-sdk/sdk/2.2.0/lib/tinyusb/src/device/usbd_control.c.obj
                0x1000520c                usbd_control_xfer_cb
 .text._prep_out_transaction
                0x10005318       0x94 examples/test1/CMakeFiles/test1.dir/C_/Users/janeg/.pico-sdk/sdk/2.2.0/lib/tinyusb/src/class/cdc/cdc_device.c.obj
 .text.tud_cdc_n_connected
                0x100053ac       0x34 examples/test1/CMakeFiles/test1.dir/C_/Users/janeg/.pico-sdk/sdk/2.2.0/lib/tinyusb/src/class/cdc/cdc_device.c.obj
                0x100053ac                tud_cdc_n_connected
 .text.tud_cdc_n_available
                0x100053e0       0x18 examples/test1/CMakeFiles/test1.dir/C_/Users/janeg/.pico-sdk/sdk/2.2.0/lib/tinyusb/src/class/cdc/cdc_device.c.obj
                0x100053e0                tud_cdc_n_available
 .text.tud_cdc_n_read
                0x100053f8       0x34 examples/test1/CMakeFiles/test1.dir/C_/Users/janeg/.pico-sdk/sdk/2.2.0/lib/tinyusb/src/class/cdc/cdc_device.c.obj
                0x100053f8                tud_cdc_n_read
 .text.tud_cdc_n_write_flush
                0x1000542c       0xb8 examples/test1/CMakeFiles/test1.dir/C_/Users/janeg/.pico-sdk/sdk/2.2.0/lib/tinyusb/src/class/cdc/cdc_device.c.obj
                0x1000542c                tud_cdc_n_write_flush
 .text.tud_cdc_n_write
                0x100054e4       0x44 examples/test1/CMakeFiles/test1.dir/C_/Users/janeg/.pico-sdk/sdk/2.2.0/lib/tinyusb/src/class/cdc/cdc_device.c.obj
                0x100054e4                tud_cdc_n_write
 .text.tud_cdc_n_write_available
                0x10005528       0x1c examples/test1/CMakeFiles/test1.dir/C_/Users/janeg/.pico-sdk/sdk/2.2.0/lib/tinyusb/src/class/cdc/cdc_device.c.obj
                0x10005528                tud_cdc_n_write_available
 .text.cdcd_init
                0x10005544       0xa4 examples/test1/CMakeFiles/test1.dir/C_/Users/janeg/.pico-sdk/sdk/2.2.0/lib/tinyusb/src/class/cdc/cdc_device.c.obj
                0x10005544                cdcd_init
 .text.cdcd_deinit
                0x100055e8       0x40 examples/test1/CMakeFiles/test1.dir/C_/Users/janeg/.pico-sdk/sdk/2.2.0/lib/tinyusb/src/class/cdc/cdc_device.c.obj
                0x100055e8                cdcd_deinit
 .text.cdcd_reset
                0x10005628       0x78 examples/test1/CMakeFiles/test1.dir/C_/Users/janeg/.pico-sdk/sdk/2.2.0/lib/tinyusb/src/class/cdc/cdc_device.c.obj
                0x10005628                cdcd_reset
 .text.cdcd_open
                0x100056a0      0x124 examples/test1/CMakeFiles/test1.dir/C_/Users/janeg/.pico-sdk/sdk/2.2.0/lib/tinyusb/src/class/cdc/cdc_device.c.obj
                0x100056a0                cdcd_open
 .text.cdcd_control_xfer_cb
                0x100057c4      0x120 examples/test1/CMakeFiles/test1.dir/C_/Users/janeg/.pico-sdk/sdk/2.2.0/lib/tinyusb/src/class/cdc/cdc_device.c.obj
                0x100057c4                cdcd_control_xfer_cb
 .text.cdcd_xfer_cb
                0x100058e4      0x138 examples/test1/CMakeFiles/test1.dir/C_/Users/janeg/.pico-sdk/sdk/2.2.0/lib/tinyusb/src/class/cdc/cdc_device.c.obj
                0x100058e4                cdcd_xfer_cb
 .text.tud_vendor_n_mounted
                0x10005a1c       0x30 examples/test1/CMakeFiles/test1.dir/C_/Users/janeg/.pico-sdk/sdk/2.2.0/lib/tinyusb/src/class/vendor/vendor_device.c.obj
                0x10005a1c                tud_vendor_n_mounted
 .text.tud_vendor_n_write_flush
                0x10005a4c       0x20 examples/test1/CMakeFiles/test1.dir/C_/Users/janeg/.pico-sdk/sdk/2.2.0/lib/tinyusb/src/class/vendor/vendor_device.c.obj
                0x10005a4c                tud_vendor_n_write_flush
 .text.vendord_init
                0x10005a6c       0x90 examples/test1/CMakeFiles/test1.dir/C_/Users/janeg/.pico-sdk/sdk/2.2.0/lib/tinyusb/src/class/vendor/vendor_device.c.obj
                0x10005a6c                vendord_init
 .text.vendord_deinit
                0x10005afc       0x30 examples/test1/CMakeFiles/test1.dir/C_/Users/janeg/.pico-sdk/sdk/2.2.0/lib/tinyusb/src/class/vendor/vendor_device.c.obj
                0x10005afc                vendord_deinit
 .text.vendord_reset
                0x10005b2c       0x48 examples/test1/CMakeFiles/test1.dir/C_/Users/janeg/.pico-sdk/sdk/2.2.0/lib/tinyusb/src/class/vendor/vendor_device.c.obj
                0x10005b2c                vendord_reset
 .text.vendord_open
                0x10005b74      0x144 examples/test1/CMakeFiles/test1.dir/C_/Users/janeg/.pico-sdk/sdk/2.2.0/lib/tinyusb/src/class/vendor/vendor_device.c.obj
                0x10005b74                vendord_open
 .text.vendord_xfer_cb
                0x10005cb8       0xb8 examples/test1/CMakeFiles/test1.dir/C_/Users/janeg/.pico-sdk/sdk/2.2.0/lib/tinyusb/src/class/vendor/vendor_device.c.obj
                0x10005cb8                vendord_xfer_cb
 .text.tusb_rhport_init
                0x10005d70       0xac examples/test1/CMakeFiles/test1.dir/C_/Users/janeg/.pico-sdk/sdk/2.2.0/lib/tinyusb/src/tusb.c.obj
                0x10005d70                tusb_rhport_init
 .text.tu_edpt_claim
                0x10005e1c       0x50 examples/test1/CMakeFiles/test1.dir/C_/Users/janeg/.pico-sdk/sdk/2.2.0/lib/tinyusb/src/tusb.c.obj
                0x10005e1c                tu_edpt_claim
 .text.tu_edpt_release
                0x10005e6c       0x3c examples/test1/CMakeFiles/test1.dir/C_/Users/janeg/.pico-sdk/sdk/2.2.0/lib/tinyusb/src/tusb.c.obj
                0x10005e6c                tu_edpt_release
 .text.tu_edpt_validate
                0x10005ea8       0xe0 examples/test1/CMakeFiles/test1.dir/C_/Users/janeg/.pico-sdk/sdk/2.2.0/lib/tinyusb/src/tusb.c.obj
                0x10005ea8                tu_edpt_validate
 .text.tu_edpt_bind_driver
                0x10005f88       0x4a examples/test1/CMakeFiles/test1.dir/C_/Users/janeg/.pico-sdk/sdk/2.2.0/lib/tinyusb/src/tusb.c.obj
                0x10005f88                tu_edpt_bind_driver
 .text.tu_edpt_stream_init
                0x10005fd2       0x54 examples/test1/CMakeFiles/test1.dir/C_/Users/janeg/.pico-sdk/sdk/2.2.0/lib/tinyusb/src/tusb.c.obj
                0x10005fd2                tu_edpt_stream_init
 .text.tu_edpt_stream_deinit
                0x10006026        0x4 examples/test1/CMakeFiles/test1.dir/C_/Users/janeg/.pico-sdk/sdk/2.2.0/lib/tinyusb/src/tusb.c.obj
                0x10006026                tu_edpt_stream_deinit
 *fill*         0x1000602a        0x2 
 .text.tu_edpt_stream_write_zlp_if_needed
                0x1000602c       0x90 examples/test1/CMakeFiles/test1.dir/C_/Users/janeg/.pico-sdk/sdk/2.2.0/lib/tinyusb/src/tusb.c.obj
                0x1000602c                tu_edpt_stream_write_zlp_if_needed
 .text.tu_edpt_stream_write_xfer
                0x100060bc       0x98 examples/test1/CMakeFiles/test1.dir/C_/Users/janeg/.pico-sdk/sdk/2.2.0/lib/tinyusb/src/tusb.c.obj
                0x100060bc                tu_edpt_stream_write_xfer
 .text.tu_edpt_stream_read_xfer
                0x10006154      0x118 examples/test1/CMakeFiles/test1.dir/C_/Users/janeg/.pico-sdk/sdk/2.2.0/lib/tinyusb/src/tusb.c.obj
                0x10006154                tu_edpt_stream_read_xfer
 .text.advance_index
                0x1000626c       0x1a examples/test1/CMakeFiles/test1.dir/C_/Users/janeg/.pico-sdk/sdk/2.2.0/lib/tinyusb/src/common/tusb_fifo.c.obj
 .text._tu_fifo_peek
                0x10006286       0x62 examples/test1/CMakeFiles/test1.dir/C_/Users/janeg/.pico-sdk/sdk/2.2.0/lib/tinyusb/src/common/tusb_fifo.c.obj
 .text._ff_pull_n
                0x100062e8       0x68 examples/test1/CMakeFiles/test1.dir/C_/Users/janeg/.pico-sdk/sdk/2.2.0/lib/tinyusb/src/common/tusb_fifo.c.obj
 .text._tu_fifo_peek_n
                0x10006350       0x6a examples/test1/CMakeFiles/test1.dir/C_/Users/janeg/.pico-sdk/sdk/2.2.0/lib/tinyusb/src/common/tusb_fifo.c.obj
 .text._tu_fifo_read_n
                0x100063ba       0x4c examples/test1/CMakeFiles/test1.dir/C_/Users/janeg/.pico-sdk/sdk/2.2.0/lib/tinyusb/src/common/tusb_fifo.c.obj
 .text._ff_push_n
                0x10006406       0x66 examples/test1/CMakeFiles/test1.dir/C_/Users/janeg/.pico-sdk/sdk/2.2.0/lib/tinyusb/src/common/tusb_fifo.c.obj
 .text._tu_fifo_write_n
                0x1000646c       0xf0 examples/test1/CMakeFiles/test1.dir/C_/Users/janeg/.pico-sdk/sdk/2.2.0/lib/tinyusb/src/common/tusb_fifo.c.obj
 .text.tu_fifo_config
                0x1000655c       0x62 examples/test1/CMakeFiles/test1.dir/C_/Users/janeg/.pico-sdk/sdk/2.2.0/lib/tinyusb/src/common/tusb_fifo.c.obj
                0x1000655c                tu_fifo_config
 .text.tu_fifo_count
                0x100065be       0x28 examples/test1/CMakeFiles/test1.dir/C_/Users/janeg/.pico-sdk/sdk/2.2.0/lib/tinyusb/src/common/tusb_fifo.c.obj
                0x100065be                tu_fifo_count
 .text.tu_fifo_empty
                0x100065e6       0x12 examples/test1/CMakeFiles/test1.dir/C_/Users/janeg/.pico-sdk/sdk/2.2.0/lib/tinyusb/src/common/tusb_fifo.c.obj
                0x100065e6                tu_fifo_empty
 .text.tu_fifo_full
                0x100065f8       0x28 examples/test1/CMakeFiles/test1.dir/C_/Users/janeg/.pico-sdk/sdk/2.2.0/lib/tinyusb/src/common/tusb_fifo.c.obj
                0x100065f8                tu_fifo_full
 .text.tu_fifo_remaining
                0x10006620       0x2c examples/test1/CMakeFiles/test1.dir/C_/Users/janeg/.pico-sdk/sdk/2.2.0/lib/tinyusb/src/common/tusb_fifo.c.obj
                0x10006620                tu_fifo_remaining
 .text.tu_fifo_read
                0x1000664c       0x3e examples/test1/CMakeFiles/test1.dir/C_/Users/janeg/.pico-sdk/sdk/2.2.0/lib/tinyusb/src/common/tusb_fifo.c.obj
                0x1000664c                tu_fifo_read
 .text.tu_fifo_read_n
                0x1000668a        0xa examples/test1/CMakeFiles/test1.dir/C_/Users/janeg/.pico-sdk/sdk/2.2.0/lib/tinyusb/src/common/tusb_fifo.c.obj
                0x1000668a                tu_fifo_read_n
 .text.tu_fifo_write
                0x10006694       0x5e examples/test1/CMakeFiles/test1.dir/C_/Users/janeg/.pico-sdk/sdk/2.2.0/lib/tinyusb/src/common/tusb_fifo.c.obj
                0x10006694                tu_fifo_write
 .text.tu_fifo_write_n
                0x100066f2        0xa examples/test1/CMakeFiles/test1.dir/C_/Users/janeg/.pico-sdk/sdk/2.2.0/lib/tinyusb/src/common/tusb_fifo.c.obj
                0x100066f2                tu_fifo_write_n
 .text.tu_fifo_clear
                0x100066fc       0x36 examples/test1/CMakeFiles/test1.dir/C_/Users/janeg/.pico-sdk/sdk/2.2.0/lib/tinyusb/src/common/tusb_fifo.c.obj
                0x100066fc                tu_fifo_clear
 .text.tu_fifo_set_overwritable
                0x10006732       0x3a examples/test1/CMakeFiles/test1.dir/C_/Users/janeg/.pico-sdk/sdk/2.2.0/lib/tinyusb/src/common/tusb_fifo.c.obj
                0x10006732                tu_fifo_set_overwritable
 .text.spi_unreset
                0x1000676c       0x2c examples/test1/CMakeFiles/test1.dir/C_/Users/janeg/.pico-sdk/sdk/2.2.0/src/rp2_common/hardware_spi/spi.c.obj
 .text.spi_set_baudrate
                0x10006798       0x7e examples/test1/CMakeFiles/test1.dir/C_/Users/janeg/.pico-sdk/sdk/2.2.0/src/rp2_common/hardware_spi/spi.c.obj
                0x10006798                spi_set_baudrate
 *fill*         0x10006816        0x2 
 .text.spi_init
                0x10006818       0x68 examples/test1/CMakeFiles/test1.dir/C_/Users/janeg/.pico-sdk/sdk/2.2.0/src/rp2_common/hardware_spi/spi.c.obj
                0x10006818                spi_init
 .text.sendto_IO_6
                0x10006880      0x194 examples/test1/CMakeFiles/test1.dir/__/__/libraries/ioLibrary_Driver/Ethernet/socket.c.obj
 .text.close    0x10006a14       0x78 examples/test1/CMakeFiles/test1.dir/__/__/libraries/ioLibrary_Driver/Ethernet/socket.c.obj
                0x10006a14                close
 .text.socket   0x10006a8c      0x268 examples/test1/CMakeFiles/test1.dir/__/__/libraries/ioLibrary_Driver/Ethernet/socket.c.obj
                0x10006a8c                socket
 .text.recvfrom_IO_6
                0x10006cf4      0x2a4 examples/test1/CMakeFiles/test1.dir/__/__/libraries/ioLibrary_Driver/Ethernet/socket.c.obj
 .text.listen   0x10006f98       0x6c examples/test1/CMakeFiles/test1.dir/__/__/libraries/ioLibrary_Driver/Ethernet/socket.c.obj
                0x10006f98                listen
 .text.disconnect
                0x10007004       0x9c examples/test1/CMakeFiles/test1.dir/__/__/libraries/ioLibrary_Driver/Ethernet/socket.c.obj
                0x10007004                disconnect
 .text.send     0x100070a0      0x108 examples/test1/CMakeFiles/test1.dir/__/__/libraries/ioLibrary_Driver/Ethernet/socket.c.obj
                0x100070a0                send
 .text.recv     0x100071a8       0xd8 examples/test1/CMakeFiles/test1.dir/__/__/libraries/ioLibrary_Driver/Ethernet/socket.c.obj
                0x100071a8                recv
 .text.sendto_W6x00
                0x10007280       0x18 examples/test1/CMakeFiles/test1.dir/__/__/libraries/ioLibrary_Driver/Ethernet/socket.c.obj
                0x10007280                sendto_W6x00
 .text.recvfrom_W6x00
                0x10007298       0x14 examples/test1/CMakeFiles/test1.dir/__/__/libraries/ioLibrary_Driver/Ethernet/socket.c.obj
                0x10007298                recvfrom_W6x00
 .text.wizchip_cris_enter
                0x100072ac        0x2 examples/test1/CMakeFiles/test1.dir/__/__/libraries/ioLibrary_Driver/Ethernet/wizchip_conf.c.obj
                0x100072ac                wizchip_cris_enter
 .text.wizchip_cris_exit
                0x100072ae        0x2 examples/test1/CMakeFiles/test1.dir/__/__/libraries/ioLibrary_Driver/Ethernet/wizchip_conf.c.obj
                0x100072ae                wizchip_cris_exit
 .text.wizchip_cs_select
                0x100072b0        0x2 examples/test1/CMakeFiles/test1.dir/__/__/libraries/ioLibrary_Driver/Ethernet/wizchip_conf.c.obj
                0x100072b0                wizchip_cs_select
 .text.wizchip_cs_deselect
                0x100072b2        0x2 examples/test1/CMakeFiles/test1.dir/__/__/libraries/ioLibrary_Driver/Ethernet/wizchip_conf.c.obj
                0x100072b2                wizchip_cs_deselect
 .text.wizchip_bus_readdata
                0x100072b4        0x4 examples/test1/CMakeFiles/test1.dir/__/__/libraries/ioLibrary_Driver/Ethernet/wizchip_conf.c.obj
                0x100072b4                wizchip_bus_readdata
 .text.wizchip_bus_writedata
                0x100072b8        0x4 examples/test1/CMakeFiles/test1.dir/__/__/libraries/ioLibrary_Driver/Ethernet/wizchip_conf.c.obj
                0x100072b8                wizchip_bus_writedata
 .text.wizchip_spi_readbyte
                0x100072bc        0x4 examples/test1/CMakeFiles/test1.dir/__/__/libraries/ioLibrary_Driver/Ethernet/wizchip_conf.c.obj
                0x100072bc                wizchip_spi_readbyte
 .text.wizchip_spi_writebyte
                0x100072c0        0x2 examples/test1/CMakeFiles/test1.dir/__/__/libraries/ioLibrary_Driver/Ethernet/wizchip_conf.c.obj
                0x100072c0                wizchip_spi_writebyte
 *fill*         0x100072c2        0x2 
 .text.wizchip_spi_readburst
                0x100072c4       0x24 examples/test1/CMakeFiles/test1.dir/__/__/libraries/ioLibrary_Driver/Ethernet/wizchip_conf.c.obj
                0x100072c4                wizchip_spi_readburst
 .text.wizchip_spi_writeburst
                0x100072e8       0x24 examples/test1/CMakeFiles/test1.dir/__/__/libraries/ioLibrary_Driver/Ethernet/wizchip_conf.c.obj
                0x100072e8                wizchip_spi_writeburst
 .text._spi_rbuf_u16
                0x1000730c       0x14 examples/test1/CMakeFiles/test1.dir/__/__/libraries/ioLibrary_Driver/Ethernet/wizchip_conf.c.obj
 .text._spi_wbuf_u16
                0x10007320       0x14 examples/test1/CMakeFiles/test1.dir/__/__/libraries/ioLibrary_Driver/Ethernet/wizchip_conf.c.obj
 .text.reg_wizchip_cris_cbfunc
                0x10007334       0x24 examples/test1/CMakeFiles/test1.dir/__/__/libraries/ioLibrary_Driver/Ethernet/wizchip_conf.c.obj
                0x10007334                reg_wizchip_cris_cbfunc
 .text.reg_wizchip_cs_cbfunc
                0x10007358       0x24 examples/test1/CMakeFiles/test1.dir/__/__/libraries/ioLibrary_Driver/Ethernet/wizchip_conf.c.obj
                0x10007358                reg_wizchip_cs_cbfunc
 .text.reg_wizchip_spi_cbfunc
                0x1000737c       0x7c examples/test1/CMakeFiles/test1.dir/__/__/libraries/ioLibrary_Driver/Ethernet/wizchip_conf.c.obj
                0x1000737c                reg_wizchip_spi_cbfunc
 .text.wizchip_sw_reset
                0x100073f8      0x13c examples/test1/CMakeFiles/test1.dir/__/__/libraries/ioLibrary_Driver/Ethernet/wizchip_conf.c.obj
                0x100073f8                wizchip_sw_reset
 .text.wizchip_init
                0x10007534       0x8a examples/test1/CMakeFiles/test1.dir/__/__/libraries/ioLibrary_Driver/Ethernet/wizchip_conf.c.obj
                0x10007534                wizchip_init
 *fill*         0x100075be        0x2 
 .text.wizchip_clrinterrupt
                0x100075c0       0x4c examples/test1/CMakeFiles/test1.dir/__/__/libraries/ioLibrary_Driver/Ethernet/wizchip_conf.c.obj
                0x100075c0                wizchip_clrinterrupt
 .text.wizchip_getinterrupt
                0x1000760c       0x2c examples/test1/CMakeFiles/test1.dir/__/__/libraries/ioLibrary_Driver/Ethernet/wizchip_conf.c.obj
                0x1000760c                wizchip_getinterrupt
 .text.wizchip_setinterruptmask
                0x10007638       0x30 examples/test1/CMakeFiles/test1.dir/__/__/libraries/ioLibrary_Driver/Ethernet/wizchip_conf.c.obj
                0x10007638                wizchip_setinterruptmask
 .text.wizchip_getinterruptmask
                0x10007668       0x2c examples/test1/CMakeFiles/test1.dir/__/__/libraries/ioLibrary_Driver/Ethernet/wizchip_conf.c.obj
                0x10007668                wizchip_getinterruptmask
 .text.wizphy_getphylink
                0x10007694       0x16 examples/test1/CMakeFiles/test1.dir/__/__/libraries/ioLibrary_Driver/Ethernet/wizchip_conf.c.obj
                0x10007694                wizphy_getphylink
 .text.wizphy_getphypmode
                0x100076aa       0x16 examples/test1/CMakeFiles/test1.dir/__/__/libraries/ioLibrary_Driver/Ethernet/wizchip_conf.c.obj
                0x100076aa                wizphy_getphypmode
 .text.wizphy_reset
                0x100076c0       0x26 examples/test1/CMakeFiles/test1.dir/__/__/libraries/ioLibrary_Driver/Ethernet/wizchip_conf.c.obj
                0x100076c0                wizphy_reset
 *fill*         0x100076e6        0x2 
 .text.wizphy_setphyconf
                0x100076e8       0x80 examples/test1/CMakeFiles/test1.dir/__/__/libraries/ioLibrary_Driver/Ethernet/wizchip_conf.c.obj
                0x100076e8                wizphy_setphyconf
 .text.wizphy_getphyconf
                0x10007768       0x38 examples/test1/CMakeFiles/test1.dir/__/__/libraries/ioLibrary_Driver/Ethernet/wizchip_conf.c.obj
                0x10007768                wizphy_getphyconf
 .text.wizphy_setphypmode
                0x100077a0       0x24 examples/test1/CMakeFiles/test1.dir/__/__/libraries/ioLibrary_Driver/Ethernet/wizchip_conf.c.obj
                0x100077a0                wizphy_setphypmode
 .text.ctlwizchip
                0x100077c4      0x1c8 examples/test1/CMakeFiles/test1.dir/__/__/libraries/ioLibrary_Driver/Ethernet/wizchip_conf.c.obj
                0x100077c4                ctlwizchip
 .text.wizchip_setnetinfo
                0x1000798c       0xc4 examples/test1/CMakeFiles/test1.dir/__/__/libraries/ioLibrary_Driver/Ethernet/wizchip_conf.c.obj
                0x1000798c                wizchip_setnetinfo
 .text.wizchip_getnetinfo
                0x10007a50       0xc4 examples/test1/CMakeFiles/test1.dir/__/__/libraries/ioLibrary_Driver/Ethernet/wizchip_conf.c.obj
                0x10007a50                wizchip_getnetinfo
 .text.wizchip_setnetmode
                0x10007b14       0x38 examples/test1/CMakeFiles/test1.dir/__/__/libraries/ioLibrary_Driver/Ethernet/wizchip_conf.c.obj
                0x10007b14                wizchip_setnetmode
 .text.wizchip_getnetmode
                0x10007b4c       0x30 examples/test1/CMakeFiles/test1.dir/__/__/libraries/ioLibrary_Driver/Ethernet/wizchip_conf.c.obj
                0x10007b4c                wizchip_getnetmode
 .text.wizchip_settimeout
                0x10007b7c       0x50 examples/test1/CMakeFiles/test1.dir/__/__/libraries/ioLibrary_Driver/Ethernet/wizchip_conf.c.obj
                0x10007b7c                wizchip_settimeout
 .text.wizchip_gettimeout
                0x10007bcc       0x54 examples/test1/CMakeFiles/test1.dir/__/__/libraries/ioLibrary_Driver/Ethernet/wizchip_conf.c.obj
                0x10007bcc                wizchip_gettimeout
 .text.ctlnetwork
                0x10007c20       0x70 examples/test1/CMakeFiles/test1.dir/__/__/libraries/ioLibrary_Driver/Ethernet/wizchip_conf.c.obj
                0x10007c20                ctlnetwork
 .text.WIZCHIP_WRITE
                0x10007c90       0x74 examples/test1/CMakeFiles/test1.dir/__/__/libraries/ioLibrary_Driver/Ethernet/W6100/w6100.c.obj
                0x10007c90                WIZCHIP_WRITE
 .text.WIZCHIP_READ
                0x10007d04       0x68 examples/test1/CMakeFiles/test1.dir/__/__/libraries/ioLibrary_Driver/Ethernet/W6100/w6100.c.obj
                0x10007d04                WIZCHIP_READ
 .text.WIZCHIP_WRITE_BUF
                0x10007d6c       0x88 examples/test1/CMakeFiles/test1.dir/__/__/libraries/ioLibrary_Driver/Ethernet/W6100/w6100.c.obj
                0x10007d6c                WIZCHIP_WRITE_BUF
 .text.WIZCHIP_READ_BUF
                0x10007df4       0x7c examples/test1/CMakeFiles/test1.dir/__/__/libraries/ioLibrary_Driver/Ethernet/W6100/w6100.c.obj
                0x10007df4                WIZCHIP_READ_BUF
 .text.getSn_TX_FSR
                0x10007e70       0x30 examples/test1/CMakeFiles/test1.dir/__/__/libraries/ioLibrary_Driver/Ethernet/W6100/w6100.c.obj
                0x10007e70                getSn_TX_FSR
 .text.getSn_RX_RSR
                0x10007ea0       0x30 examples/test1/CMakeFiles/test1.dir/__/__/libraries/ioLibrary_Driver/Ethernet/W6100/w6100.c.obj
                0x10007ea0                getSn_RX_RSR
 .text.wiz_send_data
                0x10007ed0       0x54 examples/test1/CMakeFiles/test1.dir/__/__/libraries/ioLibrary_Driver/Ethernet/W6100/w6100.c.obj
                0x10007ed0                wiz_send_data
 .text.wiz_recv_data
                0x10007f24       0x5a examples/test1/CMakeFiles/test1.dir/__/__/libraries/ioLibrary_Driver/Ethernet/W6100/w6100.c.obj
                0x10007f24                wiz_recv_data
 .text.wiz_recv_ignore
                0x10007f7e       0x48 examples/test1/CMakeFiles/test1.dir/__/__/libraries/ioLibrary_Driver/Ethernet/W6100/w6100.c.obj
                0x10007f7e                wiz_recv_ignore
 *fill*         0x10007fc6        0x2 
 .text.wiz_mdio_write
                0x10007fc8       0x40 examples/test1/CMakeFiles/test1.dir/__/__/libraries/ioLibrary_Driver/Ethernet/W6100/w6100.c.obj
                0x10007fc8                wiz_mdio_write
 .text.wiz_mdio_read
                0x10008008       0x44 examples/test1/CMakeFiles/test1.dir/__/__/libraries/ioLibrary_Driver/Ethernet/W6100/w6100.c.obj
                0x10008008                wiz_mdio_read
 .text.wizchip_select
                0x1000804c        0xc examples/test1/CMakeFiles/test1.dir/__/__/port/ioLibrary_Driver/src/wizchip_spi.c.obj
 .text.wizchip_deselect
                0x10008058        0xc examples/test1/CMakeFiles/test1.dir/__/__/port/ioLibrary_Driver/src/wizchip_spi.c.obj
 .text.wizchip_critical_section_lock
                0x10008064       0x2c examples/test1/CMakeFiles/test1.dir/__/__/port/ioLibrary_Driver/src/wizchip_spi.c.obj
 .text.wizchip_critical_section_unlock
                0x10008090       0x18 examples/test1/CMakeFiles/test1.dir/__/__/port/ioLibrary_Driver/src/wizchip_spi.c.obj
 .text.wizchip_write_buf
                0x100080a8       0x14 examples/test1/CMakeFiles/test1.dir/__/__/port/ioLibrary_Driver/src/wizchip_spi.c.obj
 .text.wizchip_write
                0x100080bc       0x20 examples/test1/CMakeFiles/test1.dir/__/__/port/ioLibrary_Driver/src/wizchip_spi.c.obj
 .text.wizchip_read_buf
                0x100080dc       0x14 examples/test1/CMakeFiles/test1.dir/__/__/port/ioLibrary_Driver/src/wizchip_spi.c.obj
 .text.wizchip_read
                0x100080f0       0x28 examples/test1/CMakeFiles/test1.dir/__/__/port/ioLibrary_Driver/src/wizchip_spi.c.obj
 .text.wizchip_reset
                0x10008118       0x2c examples/test1/CMakeFiles/test1.dir/__/__/port/ioLibrary_Driver/src/wizchip_spi.c.obj
                0x10008118                wizchip_reset
 .text.wizchip_spi_initialize
                0x10008144       0x40 examples/test1/CMakeFiles/test1.dir/__/__/port/ioLibrary_Driver/src/wizchip_spi.c.obj
                0x10008144                wizchip_spi_initialize
 .text.wizchip_cris_initialize
                0x10008184       0x20 examples/test1/CMakeFiles/test1.dir/__/__/port/ioLibrary_Driver/src/wizchip_spi.c.obj
                0x10008184                wizchip_cris_initialize
 .text.wizchip_initialize
                0x100081a4       0x90 examples/test1/CMakeFiles/test1.dir/__/__/port/ioLibrary_Driver/src/wizchip_spi.c.obj
                0x100081a4                wizchip_initialize
 .text.wizchip_check
                0x10008234       0x3c examples/test1/CMakeFiles/test1.dir/__/__/port/ioLibrary_Driver/src/wizchip_spi.c.obj
                0x10008234                wizchip_check
 .text.network_initialize
                0x10008270       0x30 examples/test1/CMakeFiles/test1.dir/__/__/port/ioLibrary_Driver/src/wizchip_spi.c.obj
                0x10008270                network_initialize
 .text.print_ipv6_addr
                0x100082a0       0x78 examples/test1/CMakeFiles/test1.dir/__/__/port/ioLibrary_Driver/src/wizchip_spi.c.obj
                0x100082a0                print_ipv6_addr
 .text.print_network_information
                0x10008318      0x12c examples/test1/CMakeFiles/test1.dir/__/__/port/ioLibrary_Driver/src/wizchip_spi.c.obj
                0x10008318                print_network_information
 .text.default_ip_assign
                0x10008444       0x3c examples/test1/CMakeFiles/test1.dir/__/__/libraries/ioLibrary_Driver/Internet/DHCP/dhcp.c.obj
                0x10008444                default_ip_assign
 .text.default_ip_update
                0x10008480       0x58 examples/test1/CMakeFiles/test1.dir/__/__/libraries/ioLibrary_Driver/Internet/DHCP/dhcp.c.obj
                0x10008480                default_ip_update
 .text.default_ip_conflict
                0x100084d8       0x54 examples/test1/CMakeFiles/test1.dir/__/__/libraries/ioLibrary_Driver/Internet/DHCP/dhcp.c.obj
                0x100084d8                default_ip_conflict
 .text.reg_dhcp_cbfunc
                0x1000852c       0x48 examples/test1/CMakeFiles/test1.dir/__/__/libraries/ioLibrary_Driver/Internet/DHCP/dhcp.c.obj
                0x1000852c                reg_dhcp_cbfunc
 .text.makeDHCPMSG
                0x10008574       0xf4 examples/test1/CMakeFiles/test1.dir/__/__/libraries/ioLibrary_Driver/Internet/DHCP/dhcp.c.obj
                0x10008574                makeDHCPMSG
 .text.send_DHCP_DECLINE
                0x10008668      0x100 examples/test1/CMakeFiles/test1.dir/__/__/libraries/ioLibrary_Driver/Internet/DHCP/dhcp.c.obj
                0x10008668                send_DHCP_DECLINE
 .text.parseDHCPMSG
                0x10008768      0x36c examples/test1/CMakeFiles/test1.dir/__/__/libraries/ioLibrary_Driver/Internet/DHCP/dhcp.c.obj
                0x10008768                parseDHCPMSG
 .text.check_DHCP_leasedIP
                0x10008ad4       0x70 examples/test1/CMakeFiles/test1.dir/__/__/libraries/ioLibrary_Driver/Internet/DHCP/dhcp.c.obj
                0x10008ad4                check_DHCP_leasedIP
 .text.reset_DHCP_timeout
                0x10008b44       0x20 examples/test1/CMakeFiles/test1.dir/__/__/libraries/ioLibrary_Driver/Internet/DHCP/dhcp.c.obj
                0x10008b44                reset_DHCP_timeout
 .text.DHCP_init
                0x10008b64       0xdc examples/test1/CMakeFiles/test1.dir/__/__/libraries/ioLibrary_Driver/Internet/DHCP/dhcp.c.obj
                0x10008b64                DHCP_init
 .text.DHCP_time_handler
                0x10008c40       0x10 examples/test1/CMakeFiles/test1.dir/__/__/libraries/ioLibrary_Driver/Internet/DHCP/dhcp.c.obj
                0x10008c40                DHCP_time_handler
 .text.getIPfromDHCP
                0x10008c50       0x18 examples/test1/CMakeFiles/test1.dir/__/__/libraries/ioLibrary_Driver/Internet/DHCP/dhcp.c.obj
                0x10008c50                getIPfromDHCP
 .text.getGWfromDHCP
                0x10008c68       0x18 examples/test1/CMakeFiles/test1.dir/__/__/libraries/ioLibrary_Driver/Internet/DHCP/dhcp.c.obj
                0x10008c68                getGWfromDHCP
 .text.getSNfromDHCP
                0x10008c80       0x18 examples/test1/CMakeFiles/test1.dir/__/__/libraries/ioLibrary_Driver/Internet/DHCP/dhcp.c.obj
                0x10008c80                getSNfromDHCP
 .text.getDNSfromDHCP
                0x10008c98       0x18 examples/test1/CMakeFiles/test1.dir/__/__/libraries/ioLibrary_Driver/Internet/DHCP/dhcp.c.obj
                0x10008c98                getDNSfromDHCP
 .text.getDHCPLeasetime
                0x10008cb0        0xc examples/test1/CMakeFiles/test1.dir/__/__/libraries/ioLibrary_Driver/Internet/DHCP/dhcp.c.obj
                0x10008cb0                getDHCPLeasetime
 .text.NibbleToHex
                0x10008cbc       0x10 examples/test1/CMakeFiles/test1.dir/__/__/libraries/ioLibrary_Driver/Internet/DHCP/dhcp.c.obj
                0x10008cbc                NibbleToHex
 .text.send_DHCP_DISCOVER
                0x10008ccc      0x1f0 examples/test1/CMakeFiles/test1.dir/__/__/libraries/ioLibrary_Driver/Internet/DHCP/dhcp.c.obj
                0x10008ccc                send_DHCP_DISCOVER
 .text.send_DHCP_REQUEST
                0x10008ebc      0x2a0 examples/test1/CMakeFiles/test1.dir/__/__/libraries/ioLibrary_Driver/Internet/DHCP/dhcp.c.obj
                0x10008ebc                send_DHCP_REQUEST
 .text.check_DHCP_timeout
                0x1000915c       0x98 examples/test1/CMakeFiles/test1.dir/__/__/libraries/ioLibrary_Driver/Internet/DHCP/dhcp.c.obj
                0x1000915c                check_DHCP_timeout
 .text.DHCP_run
                0x100091f4      0x1d0 examples/test1/CMakeFiles/test1.dir/__/__/libraries/ioLibrary_Driver/Internet/DHCP/dhcp.c.obj
                0x100091f4                DHCP_run
 .text.DNS_init
                0x100093c4       0x20 examples/test1/CMakeFiles/test1.dir/__/__/libraries/ioLibrary_Driver/Internet/DNS/dns.c.obj
                0x100093c4                DNS_init
 .text.DNS_time_handler
                0x100093e4       0x10 examples/test1/CMakeFiles/test1.dir/__/__/libraries/ioLibrary_Driver/Internet/DNS/dns.c.obj
                0x100093e4                DNS_time_handler
 .text.wizchip_1ms_timer_callback
                0x100093f4       0x10 examples/test1/CMakeFiles/test1.dir/__/__/port/timer/timer.c.obj
                0x100093f4                wizchip_1ms_timer_callback
 .text.add_repeating_timer_us
                0x10009404       0x24 examples/test1/CMakeFiles/test1.dir/__/__/port/timer/timer.c.obj
 .text.wizchip_1ms_timer_initialize
                0x10009428       0x30 examples/test1/CMakeFiles/test1.dir/__/__/port/timer/timer.c.obj
                0x10009428                wizchip_1ms_timer_initialize
 .text.wizchip_delay_ms
                0x10009458        0x8 examples/test1/CMakeFiles/test1.dir/__/__/port/timer/timer.c.obj
                0x10009458                wizchip_delay_ms
 .text.make_http_response_head
                0x10009460       0xec examples/test1/CMakeFiles/test1.dir/__/__/libraries/ioLibrary_Driver/Internet/httpServer/httpParser.c.obj
                0x10009460                make_http_response_head
 .text.find_http_uri_type
                0x1000954c      0x244 examples/test1/CMakeFiles/test1.dir/__/__/libraries/ioLibrary_Driver/Internet/httpServer/httpParser.c.obj
                0x1000954c                find_http_uri_type
 .text.parse_http_request
                0x10009790       0xb8 examples/test1/CMakeFiles/test1.dir/__/__/libraries/ioLibrary_Driver/Internet/httpServer/httpParser.c.obj
                0x10009790                parse_http_request
 .text.get_http_uri_name
                0x10009848       0x3c examples/test1/CMakeFiles/test1.dir/__/__/libraries/ioLibrary_Driver/Internet/httpServer/httpParser.c.obj
                0x10009848                get_http_uri_name
 .text.mid      0x10009884       0x32 examples/test1/CMakeFiles/test1.dir/__/__/libraries/ioLibrary_Driver/Internet/httpServer/httpParser.c.obj
                0x10009884                mid
 .text.default_mcu_reset
                0x100098b6        0x2 examples/test1/CMakeFiles/test1.dir/__/__/libraries/ioLibrary_Driver/Internet/httpServer/httpServer.c.obj
                0x100098b6                default_mcu_reset
 .text.getHTTPSocketNum
                0x100098b8        0xc examples/test1/CMakeFiles/test1.dir/__/__/libraries/ioLibrary_Driver/Internet/httpServer/httpServer.c.obj
 .text.getHTTPSequenceNum
                0x100098c4       0x24 examples/test1/CMakeFiles/test1.dir/__/__/libraries/ioLibrary_Driver/Internet/httpServer/httpServer.c.obj
 .text.http_disconnect
                0x100098e8       0x22 examples/test1/CMakeFiles/test1.dir/__/__/libraries/ioLibrary_Driver/Internet/httpServer/httpServer.c.obj
 *fill*         0x1000990a        0x2 
 .text.send_http_response_cgi
                0x1000990c       0x4c examples/test1/CMakeFiles/test1.dir/__/__/libraries/ioLibrary_Driver/Internet/httpServer/httpServer.c.obj
 .text.send_http_response_header
                0x10009958       0xb8 examples/test1/CMakeFiles/test1.dir/__/__/libraries/ioLibrary_Driver/Internet/httpServer/httpServer.c.obj
 .text.httpServer_Sockinit
                0x10009a10       0x1c examples/test1/CMakeFiles/test1.dir/__/__/libraries/ioLibrary_Driver/Internet/httpServer/httpServer.c.obj
                0x10009a10                httpServer_Sockinit
 .text.httpServer_init
                0x10009a2c       0x1c examples/test1/CMakeFiles/test1.dir/__/__/libraries/ioLibrary_Driver/Internet/httpServer/httpServer.c.obj
                0x10009a2c                httpServer_init
 .text.get_httpServer_timecount
                0x10009a48        0xc examples/test1/CMakeFiles/test1.dir/__/__/libraries/ioLibrary_Driver/Internet/httpServer/httpServer.c.obj
                0x10009a48                get_httpServer_timecount
 .text.reg_httpServer_webContent
                0x10009a54       0x5c examples/test1/CMakeFiles/test1.dir/__/__/libraries/ioLibrary_Driver/Internet/httpServer/httpServer.c.obj